Archive member included to satisfy reference by file (symbol)

c:/embeddedide/gcc-arm-embedded/bin/../lib/gcc/arm-none-eabi/6.3.1/thumb/v7e-m/fpv4-sp/hard\libgcc.a(_aeabi_uldivmod.o)
                              out/libs/lpc_chip_43xx/src/i2s_18xx_43xx.o (__aeabi_uldivmod)
c:/embeddedide/gcc-arm-embedded/bin/../lib/gcc/arm-none-eabi/6.3.1/thumb/v7e-m/fpv4-sp/hard\libgcc.a(_udivmoddi4.o)
                              c:/embeddedide/gcc-arm-embedded/bin/../lib/gcc/arm-none-eabi/6.3.1/thumb/v7e-m/fpv4-sp/hard\libgcc.a(_aeabi_uldivmod.o) (__udivmoddi4)
c:/embeddedide/gcc-arm-embedded/bin/../lib/gcc/arm-none-eabi/6.3.1/thumb/v7e-m/fpv4-sp/hard\libgcc.a(_dvmd_tls.o)
                              c:/embeddedide/gcc-arm-embedded/bin/../lib/gcc/arm-none-eabi/6.3.1/thumb/v7e-m/fpv4-sp/hard\libgcc.a(_aeabi_uldivmod.o) (__aeabi_ldiv0)
c:/embeddedide/gcc-arm-embedded/bin/../lib/gcc/arm-none-eabi/6.3.1/../../../../arm-none-eabi/lib/thumb/v7e-m/fpv4-sp/hard\libc_nano.a(lib_a-memcpy-stub.o)
                              out/libs/lpc_chip_43xx/src/ring_buffer.o (memcpy)
c:/embeddedide/gcc-arm-embedded/bin/../lib/gcc/arm-none-eabi/6.3.1/../../../../arm-none-eabi/lib/thumb/v7e-m/fpv4-sp/hard\libc_nano.a(lib_a-memset.o)
                              out/libs/lpc_chip_43xx/src/clock_18xx_43xx.o (memset)
c:/embeddedide/gcc-arm-embedded/bin/../lib/gcc/arm-none-eabi/6.3.1/../../../../arm-none-eabi/lib/thumb/v7e-m/fpv4-sp/hard\libc_nano.a(lib_a-strlen.o)
                              out/app/src/obtenerRegistro.o (strlen)

Allocating common symbols
Common symbol       size              file

SystemCoreClock     0x4               out/libs/lpc_chip_43xx/src/chip_18xx_43xx.o
tickCounter         0x8               out/libs/sapi/src/sapi_tick.o
tickRateMS          0x8               out/libs/sapi/src/sapi_tick.o

Discarded input sections

 .group         0x00000000        0x8 out/app/src/checkState.o
 .group         0x00000000        0x8 out/app/src/checkState.o
 .group         0x00000000        0x8 out/app/src/checkState.o
 .group         0x00000000        0x8 out/app/src/checkState.o
 .group         0x00000000        0x8 out/app/src/checkState.o
 .group         0x00000000        0x8 out/app/src/checkState.o
 .group         0x00000000        0x8 out/app/src/checkState.o
 .group         0x00000000        0x8 out/app/src/checkState.o
 .group         0x00000000        0x8 out/app/src/checkState.o
 .group         0x00000000        0x8 out/app/src/checkState.o
 .group         0x00000000        0x8 out/app/src/checkState.o
 .group         0x00000000        0x8 out/app/src/checkState.o
 .group         0x00000000        0x8 out/app/src/checkState.o
 .group         0x00000000        0x8 out/app/src/checkState.o
 .group         0x00000000        0x8 out/app/src/checkState.o
 .group         0x00000000        0x8 out/app/src/checkState.o
 .group         0x00000000        0x8 out/app/src/checkState.o
 .group         0x00000000        0x8 out/app/src/checkState.o
 .group         0x00000000        0x8 out/app/src/checkState.o
 .group         0x00000000        0x8 out/app/src/checkState.o
 .group         0x00000000        0x8 out/app/src/checkState.o
 .group         0x00000000        0x8 out/app/src/checkState.o
 .group         0x00000000        0x8 out/app/src/checkState.o
 .group         0x00000000        0x8 out/app/src/checkState.o
 .group         0x00000000        0x8 out/app/src/checkState.o
 .group         0x00000000        0x8 out/app/src/checkState.o
 .group         0x00000000        0x8 out/app/src/checkState.o
 .group         0x00000000        0x8 out/app/src/checkState.o
 .group         0x00000000        0x8 out/app/src/checkState.o
 .group         0x00000000        0x8 out/app/src/checkState.o
 .group         0x00000000        0x8 out/app/src/checkState.o
 .group         0x00000000        0x8 out/app/src/checkState.o
 .group         0x00000000        0x8 out/app/src/checkState.o
 .group         0x00000000        0x8 out/app/src/checkState.o
 .group         0x00000000        0x8 out/app/src/checkState.o
 .group         0x00000000        0x8 out/app/src/checkState.o
 .group         0x00000000        0x8 out/app/src/checkState.o
 .group         0x00000000        0x8 out/app/src/checkState.o
 .group         0x00000000        0x8 out/app/src/checkState.o
 .group         0x00000000        0x8 out/app/src/checkState.o
 .group         0x00000000        0x8 out/app/src/checkState.o
 .group         0x00000000        0x8 out/app/src/checkState.o
 .group         0x00000000        0x8 out/app/src/checkState.o
 .group         0x00000000        0x8 out/app/src/checkState.o
 .group         0x00000000        0x8 out/app/src/checkState.o
 .group         0x00000000        0x8 out/app/src/checkState.o
 .group         0x00000000        0x8 out/app/src/checkState.o
 .group         0x00000000        0x8 out/app/src/checkState.o
 .group         0x00000000        0x8 out/app/src/checkState.o
 .group         0x00000000        0x8 out/app/src/checkState.o
[...]
Memory Configuration

Name             Origin             Length             Attributes
MFlashA512       0x1a000000         0x00080000         xr
MFlashB512       0x1b000000         0x00080000         xr
RamLoc32         0x10000000         0x00008000         xrw
RamLoc40         0x10080000         0x0000a000         xrw
RamAHB32         0x20000000         0x00008000         xrw
RamAHB16         0x20008000         0x00004000         xrw
RamAHB_ETB16     0x2000c000         0x00004000         xrw
*default*        0x00000000         0xffffffff

Linker script and memory map

LOAD out/app/src/checkState.o
LOAD out/app/src/itoa.o
LOAD out/app/src/obtenerDatos.o
LOAD out/app/src/obtenerRegistro.o
LOAD out/app/src/programa.o
LOAD out/app/src/sdCard.o
LOAD out/app/src/stateMachine.o
LOAD out/app/src/string.o
LOAD out/app/src/usbSend.o
LOAD out/libs/lpc_chip_43xx/src/adc_18xx_43xx.o
LOAD out/libs/lpc_chip_43xx/src/aes_18xx_43xx.o
LOAD out/libs/lpc_chip_43xx/src/atimer_18xx_43xx.o
LOAD out/libs/lpc_chip_43xx/src/ccan_18xx_43xx.o
LOAD out/libs/lpc_chip_43xx/src/chip_18xx_43xx.o
LOAD out/libs/lpc_chip_43xx/src/clock_18xx_43xx.o
LOAD out/libs/lpc_chip_43xx/src/dac_18xx_43xx.o
LOAD out/libs/lpc_chip_43xx/src/eeprom_18xx_43xx.o
LOAD out/libs/lpc_chip_43xx/src/emc_18xx_43xx.o
LOAD out/libs/lpc_chip_43xx/src/enet_18xx_43xx.o
LOAD out/libs/lpc_chip_43xx/src/evrt_18xx_43xx.o
LOAD out/libs/lpc_chip_43xx/src/fpu_init.o
LOAD out/libs/lpc_chip_43xx/src/gpdma_18xx_43xx.o
LOAD out/libs/lpc_chip_43xx/src/gpio_18xx_43xx.o
LOAD out/libs/lpc_chip_43xx/src/gpiogroup_18xx_43xx.o
LOAD out/libs/lpc_chip_43xx/src/hsadc_18xx_43xx.o
LOAD out/libs/lpc_chip_43xx/src/i2c_18xx_43xx.o
LOAD out/libs/lpc_chip_43xx/src/i2cm_18xx_43xx.o
LOAD out/libs/lpc_chip_43xx/src/i2s_18xx_43xx.o
LOAD out/libs/lpc_chip_43xx/src/iap_18xx_43xx.o
LOAD out/libs/lpc_chip_43xx/src/lcd_18xx_43xx.o
LOAD out/libs/lpc_chip_43xx/src/otp_18xx_43xx.o
LOAD out/libs/lpc_chip_43xx/src/pinint_18xx_43xx.o
LOAD out/libs/lpc_chip_43xx/src/pmc_18xx_43xx.o
LOAD out/libs/lpc_chip_43xx/src/ring_buffer.o
LOAD out/libs/lpc_chip_43xx/src/ritimer_18xx_43xx.o
LOAD out/libs/lpc_chip_43xx/src/rtc_18xx_43xx.o
LOAD out/libs/lpc_chip_43xx/src/sct_18xx_43xx.o
LOAD out/libs/lpc_chip_43xx/src/sct_pwm_18xx_43xx.o
LOAD out/libs/lpc_chip_43xx/src/sdif_18xx_43xx.o
LOAD out/libs/lpc_chip_43xx/src/sdio_18xx_43xx.o
LOAD out/libs/lpc_chip_43xx/src/sdmmc_18xx_43xx.o
LOAD out/libs/lpc_chip_43xx/src/spi_18xx_43xx.o
LOAD out/libs/lpc_chip_43xx/src/ssp_18xx_43xx.o
LOAD out/libs/lpc_chip_43xx/src/stopwatch_18xx_43xx.o
LOAD out/libs/lpc_chip_43xx/src/sysinit_18xx_43xx.o
LOAD out/libs/lpc_chip_43xx/src/timer_18xx_43xx.o
LOAD out/libs/lpc_chip_43xx/src/uart_18xx_43xx.o
LOAD out/libs/lpc_chip_43xx/src/wwdt_18xx_43xx.o
LOAD out/libs/lpc_board_ciaa_edu_4337/src/board.o
LOAD out/libs/lpc_board_ciaa_edu_4337/src/board_sysinit.o
LOAD out/libs/lpc_board_ciaa_edu_4337/src/cr_startup_lpc43xx.o
LOAD out/libs/lpc_board_ciaa_edu_4337/src/crp.o
LOAD out/libs/lpc_board_ciaa_edu_4337/src/sysinit.o
LOAD out/libs/lpc_board_ciaa_edu_4337/src/system.o
LOAD out/libs/sapi/src/sapi_7_segment_display.o
LOAD out/libs/sapi/src/sapi_adc.o
LOAD out/libs/sapi/src/sapi_board.o
LOAD out/libs/sapi/src/sapi_circularBuffer.o
LOAD out/libs/sapi/src/sapi_dac.o
LOAD out/libs/sapi/src/sapi_datatypes.o
LOAD out/libs/sapi/src/sapi_delay.o
LOAD out/libs/sapi/src/sapi_gpio.o
LOAD out/libs/sapi/src/sapi_hmc5883l.o
LOAD out/libs/sapi/src/sapi_i2c.o
LOAD out/libs/sapi/src/sapi_keypad.o
LOAD out/libs/sapi/src/sapi_pwm.o
LOAD out/libs/sapi/src/sapi_rtc.o
LOAD out/libs/sapi/src/sapi_sct.o
LOAD out/libs/sapi/src/sapi_servo.o
LOAD out/libs/sapi/src/sapi_sleep.o
LOAD out/libs/sapi/src/sapi_spi.o
LOAD out/libs/sapi/src/sapi_tick.o
LOAD out/libs/sapi/src/sapi_timer.o
LOAD out/libs/sapi/src/sapi_uart.o
LOAD out/libs/fatfs_ssp/src/ff.o
LOAD out/libs/fatfs_ssp/src/mmc.o
LOAD out/libs/fatfs_ssp/src/rtc.o
START GROUP
LOAD c:/embeddedide/gcc-arm-embedded/bin/../lib/gcc/arm-none-eabi/6.3.1/thumb/v7e-m/fpv4-sp/hard\libgcc.a
LOAD c:/embeddedide/gcc-arm-embedded/bin/../lib/gcc/arm-none-eabi/6.3.1/../../../../arm-none-eabi/lib/thumb/v7e-m/fpv4-sp/hard\libc_nano.a
END GROUP
START GROUP
LOAD c:/embeddedide/gcc-arm-embedded/bin/../lib/gcc/arm-none-eabi/6.3.1/thumb/v7e-m/fpv4-sp/hard\libgcc.a
LOAD c:/embeddedide/gcc-arm-embedded/bin/../lib/gcc/arm-none-eabi/6.3.1/../../../../arm-none-eabi/lib/thumb/v7e-m/fpv4-sp/hard\libc_nano.a
END GROUP
START GROUP
LOAD c:/embeddedide/gcc-arm-embedded/bin/../lib/gcc/arm-none-eabi/6.3.1/thumb/v7e-m/fpv4-sp/hard\libgcc.a
LOAD c:/embeddedide/gcc-arm-embedded/bin/../lib/gcc/arm-none-eabi/6.3.1/../../../../arm-none-eabi/lib/thumb/v7e-m/fpv4-sp/hard\libc.a
LOAD c:/embeddedide/gcc-arm-embedded/bin/../lib/gcc/arm-none-eabi/6.3.1/../../../../arm-none-eabi/lib/thumb/v7e-m/fpv4-sp/hard\libm.a
END GROUP
                0x1a080000                __top_MFlashA512 = 0x1a080000
                0x1b080000                __top_MFlashB512 = 0x1b080000
                0x10008000                __top_RamLoc32 = 0x10008000
                0x1008a000                __top_RamLoc40 = 0x1008a000
                0x20008000                __top_RamAHB32 = 0x20008000
                0x2000c000                __top_RamAHB16 = 0x2000c000
                0x20010000                __top_RamAHB_ETB16 = 0x20010000

.text_Flash2    0x1b000000        0x0
 FILL mask 0xff
 *(.text_Flash2*)
 *(.text_MFlashB512*)
 *(.text.$Flash2*)
 *(.text.$MFlashB512*)
 *(.rodata.$Flash2*)
 *(.rodata.$MFlashB512*)

.text           0x1a000000     0x202c
 FILL mask 0xff
                0x1a000000                __vectors_start__ = ABSOLUTE (.)
 *(.isr_vector)
 .isr_vector    0x1a000000      0x114 out/libs/lpc_board_ciaa_edu_4337/src/cr_startup_lpc43xx.o
                0x1a000000                g_pfnVectors
                0x1a000114                . = ALIGN (0x4)
                0x1a000114                __section_table_start = .
                0x1a000114                __data_section_table = .
                0x1a000114        0x4 LONG 0x1a002034 LOADADDR (.data)
                0x1a000118        0x4 LONG 0x10000000 ADDR (.data)
                0x1a00011c        0x4 LONG 0x84 SIZEOF (.data)
                0x1a000120        0x4 LONG 0x1a002034 LOADADDR (.data_RAM2)
                0x1a000124        0x4 LONG 0x10080000 ADDR (.data_RAM2)
                0x1a000128        0x4 LONG 0x0 SIZEOF (.data_RAM2)
                0x1a00012c        0x4 LONG 0x1a002034 LOADADDR (.data_RAM3)
                0x1a000130        0x4 LONG 0x20000000 ADDR (.data_RAM3)
                0x1a000134        0x4 LONG 0x0 SIZEOF (.data_RAM3)
                0x1a000138        0x4 LONG 0x1a002034 LOADADDR (.data_RAM4)
                0x1a00013c        0x4 LONG 0x20008000 ADDR (.data_RAM4)
                0x1a000140        0x4 LONG 0x0 SIZEOF (.data_RAM4)
                0x1a000144        0x4 LONG 0x1a002034 LOADADDR (.data_RAM5)
                0x1a000148        0x4 LONG 0x2000c000 ADDR (.data_RAM5)
                0x1a00014c        0x4 LONG 0x0 SIZEOF (.data_RAM5)
                0x1a000150                __data_section_table_end = .
                0x1a000150                __bss_section_table = .
                0x1a000150        0x4 LONG 0x10000088 ADDR (.bss)
                0x1a000154        0x4 LONG 0x20 SIZEOF (.bss)
                0x1a000158        0x4 LONG 0x10080000 ADDR (.bss_RAM2)
                0x1a00015c        0x4 LONG 0x0 SIZEOF (.bss_RAM2)
                0x1a000160        0x4 LONG 0x20000000 ADDR (.bss_RAM3)
                0x1a000164        0x4 LONG 0x0 SIZEOF (.bss_RAM3)
                0x1a000168        0x4 LONG 0x20008000 ADDR (.bss_RAM4)
                0x1a00016c        0x4 LONG 0x0 SIZEOF (.bss_RAM4)
                0x1a000170        0x4 LONG 0x2000c000 ADDR (.bss_RAM5)
                0x1a000174        0x4 LONG 0x0 SIZEOF (.bss_RAM5)
                0x1a000178                __bss_section_table_end = .
                0x1a000178                __section_table_end = .
 *(.after_vectors*)
 .after_vectors
                0x1a000178       0x44 out/libs/lpc_board_ciaa_edu_4337/src/cr_startup_lpc43xx.o
                0x1a000178                NMI_Handler
                0x1a00017a                HardFault_Handler
                0x1a00017c                MemManage_Handler
                0x1a00017e                BusFault_Handler
                0x1a000180                UsageFault_Handler
                0x1a000182                SVC_Handler
                0x1a000184                DebugMon_Handler
                0x1a000186                PendSV_Handler
                0x1a00018a                ATIMER_IRQHandler
                0x1a00018a                SDIO_IRQHandler
                0x1a00018a                I2C1_IRQHandler
                0x1a00018a                UART1_IRQHandler
                0x1a00018a                GPIO5_IRQHandler
                0x1a00018a                CAN1_IRQHandler
                0x1a00018a                USB1_IRQHandler
                0x1a00018a                I2S0_IRQHandler
                0x1a00018a                GINT1_IRQHandler
                0x1a00018a                SGPIO_IRQHandler
                0x1a00018a                ADC0_IRQHandler
                0x1a00018a                I2C0_IRQHandler
                0x1a00018a                GPIO6_IRQHandler
                0x1a00018a                IntDefaultHandler
                0x1a00018a                GPIO1_IRQHandler
                0x1a00018a                SSP0_IRQHandler
                0x1a00018a                FLASH_EEPROM_IRQHandler
                0x1a00018a                RTC_IRQHandler
                0x1a00018a                SPI_IRQHandler
                0x1a00018a                LCD_IRQHandler
                0x1a00018a                M0APP_IRQHandler
                0x1a00018a                GPIO2_IRQHandler
                0x1a00018a                I2S1_IRQHandler
                0x1a00018a                SSP1_IRQHandler
                0x1a00018a                USB0_IRQHandler
                0x1a00018a                GPIO3_IRQHandler
                0x1a00018a                SCT_IRQHandler
                0x1a00018a                ADCHS_IRQHandler
                0x1a00018a                WDT_IRQHandler
                0x1a00018a                RIT_IRQHandler
                0x1a00018a                GPIO7_IRQHandler
                0x1a00018a                SPIFI_IRQHandler
                0x1a00018a                QEI_IRQHandler
                0x1a00018a                ETH_IRQHandler
                0x1a00018a                CAN0_IRQHandler
                0x1a00018a                GINT0_IRQHandler
                0x1a00018a                DAC_IRQHandler
                0x1a00018a                M0SUB_IRQHandler
                0x1a00018a                DMA_IRQHandler
                0x1a00018a                EVRT_IRQHandler
                0x1a00018a                ADC1_IRQHandler
                0x1a00018a                MCPWM_IRQHandler
                0x1a00018a                GPIO4_IRQHandler
                0x1a00018c                data_init
                0x1a0001aa                bss_init
 .after_vectors
                0x1a0001bc        0x2 out/libs/sapi/src/sapi_uart.o
                0x1a0001bc                UART0_IRQHandler
                0x000002fc                . = 0x2fc
 *fill*         0x1a0001be      0x13e ff
                0x1a0002fc                PROVIDE (__CRP_WORD_START__, .)
 *(.crp)
 .crp           0x1a0002fc        0x4 out/libs/lpc_board_ciaa_edu_4337/src/crp.o
                0x1a0002fc                CRP_WORD
                0x1a000300                PROVIDE (__CRP_WORD_END__, .)
                0x00000001                ASSERT (! ((__CRP_WORD_START__ == __CRP_WORD_END__)), Linker CRP Enabled, but no CRP_WORD provided within application)
 *(.text*)
 .text.check_state
                0x1a000300       0x40 out/app/src/checkState.o
                0x1a000300                check_state
 .text.obtenerDatos
                0x1a000340       0x30 out/app/src/obtenerDatos.o
                0x1a000340                obtenerDatos
 .text.GPIO0_IRQHandler
                0x1a000370       0x20 out/app/src/programa.o
                0x1a000370                GPIO0_IRQHandler
 .text.main     0x1a000390       0x5c out/app/src/programa.o
                0x1a000390                main
 .text.stateMachine
                0x1a0003ec      0x1ac out/app/src/stateMachine.o
                0x1a0003ec                stateMachine
 .text.SystemCoreClockUpdate
                0x1a000598       0x14 out/libs/lpc_chip_43xx/src/chip_18xx_43xx.o
                0x1a000598                SystemCoreClockUpdate
 .text.pll_calc_divs
                0x1a0005ac       0xa0 out/libs/lpc_chip_43xx/src/clock_18xx_43xx.o
 .text.pll_get_frac
                0x1a00064c      0x100 out/libs/lpc_chip_43xx/src/clock_18xx_43xx.o
 .text.Chip_Clock_FindBaseClock
                0x1a00074c       0x4c out/libs/lpc_chip_43xx/src/clock_18xx_43xx.o
 .text.Chip_Clock_EnableCrystal
                0x1a000798       0x4c out/libs/lpc_chip_43xx/src/clock_18xx_43xx.o
                0x1a000798                Chip_Clock_EnableCrystal
 .text.Chip_Clock_GetDividerSource
                0x1a0007e4       0x1c out/libs/lpc_chip_43xx/src/clock_18xx_43xx.o
                0x1a0007e4                Chip_Clock_GetDividerSource
 .text.Chip_Clock_GetDividerDivisor
                0x1a000800       0x1c out/libs/lpc_chip_43xx/src/clock_18xx_43xx.o
                0x1a000800                Chip_Clock_GetDividerDivisor
 .text.Chip_Clock_GetClockInputHz
                0x1a00081c       0xb8 out/libs/lpc_chip_43xx/src/clock_18xx_43xx.o
                0x1a00081c                Chip_Clock_GetClockInputHz
 .text.Chip_Clock_CalcMainPLLValue
                0x1a0008d4       0x80 out/libs/lpc_chip_43xx/src/clock_18xx_43xx.o
                0x1a0008d4                Chip_Clock_CalcMainPLLValue
 .text.Chip_Clock_GetMainPLLHz
                0x1a000954       0x6c out/libs/lpc_chip_43xx/src/clock_18xx_43xx.o
                0x1a000954                Chip_Clock_GetMainPLLHz
 .text.Chip_Clock_GetDivRate
                0x1a0009c0       0x22 out/libs/lpc_chip_43xx/src/clock_18xx_43xx.o
 *fill*         0x1a0009e2        0x2 ff
 .text.Chip_Clock_SetBaseClock
                0x1a0009e4       0x58 out/libs/lpc_chip_43xx/src/clock_18xx_43xx.o
                0x1a0009e4                Chip_Clock_SetBaseClock
 .text.Chip_Clock_GetBaseClock
                0x1a000a3c       0x26 out/libs/lpc_chip_43xx/src/clock_18xx_43xx.o
                0x1a000a3c                Chip_Clock_GetBaseClock
 .text.Chip_Clock_GetBaseClocktHz
                0x1a000a62        0xc out/libs/lpc_chip_43xx/src/clock_18xx_43xx.o
                0x1a000a62                Chip_Clock_GetBaseClocktHz
 *fill*         0x1a000a6e        0x2 ff
 .text.Chip_Clock_EnableOpts
                0x1a000a70       0x3c out/libs/lpc_chip_43xx/src/clock_18xx_43xx.o
                0x1a000a70                Chip_Clock_EnableOpts
 .text.Chip_Clock_Enable
                0x1a000aac       0x34 out/libs/lpc_chip_43xx/src/clock_18xx_43xx.o
                0x1a000aac                Chip_Clock_Enable
 .text.Chip_Clock_GetRate
                0x1a000ae0       0x4c out/libs/lpc_chip_43xx/src/clock_18xx_43xx.o
                0x1a000ae0                Chip_Clock_GetRate
 .text.fpuInit  0x1a000b2c       0x54 out/libs/lpc_chip_43xx/src/fpu_init.o
                0x1a000b2c                fpuInit
 .text.Chip_GPIO_Init
                0x1a000b80        0x2 out/libs/lpc_chip_43xx/src/gpio_18xx_43xx.o
                0x1a000b80                Chip_GPIO_Init
 .text.Chip_GPIO_SetDir
                0x1a000b82       0x24 out/libs/lpc_chip_43xx/src/gpio_18xx_43xx.o
                0x1a000b82                Chip_GPIO_SetDir
 *fill*         0x1a000ba6        0x2 ff
 .text.Chip_I2C_EventHandler
                0x1a000ba8       0x20 out/libs/lpc_chip_43xx/src/i2c_18xx_43xx.o
                0x1a000ba8                Chip_I2C_EventHandler
 .text.handleMasterXferState
                0x1a000bc8      0x122 out/libs/lpc_chip_43xx/src/i2c_18xx_43xx.o
                0x1a000bc8                handleMasterXferState
 *fill*         0x1a000cea        0x2 ff
 .text.Chip_I2C_Init
                0x1a000cec       0x24 out/libs/lpc_chip_43xx/src/i2c_18xx_43xx.o
                0x1a000cec                Chip_I2C_Init
 .text.Chip_I2C_SetClockRate
                0x1a000d10       0x38 out/libs/lpc_chip_43xx/src/i2c_18xx_43xx.o
                0x1a000d10                Chip_I2C_SetClockRate
 .text.Chip_I2C_SetMasterEventHandler
                0x1a000d48       0x30 out/libs/lpc_chip_43xx/src/i2c_18xx_43xx.o
                0x1a000d48                Chip_I2C_SetMasterEventHandler
 .text.Chip_I2C_MasterStateHandler
                0x1a000d78       0x34 out/libs/lpc_chip_43xx/src/i2c_18xx_43xx.o
                0x1a000d78                Chip_I2C_MasterStateHandler
 .text.Chip_I2C_IsStateChanged
                0x1a000dac       0x18 out/libs/lpc_chip_43xx/src/i2c_18xx_43xx.o
                0x1a000dac                Chip_I2C_IsStateChanged
 .text.Chip_I2C_EventHandlerPolling
                0x1a000dc4       0x38 out/libs/lpc_chip_43xx/src/i2c_18xx_43xx.o
                0x1a000dc4                Chip_I2C_EventHandlerPolling
 .text.Chip_I2CM_XferHandler
                0x1a000dfc      0x11e out/libs/lpc_chip_43xx/src/i2cm_18xx_43xx.o
                0x1a000dfc                Chip_I2CM_XferHandler
 .text.Chip_I2CM_Xfer
                0x1a000f1a        0xe out/libs/lpc_chip_43xx/src/i2cm_18xx_43xx.o
                0x1a000f1a                Chip_I2CM_Xfer
 .text.Chip_I2CM_XferBlocking
                0x1a000f28       0x24 out/libs/lpc_chip_43xx/src/i2cm_18xx_43xx.o
                0x1a000f28                Chip_I2CM_XferBlocking
 .text.Chip_SetupCoreClock
                0x1a000f4c      0x158 out/libs/lpc_chip_43xx/src/sysinit_18xx_43xx.o
                0x1a000f4c                Chip_SetupCoreClock
 .text.Chip_UART_GetIndex
                0x1a0010a4       0x2c out/libs/lpc_chip_43xx/src/uart_18xx_43xx.o
 .text.Chip_UART_Init
                0x1a0010d0       0x54 out/libs/lpc_chip_43xx/src/uart_18xx_43xx.o
                0x1a0010d0                Chip_UART_Init
 .text.Chip_UART_SetBaud
                0x1a001124       0x40 out/libs/lpc_chip_43xx/src/uart_18xx_43xx.o
                0x1a001124                Chip_UART_SetBaud
 .text.Chip_UART_SetBaudFDR
                0x1a001164       0xe8 out/libs/lpc_chip_43xx/src/uart_18xx_43xx.o
                0x1a001164                Chip_UART_SetBaudFDR
 .text.Board_LED_Init
                0x1a00124c       0x44 out/libs/lpc_board_ciaa_edu_4337/src/board.o
 .text.Board_UART_Init
                0x1a001290       0x14 out/libs/lpc_board_ciaa_edu_4337/src/board.o
                0x1a001290                Board_UART_Init
 .text.Board_Debug_Init
                0x1a0012a4       0x28 out/libs/lpc_board_ciaa_edu_4337/src/board.o
                0x1a0012a4                Board_Debug_Init
 .text.Board_Init
                0x1a0012cc       0x28 out/libs/lpc_board_ciaa_edu_4337/src/board.o
                0x1a0012cc                Board_Init
 .text.Board_SetupMuxing
                0x1a0012f4       0x38 out/libs/lpc_board_ciaa_edu_4337/src/board_sysinit.o
                0x1a0012f4                Board_SetupMuxing
 .text.Board_SetupClocking
                0x1a00132c       0x6c out/libs/lpc_board_ciaa_edu_4337/src/board_sysinit.o
                0x1a00132c                Board_SetupClocking
 .text.Board_SystemInit
                0x1a001398        0xc out/libs/lpc_board_ciaa_edu_4337/src/board_sysinit.o
                0x1a001398                Board_SystemInit
 .text.ResetISR
                0x1a0013a4       0x7c out/libs/lpc_board_ciaa_edu_4337/src/cr_startup_lpc43xx.o
                0x1a0013a4                ResetISR
 .text.SystemInit
                0x1a001420        0xc out/libs/lpc_board_ciaa_edu_4337/src/sysinit.o
                0x1a001420                SystemInit
 .text.boardConfig
                0x1a00142c       0xee out/libs/sapi/src/sapi_board.o
                0x1a00142c                boardConfig
 .text.sAPI_NullFuncPtr
                0x1a00151a        0x4 out/libs/sapi/src/sapi_datatypes.o
                0x1a00151a                sAPI_NullFuncPtr
 *fill*         0x1a00151e        0x2 ff
 .text.gpioObtainPinConfig
                0x1a001520       0x34 out/libs/sapi/src/sapi_gpio.o
 .text.gpioConfig
                0x1a001554      0x174 out/libs/sapi/src/sapi_gpio.o
                0x1a001554                gpioConfig
 .text.gpioWrite
                0x1a0016c8       0x56 out/libs/sapi/src/sapi_gpio.o
                0x1a0016c8                gpioWrite
 .text.gpioRead
                0x1a00171e       0x54 out/libs/sapi/src/sapi_gpio.o
                0x1a00171e                gpioRead
 .text.gpioToggle
                0x1a001772       0x16 out/libs/sapi/src/sapi_gpio.o
                0x1a001772                gpioToggle
 .text.i2cHardwareConfig
                0x1a001788       0x30 out/libs/sapi/src/sapi_i2c.o
 .text.i2cHardwareRead
                0x1a0017b8       0x3c out/libs/sapi/src/sapi_i2c.o
 .text.i2cConfig
                0x1a0017f4        0xe out/libs/sapi/src/sapi_i2c.o
                0x1a0017f4                i2cConfig
 .text.i2cRead  0x1a001802       0x28 out/libs/sapi/src/sapi_i2c.o
                0x1a001802                i2cRead
 *fill*         0x1a00182a        0x2 ff
 .text.tickConfig
                0x1a00182c       0x78 out/libs/sapi/src/sapi_tick.o
                0x1a00182c                tickConfig
 .text.SysTick_Handler
                0x1a0018a4       0x24 out/libs/sapi/src/sapi_tick.o
                0x1a0018a4                SysTick_Handler
 .text.errorOcurred
                0x1a0018c8        0x2 out/libs/sapi/src/sapi_timer.o
 .text.doNothing
                0x1a0018ca        0x2 out/libs/sapi/src/sapi_timer.o
 .text.TIMER0_IRQHandler
                0x1a0018cc       0x40 out/libs/sapi/src/sapi_timer.o
                0x1a0018cc                TIMER0_IRQHandler
 .text.TIMER1_IRQHandler
                0x1a00190c       0x40 out/libs/sapi/src/sapi_timer.o
                0x1a00190c                TIMER1_IRQHandler
 .text.TIMER2_IRQHandler
                0x1a00194c       0x44 out/libs/sapi/src/sapi_timer.o
                0x1a00194c                TIMER2_IRQHandler
 .text.TIMER3_IRQHandler
                0x1a001990       0x44 out/libs/sapi/src/sapi_timer.o
                0x1a001990                TIMER3_IRQHandler
 .text.uartConfig
                0x1a0019d4       0x64 out/libs/sapi/src/sapi_uart.o
                0x1a0019d4                uartConfig
 .text.uartWriteByte
                0x1a001a38       0x30 out/libs/sapi/src/sapi_uart.o
                0x1a001a38                uartWriteByte
 .text.uartWriteString
                0x1a001a68       0x18 out/libs/sapi/src/sapi_uart.o
                0x1a001a68                uartWriteString
 .text.UART2_IRQHandler
                0x1a001a80        0x2 out/libs/sapi/src/sapi_uart.o
                0x1a001a80                UART2_IRQHandler
 .text.UART3_IRQHandler
                0x1a001a82        0x2 out/libs/sapi/src/sapi_uart.o
                0x1a001a82                UART3_IRQHandler
 .text          0x1a001a84       0x30 c:/embeddedide/gcc-arm-embedded/bin/../lib/gcc/arm-none-eabi/6.3.1/thumb/v7e-m/fpv4-sp/hard\libgcc.a(_aeabi_uldivmod.o)
                0x1a001a84                __aeabi_uldivmod
 .text          0x1a001ab4      0x2dc c:/embeddedide/gcc-arm-embedded/bin/../lib/gcc/arm-none-eabi/6.3.1/thumb/v7e-m/fpv4-sp/hard\libgcc.a(_udivmoddi4.o)
                0x1a001ab4                __udivmoddi4
 .text          0x1a001d90        0x4 c:/embeddedide/gcc-arm-embedded/bin/../lib/gcc/arm-none-eabi/6.3.1/thumb/v7e-m/fpv4-sp/hard\libgcc.a(_dvmd_tls.o)
                0x1a001d90                __aeabi_idiv0
                0x1a001d90                __aeabi_ldiv0
 .text.memset   0x1a001d94       0x10 c:/embeddedide/gcc-arm-embedded/bin/../lib/gcc/arm-none-eabi/6.3.1/../../../../arm-none-eabi/lib/thumb/v7e-m/fpv4-sp/hard\libc_nano.a(lib_a-memset.o)
                0x1a001d94                memset
 *(.rodata .rodata.* .constdata .constdata.*)
 .rodata        0x1a001da4        0x4 out/libs/lpc_chip_43xx/src/clock_18xx_43xx.o
 .rodata.Chip_Clock_SetDivider.str1.4
                0x1a001da8        0x8 out/libs/lpc_chip_43xx/src/clock_18xx_43xx.o
                                  0x6 (size before relaxing)
 .rodata.periph_to_base
                0x1a001db0       0x6c out/libs/lpc_chip_43xx/src/clock_18xx_43xx.o
 .rodata.InitClkStates
                0x1a001e1c       0x48 out/libs/lpc_chip_43xx/src/sysinit_18xx_43xx.o
 .rodata.UART_BClock
                0x1a001e64        0x8 out/libs/lpc_chip_43xx/src/uart_18xx_43xx.o
 .rodata.UART_PClock
                0x1a001e6c        0x8 out/libs/lpc_chip_43xx/src/uart_18xx_43xx.o
 .rodata.ExtRateIn
                0x1a001e74        0x4 out/libs/lpc_board_ciaa_edu_4337/src/board.o
                0x1a001e74                ExtRateIn
 .rodata.OscRateIn
                0x1a001e78        0x4 out/libs/lpc_board_ciaa_edu_4337/src/board.o
                0x1a001e78                OscRateIn
 .rodata.gpioLEDBits
                0x1a001e7c        0xc out/libs/lpc_board_ciaa_edu_4337/src/board.o
 .rodata.InitClkStates
                0x1a001e88        0xc out/libs/lpc_board_ciaa_edu_4337/src/board_sysinit.o
 .rodata.pinmuxing
                0x1a001e94       0x60 out/libs/lpc_board_ciaa_edu_4337/src/board_sysinit.o
 .rodata.gpioPinsConfig
                0x1a001ef4      0x136 out/libs/sapi/src/sapi_gpio.o
                0x1a001ef4                gpioPinsConfig
                0x1a00202c                . = ALIGN (0x4)
 *fill*         0x1a00202a        0x2 ff

.glue_7         0x1a00202c        0x0
 .glue_7        0x1a00202c        0x0 linker stubs

.glue_7t        0x1a00202c        0x0
 .glue_7t       0x1a00202c        0x0 linker stubs

.vfp11_veneer   0x1a00202c        0x0
 .vfp11_veneer  0x1a00202c        0x0 linker stubs

.v4_bx          0x1a00202c        0x0
 .v4_bx         0x1a00202c        0x0 linker stubs

.iplt           0x1a00202c        0x0
 .iplt          0x1a00202c        0x0 out/app/src/checkState.o

.ARM.extab
 *(.ARM.extab* .gnu.linkonce.armextab.*)
                0x1a00202c                __exidx_start = .

.ARM.exidx      0x1a00202c        0x8
 *(.ARM.exidx* .gnu.linkonce.armexidx.*)
 .ARM.exidx     0x1a00202c        0x8 c:/embeddedide/gcc-arm-embedded/bin/../lib/gcc/arm-none-eabi/6.3.1/thumb/v7e-m/fpv4-sp/hard\libgcc.a(_udivmoddi4.o)
                0x1a002034                __exidx_end = .
                0x1a002034                _etext = .

.rel.dyn        0x1a002034        0x0
 .rel.iplt      0x1a002034        0x0 out/app/src/checkState.o

.data_RAM2      0x10080000        0x0 load address 0x1a002034
 FILL mask 0xff
 *(.ramfunc.$RAM2)
 *(.ramfunc.$RamLoc40)
 *(.data.$RAM2*)
 *(.data.$RamLoc40*)
                0x10080000                . = ALIGN (0x4)

.data_RAM3      0x20000000        0x0 load address 0x1a002034
 FILL mask 0xff
 *(.ramfunc.$RAM3)
 *(.ramfunc.$RamAHB32)
 *(.data.$RAM3*)
 *(.data.$RamAHB32*)
                0x20000000                . = ALIGN (0x4)

.data_RAM4      0x20008000        0x0 load address 0x1a002034
 FILL mask 0xff
 *(.ramfunc.$RAM4)
 *(.ramfunc.$RamAHB16)
 *(.data.$RAM4*)
 *(.data.$RamAHB16*)
                0x20008000                . = ALIGN (0x4)

.data_RAM5      0x2000c000        0x0 load address 0x1a002034
 FILL mask 0xff
 *(.ramfunc.$RAM5)
 *(.ramfunc.$RamAHB_ETB16)
 *(.data.$RAM5*)
 *(.data.$RamAHB_ETB16*)
                0x2000c000                . = ALIGN (0x4)

.uninit_RESERVED
                0x10000000        0x0
 *(.bss.$RESERVED*)
                0x10000000                . = ALIGN (0x4)
                0x10000000                _end_uninit_RESERVED = .

.data           0x10000000       0x84 load address 0x1a002034
 FILL mask 0xff
                0x10000000                _data = .
 *(vtable)
 *(.ramfunc*)
 *(.data*)
 .data.LEDCONTROL
                0x10000000        0x1 out/app/src/stateMachine.o
                0x10000000                LEDCONTROL
 *fill*         0x10000001        0x3 ff
 .data.STATE    0x10000004        0x4 out/app/src/stateMachine.o
                0x10000004                STATE
 .data.i2c      0x10000008       0x38 out/libs/lpc_chip_43xx/src/i2c_18xx_43xx.o
 .data.tickHookFunction
                0x10000040        0x4 out/libs/sapi/src/sapi_tick.o
                0x10000040                tickHookFunction
 .data.timer_dd
                0x10000044       0x40 out/libs/sapi/src/sapi_timer.o
                0x10000084                . = ALIGN (0x4)
                0x10000084                _edata = .

.igot.plt       0x10000084        0x0 load address 0x1a0020b8
 .igot.plt      0x10000084        0x0 out/app/src/checkState.o

.bss_RAM2       0x10080000        0x0
 *(.bss.$RAM2*)
 *(.bss.$RamLoc40*)
                0x10080000                . = ALIGN (0x4)

.bss_RAM3       0x20000000        0x0
 *(.bss.$RAM3*)
 *(.bss.$RamAHB32*)
                0x20000000                . = ALIGN (0x4)

.bss_RAM4       0x20008000        0x0
 *(.bss.$RAM4*)
 *(.bss.$RamAHB16*)
                0x20008000                . = ALIGN (0x4)

.bss_RAM5       0x2000c000        0x0
 *(.bss.$RAM5*)
 *(.bss.$RamAHB_ETB16*)
                0x2000c000                . = ALIGN (0x4)

.bss            0x10000088       0x20
                0x10000088                _bss = .
 *(.bss*)
 .bss.audio_usb_pll_freq
                0x10000088        0x8 out/libs/lpc_chip_43xx/src/clock_18xx_43xx.o
 *(COMMON)
 COMMON         0x10000090        0x4 out/libs/lpc_chip_43xx/src/chip_18xx_43xx.o
                0x10000090                SystemCoreClock
 *fill*         0x10000094        0x4 
 COMMON         0x10000098       0x10 out/libs/sapi/src/sapi_tick.o
                0x10000098                tickCounter
                0x100000a0                tickRateMS
                0x100000a8                . = ALIGN (0x4)
                0x100000a8                _ebss = .
                [!provide]                PROVIDE (end, .)

.noinit_RAM2    0x10080000        0x0
 *(.noinit.$RAM2*)
 *(.noinit.$RamLoc40*)
                0x10080000                . = ALIGN (0x4)

.noinit_RAM3    0x20000000        0x0
 *(.noinit.$RAM3*)
 *(.noinit.$RamAHB32*)
                0x20000000                . = ALIGN (0x4)

.noinit_RAM4    0x20008000        0x0
 *(.noinit.$RAM4*)
 *(.noinit.$RamAHB16*)
                0x20008000                . = ALIGN (0x4)

.noinit_RAM5    0x2000c000        0x0
 *(.noinit.$RAM5*)
 *(.noinit.$RamAHB_ETB16*)
                0x2000c000                . = ALIGN (0x4)

.noinit         0x100000a8        0x0
                0x100000a8                _noinit = .
 *(.noinit*)
                0x100000a8                . = ALIGN (0x4)
                0x100000a8                _end_noinit = .
                0x100000a8                PROVIDE (_pvHeapStart, .)
                0x10008000                PROVIDE (_vStackTop, (__top_RamLoc32 - 0x0))
                0x53ff64ea                PROVIDE (__valid_user_code_checksum, (0x0 - ((((((_vStackTop + (ResetISR + 0x1)) + (NMI_Handler + 0x1)) + (HardFault_Handler + 0x1)) + (DEFINED (MemManage_Handler)?MemManage_Handler:0x0 + 0x1)) + (DEFINED (BusFault_Handler)?BusFault_Handler:0x0 + 0x1)) + (DEFINED (UsageFault_Handler)?UsageFault_Handler:0x0 + 0x1))))
OUTPUT(out/program.elf elf32-littlearm)

.debug_info     0x00000000    0x16d77
 .debug_info    0x00000000      0xc34 out/app/src/checkState.o
 .debug_info    0x00000c34      0xa37 out/app/src/obtenerDatos.o
 .debug_info    0x0000166b     0x131e out/app/src/programa.o
 .debug_info    0x00002989     0x113d out/app/src/stateMachine.o
 .debug_info    0x00003ac6      0xc3b out/libs/lpc_chip_43xx/src/chip_18xx_43xx.o
 .debug_info    0x00004701     0x18e4 out/libs/lpc_chip_43xx/src/clock_18xx_43xx.o
 .debug_info    0x00005fe5      0x14c out/libs/lpc_chip_43xx/src/fpu_init.o
 .debug_info    0x00006131      0x4c8 out/libs/lpc_chip_43xx/src/gpio_18xx_43xx.o
 .debug_info    0x000065f9     0x1361 out/libs/lpc_chip_43xx/src/i2c_18xx_43xx.o
 .debug_info    0x0000795a      0xa32 out/libs/lpc_chip_43xx/src/i2cm_18xx_43xx.o
 .debug_info    0x0000838c      0xb07 out/libs/lpc_chip_43xx/src/sysinit_18xx_43xx.o
 .debug_info    0x00008e93     0x164c out/libs/lpc_chip_43xx/src/uart_18xx_43xx.o
 .debug_info    0x0000a4df     0x2151 out/libs/lpc_board_ciaa_edu_4337/src/board.o
 .debug_info    0x0000c630     0x14b0 out/libs/lpc_board_ciaa_edu_4337/src/board_sysinit.o
 .debug_info    0x0000dae0      0x2ec out/libs/lpc_board_ciaa_edu_4337/src/cr_startup_lpc43xx.o
 .debug_info    0x0000ddcc       0x3f out/libs/lpc_board_ciaa_edu_4337/src/crp.o
 .debug_info    0x0000de0b      0x95e out/libs/lpc_board_ciaa_edu_4337/src/sysinit.o
 .debug_info    0x0000e769      0xdc8 out/libs/sapi/src/sapi_board.o
 .debug_info    0x0000f531      0x957 out/libs/sapi/src/sapi_datatypes.o
 .debug_info    0x0000fe88     0x19d5 out/libs/sapi/src/sapi_gpio.o
 .debug_info    0x0001185d      0xfee out/libs/sapi/src/sapi_i2c.o
 .debug_info    0x0001284b     0x1438 out/libs/sapi/src/sapi_tick.o
 .debug_info    0x00013c83     0x1c99 out/libs/sapi/src/sapi_timer.o
 .debug_info    0x0001591c     0x145b out/libs/sapi/src/sapi_uart.o

.debug_abbrev   0x00000000     0x3aa5
 .debug_abbrev  0x00000000      0x234 out/app/src/checkState.o
 .debug_abbrev  0x00000234      0x23a out/app/src/obtenerDatos.o
 .debug_abbrev  0x0000046e      0x2fa out/app/src/programa.o
 .debug_abbrev  0x00000768      0x239 out/app/src/stateMachine.o
 .debug_abbrev  0x000009a1      0x1bf out/libs/lpc_chip_43xx/src/chip_18xx_43xx.o
 .debug_abbrev  0x00000b60      0x36f out/libs/lpc_chip_43xx/src/clock_18xx_43xx.o
 .debug_abbrev  0x00000ecf       0xa2 out/libs/lpc_chip_43xx/src/fpu_init.o
 .debug_abbrev  0x00000f71      0x172 out/libs/lpc_chip_43xx/src/gpio_18xx_43xx.o
 .debug_abbrev  0x000010e3      0x340 out/libs/lpc_chip_43xx/src/i2c_18xx_43xx.o
 .debug_abbrev  0x00001423      0x24a out/libs/lpc_chip_43xx/src/i2cm_18xx_43xx.o
 .debug_abbrev  0x0000166d      0x20a out/libs/lpc_chip_43xx/src/sysinit_18xx_43xx.o
 .debug_abbrev  0x00001877      0x3b3 out/libs/lpc_chip_43xx/src/uart_18xx_43xx.o
 .debug_abbrev  0x00001c2a      0x3ee out/libs/lpc_board_ciaa_edu_4337/src/board.o
 .debug_abbrev  0x00002018      0x2f8 out/libs/lpc_board_ciaa_edu_4337/src/board_sysinit.o
 .debug_abbrev  0x00002310      0x114 out/libs/lpc_board_ciaa_edu_4337/src/cr_startup_lpc43xx.o
 .debug_abbrev  0x00002424       0x36 out/libs/lpc_board_ciaa_edu_4337/src/crp.o
 .debug_abbrev  0x0000245a      0x1de out/libs/lpc_board_ciaa_edu_4337/src/sysinit.o
 .debug_abbrev  0x00002638      0x214 out/libs/sapi/src/sapi_board.o
 .debug_abbrev  0x0000284c      0x1c2 out/libs/sapi/src/sapi_datatypes.o
 .debug_abbrev  0x00002a0e      0x385 out/libs/sapi/src/sapi_gpio.o
 .debug_abbrev  0x00002d93      0x2e4 out/libs/sapi/src/sapi_i2c.o
 .debug_abbrev  0x00003077      0x301 out/libs/sapi/src/sapi_tick.o
 .debug_abbrev  0x00003378      0x3cd out/libs/sapi/src/sapi_timer.o
 .debug_abbrev  0x00003745      0x360 out/libs/sapi/src/sapi_uart.o

.debug_loc      0x00000000     0x5945
 .debug_loc     0x00000000       0x68 out/app/src/checkState.o
 .debug_loc     0x00000068      0x12e out/app/src/programa.o
 .debug_loc     0x00000196     0x1295 out/libs/lpc_chip_43xx/src/clock_18xx_43xx.o
 .debug_loc     0x0000142b       0x2b out/libs/lpc_chip_43xx/src/fpu_init.o
 .debug_loc     0x00001456      0x3d8 out/libs/lpc_chip_43xx/src/gpio_18xx_43xx.o
 .debug_loc     0x0000182e      0xc42 out/libs/lpc_chip_43xx/src/i2c_18xx_43xx.o
 .debug_loc     0x00002470      0x4d2 out/libs/lpc_chip_43xx/src/i2cm_18xx_43xx.o
 .debug_loc     0x00002942      0x14d out/libs/lpc_chip_43xx/src/sysinit_18xx_43xx.o
 .debug_loc     0x00002a8f      0xd25 out/libs/lpc_chip_43xx/src/uart_18xx_43xx.o
 .debug_loc     0x000037b4      0x5e2 out/libs/lpc_board_ciaa_edu_4337/src/board.o
 .debug_loc     0x00003d96       0xc3 out/libs/lpc_board_ciaa_edu_4337/src/board_sysinit.o
 .debug_loc     0x00003e59      0x206 out/libs/lpc_board_ciaa_edu_4337/src/cr_startup_lpc43xx.o
 .debug_loc     0x0000405f       0x21 out/libs/sapi/src/sapi_datatypes.o
 .debug_loc     0x00004080      0x60e out/libs/sapi/src/sapi_gpio.o
 .debug_loc     0x0000468e      0x43a out/libs/sapi/src/sapi_i2c.o
 .debug_loc     0x00004ac8      0x129 out/libs/sapi/src/sapi_tick.o
 .debug_loc     0x00004bf1      0x7c0 out/libs/sapi/src/sapi_timer.o
 .debug_loc     0x000053b1      0x594 out/libs/sapi/src/sapi_uart.o

.debug_aranges  0x00000000      0x7c0
 .debug_aranges
                0x00000000       0x28 out/app/src/checkState.o
 .debug_aranges
                0x00000028       0x20 out/app/src/obtenerDatos.o
 .debug_aranges
                0x00000048       0x28 out/app/src/programa.o
 .debug_aranges
                0x00000070       0x20 out/app/src/stateMachine.o
 .debug_aranges
                0x00000090       0x38 out/libs/lpc_chip_43xx/src/chip_18xx_43xx.o
 .debug_aranges
                0x000000c8      0x128 out/libs/lpc_chip_43xx/src/clock_18xx_43xx.o
 .debug_aranges
                0x000001f0       0x20 out/libs/lpc_chip_43xx/src/fpu_init.o
 .debug_aranges
                0x00000210       0x48 out/libs/lpc_chip_43xx/src/gpio_18xx_43xx.o
 .debug_aranges
                0x00000258       0xd8 out/libs/lpc_chip_43xx/src/i2c_18xx_43xx.o
 .debug_aranges
                0x00000330       0x60 out/libs/lpc_chip_43xx/src/i2cm_18xx_43xx.o
 .debug_aranges
                0x00000390       0x38 out/libs/lpc_chip_43xx/src/sysinit_18xx_43xx.o
 .debug_aranges
                0x000003c8       0xa8 out/libs/lpc_chip_43xx/src/uart_18xx_43xx.o
 .debug_aranges
                0x00000470       0x90 out/libs/lpc_board_ciaa_edu_4337/src/board.o
 .debug_aranges
                0x00000500       0x30 out/libs/lpc_board_ciaa_edu_4337/src/board_sysinit.o
 .debug_aranges
                0x00000530       0x80 out/libs/lpc_board_ciaa_edu_4337/src/cr_startup_lpc43xx.o
 .debug_aranges
                0x000005b0       0x18 out/libs/lpc_board_ciaa_edu_4337/src/crp.o
 .debug_aranges
                0x000005c8       0x20 out/libs/lpc_board_ciaa_edu_4337/src/sysinit.o
 .debug_aranges
                0x000005e8       0x20 out/libs/sapi/src/sapi_board.o
 .debug_aranges
                0x00000608       0x20 out/libs/sapi/src/sapi_datatypes.o
 .debug_aranges
                0x00000628       0x40 out/libs/sapi/src/sapi_gpio.o
 .debug_aranges
                0x00000668       0x48 out/libs/sapi/src/sapi_i2c.o
 .debug_aranges
                0x000006b0       0x38 out/libs/sapi/src/sapi_tick.o
 .debug_aranges
                0x000006e8       0x78 out/libs/sapi/src/sapi_timer.o
 .debug_aranges
                0x00000760       0x60 out/libs/sapi/src/sapi_uart.o

.debug_ranges   0x00000000      0x6f8
 .debug_ranges  0x00000000       0x18 out/app/src/checkState.o
 .debug_ranges  0x00000018       0x10 out/app/src/obtenerDatos.o
 .debug_ranges  0x00000028       0x18 out/app/src/programa.o
 .debug_ranges  0x00000040       0x10 out/app/src/stateMachine.o
 .debug_ranges  0x00000050       0x28 out/libs/lpc_chip_43xx/src/chip_18xx_43xx.o
 .debug_ranges  0x00000078      0x190 out/libs/lpc_chip_43xx/src/clock_18xx_43xx.o
 .debug_ranges  0x00000208       0x10 out/libs/lpc_chip_43xx/src/fpu_init.o
 .debug_ranges  0x00000218       0x38 out/libs/lpc_chip_43xx/src/gpio_18xx_43xx.o
 .debug_ranges  0x00000250       0xc8 out/libs/lpc_chip_43xx/src/i2c_18xx_43xx.o
 .debug_ranges  0x00000318       0x50 out/libs/lpc_chip_43xx/src/i2cm_18xx_43xx.o
 .debug_ranges  0x00000368       0x28 out/libs/lpc_chip_43xx/src/sysinit_18xx_43xx.o
 .debug_ranges  0x00000390       0xb0 out/libs/lpc_chip_43xx/src/uart_18xx_43xx.o
 .debug_ranges  0x00000440       0x80 out/libs/lpc_board_ciaa_edu_4337/src/board.o
 .debug_ranges  0x000004c0       0x38 out/libs/lpc_board_ciaa_edu_4337/src/board_sysinit.o
 .debug_ranges  0x000004f8       0x70 out/libs/lpc_board_ciaa_edu_4337/src/cr_startup_lpc43xx.o
 .debug_ranges  0x00000568       0x10 out/libs/lpc_board_ciaa_edu_4337/src/sysinit.o
 .debug_ranges  0x00000578       0x10 out/libs/sapi/src/sapi_board.o
 .debug_ranges  0x00000588       0x10 out/libs/sapi/src/sapi_datatypes.o
 .debug_ranges  0x00000598       0x30 out/libs/sapi/src/sapi_gpio.o
 .debug_ranges  0x000005c8       0x38 out/libs/sapi/src/sapi_i2c.o
 .debug_ranges  0x00000600       0x28 out/libs/sapi/src/sapi_tick.o
 .debug_ranges  0x00000628       0x80 out/libs/sapi/src/sapi_timer.o
 .debug_ranges  0x000006a8       0x50 out/libs/sapi/src/sapi_uart.o

.debug_macro    0x00000000     0xa95f
 .debug_macro   0x00000000      0x540 out/app/src/checkState.o
 .debug_macro   0x00000540      0x8b6 out/app/src/checkState.o
 .debug_macro   0x00000df6       0x22 out/app/src/checkState.o
 .debug_macro   0x00000e18       0x87 out/app/src/checkState.o
 .debug_macro   0x00000e9f       0x51 out/app/src/checkState.o
 .debug_macro   0x00000ef0       0xef out/app/src/checkState.o
 .debug_macro   0x00000fdf       0x6a out/app/src/checkState.o
 .debug_macro   0x00001049      0x1df out/app/src/checkState.o
 .debug_macro   0x00001228       0x10 out/app/src/checkState.o
 .debug_macro   0x00001238       0x22 out/app/src/checkState.o
 .debug_macro   0x0000125a       0x66 out/app/src/checkState.o
 .debug_macro   0x000012c0       0x28 out/app/src/checkState.o
 .debug_macro   0x000012e8       0x3b out/app/src/checkState.o
 .debug_macro   0x00001323       0x2d out/app/src/checkState.o
 .debug_macro   0x00001350       0x42 out/app/src/checkState.o
 .debug_macro   0x00001392      0xd39 out/app/src/checkState.o
 .debug_macro   0x000020cb      0x2bc out/app/src/checkState.o
 .debug_macro   0x00002387      0x112 out/app/src/checkState.o
 .debug_macro   0x00002499       0x11 out/app/src/checkState.o
 .debug_macro   0x000024aa       0x2a out/app/src/checkState.o
 .debug_macro   0x000024d4       0x16 out/app/src/checkState.o
 .debug_macro   0x000024ea      0x2e6 out/app/src/checkState.o
 .debug_macro   0x000027d0       0x82 out/app/src/checkState.o
 .debug_macro   0x00002852      0x13d out/app/src/checkState.o
 .debug_macro   0x0000298f      0x198 out/app/src/checkState.o
 .debug_macro   0x00002b27       0x34 out/app/src/checkState.o
 .debug_macro   0x00002b5b       0x58 out/app/src/checkState.o
 .debug_macro   0x00002bb3      0x236 out/app/src/checkState.o
 .debug_macro   0x00002de9      0x572 out/app/src/checkState.o
 .debug_macro   0x0000335b       0x16 out/app/src/checkState.o
 .debug_macro   0x00003371      0x18a out/app/src/checkState.o
 .debug_macro   0x000034fb       0x88 out/app/src/checkState.o
 .debug_macro   0x00003583      0x1b9 out/app/src/checkState.o
 .debug_macro   0x0000373c      0x1da out/app/src/checkState.o
 .debug_macro   0x00003916       0x40 out/app/src/checkState.o
 .debug_macro   0x00003956       0x1c out/app/src/checkState.o
 .debug_macro   0x00003972       0x2e out/app/src/checkState.o
 .debug_macro   0x000039a0       0x2e out/app/src/checkState.o
 .debug_macro   0x000039ce       0x22 out/app/src/checkState.o
 .debug_macro   0x000039f0      0x201 out/app/src/checkState.o
 .debug_macro   0x00003bf1       0xe0 out/app/src/checkState.o
 .debug_macro   0x00003cd1      0x34c out/app/src/checkState.o
 .debug_macro   0x0000401d       0xdc out/app/src/checkState.o
 .debug_macro   0x000040f9       0xc4 out/app/src/checkState.o
 .debug_macro   0x000041bd       0x94 out/app/src/checkState.o
 .debug_macro   0x00004251       0xb8 out/app/src/checkState.o
 .debug_macro   0x00004309       0x4c out/app/src/checkState.o
 .debug_macro   0x00004355       0x16 out/app/src/checkState.o
 .debug_macro   0x0000436b      0x328 out/app/src/checkState.o
 .debug_macro   0x00004693       0x3a out/app/src/checkState.o
 .debug_macro   0x000046cd       0xd0 out/app/src/checkState.o
 .debug_macro   0x0000479d       0x18 out/app/src/checkState.o
 .debug_macro   0x000047b5       0x22 out/app/src/checkState.o
 .debug_macro   0x000047d7       0x40 out/app/src/checkState.o
 .debug_macro   0x00004817       0x4c out/app/src/checkState.o
 .debug_macro   0x00004863       0x58 out/app/src/checkState.o
 .debug_macro   0x000048bb       0x35 out/app/src/checkState.o
 .debug_macro   0x000048f0       0x9c out/app/src/checkState.o
 .debug_macro   0x0000498c       0x16 out/app/src/checkState.o
 .debug_macro   0x000049a2       0x97 out/app/src/checkState.o
 .debug_macro   0x00004a39      0x330 out/app/src/checkState.o
 .debug_macro   0x00004d69       0xfd out/app/src/checkState.o
 .debug_macro   0x00004e66       0x10 out/app/src/checkState.o
 .debug_macro   0x00004e76       0x58 out/app/src/checkState.o
 .debug_macro   0x00004ece       0x1f out/app/src/checkState.o
 .debug_macro   0x00004eed       0x43 out/app/src/checkState.o
 .debug_macro   0x00004f30       0x20 out/app/src/checkState.o
 .debug_macro   0x00004f50      0x187 out/app/src/checkState.o
 .debug_macro   0x000050d7       0x10 out/app/src/checkState.o
 .debug_macro   0x000050e7       0x1c out/app/src/checkState.o
 .debug_macro   0x00005103       0x52 out/app/src/checkState.o
 .debug_macro   0x00005155       0x40 out/app/src/checkState.o
 .debug_macro   0x00005195       0x10 out/app/src/checkState.o
 .debug_macro   0x000051a5       0x40 out/app/src/checkState.o
 .debug_macro   0x000051e5       0xd7 out/app/src/checkState.o
 .debug_macro   0x000052bc       0x16 out/app/src/checkState.o
 .debug_macro   0x000052d2      0x18b out/app/src/checkState.o
 .debug_macro   0x0000545d       0x20 out/app/src/checkState.o
 .debug_macro   0x0000547d       0x28 out/app/src/checkState.o
 .debug_macro   0x000054a5       0x16 out/app/src/checkState.o
 .debug_macro   0x000054bb       0x3a out/app/src/checkState.o
 .debug_macro   0x000054f5       0x10 out/app/src/checkState.o
 .debug_macro   0x00005505       0x10 out/app/src/checkState.o
 .debug_macro   0x00005515       0x70 out/app/src/checkState.o
 .debug_macro   0x00005585      0x52e out/app/src/obtenerDatos.o
 .debug_macro   0x00005ab3      0x568 out/app/src/programa.o
 .debug_macro   0x0000601b      0x536 out/app/src/stateMachine.o
 .debug_macro   0x00006551      0x301 out/libs/lpc_chip_43xx/src/chip_18xx_43xx.o
 .debug_macro   0x00006852      0x307 out/libs/lpc_chip_43xx/src/clock_18xx_43xx.o
 .debug_macro   0x00006b59       0xe7 out/libs/lpc_chip_43xx/src/fpu_init.o
 .debug_macro   0x00006c40      0x301 out/libs/lpc_chip_43xx/src/gpio_18xx_43xx.o
 .debug_macro   0x00006f41      0x313 out/libs/lpc_chip_43xx/src/i2c_18xx_43xx.o
 .debug_macro   0x00007254      0x307 out/libs/lpc_chip_43xx/src/i2cm_18xx_43xx.o
 .debug_macro   0x0000755b      0x301 out/libs/lpc_chip_43xx/src/sysinit_18xx_43xx.o
 .debug_macro   0x0000785c      0x301 out/libs/lpc_chip_43xx/src/uart_18xx_43xx.o
 .debug_macro   0x00007b5d      0x47c out/libs/lpc_board_ciaa_edu_4337/src/board.o
 .debug_macro   0x00007fd9       0x46 out/libs/lpc_board_ciaa_edu_4337/src/board.o
 .debug_macro   0x0000801f      0x472 out/libs/lpc_board_ciaa_edu_4337/src/board_sysinit.o
 .debug_macro   0x00008491       0x1d out/libs/lpc_board_ciaa_edu_4337/src/cr_startup_lpc43xx.o
 .debug_macro   0x000084ae       0x17 out/libs/lpc_board_ciaa_edu_4337/src/crp.o
 .debug_macro   0x000084c5      0x472 out/libs/lpc_board_ciaa_edu_4337/src/sysinit.o
 .debug_macro   0x00008937      0x4a3 out/libs/sapi/src/sapi_board.o
 .debug_macro   0x00008dda      0x47b out/libs/sapi/src/sapi_datatypes.o
 .debug_macro   0x00009255      0x48f out/libs/sapi/src/sapi_gpio.o
 .debug_macro   0x000096e4      0x4a7 out/libs/sapi/src/sapi_i2c.o
 .debug_macro   0x00009b8b      0x485 out/libs/sapi/src/sapi_tick.o
 .debug_macro   0x0000a010      0x49b out/libs/sapi/src/sapi_timer.o
 .debug_macro   0x0000a4ab      0x4b4 out/libs/sapi/src/sapi_uart.o

.debug_line     0x00000000     0xb839
 .debug_line    0x00000000      0x937 out/app/src/checkState.o
 .debug_line    0x00000937      0x911 out/app/src/obtenerDatos.o
 .debug_line    0x00001248      0x958 out/app/src/programa.o
 .debug_line    0x00001ba0      0x95c out/app/src/stateMachine.o
 .debug_line    0x000024fc      0x6a9 out/libs/lpc_chip_43xx/src/chip_18xx_43xx.o
 .debug_line    0x00002ba5      0xa7f out/libs/lpc_chip_43xx/src/clock_18xx_43xx.o
 .debug_line    0x00003624      0x265 out/libs/lpc_chip_43xx/src/fpu_init.o
 .debug_line    0x00003889      0x6d1 out/libs/lpc_chip_43xx/src/gpio_18xx_43xx.o
 .debug_line    0x00003f5a      0x940 out/libs/lpc_chip_43xx/src/i2c_18xx_43xx.o
 .debug_line    0x0000489a      0x80d out/libs/lpc_chip_43xx/src/i2cm_18xx_43xx.o
 .debug_line    0x000050a7      0x71f out/libs/lpc_chip_43xx/src/sysinit_18xx_43xx.o
 .debug_line    0x000057c6      0x947 out/libs/lpc_chip_43xx/src/uart_18xx_43xx.o
 .debug_line    0x0000610d      0x960 out/libs/lpc_board_ciaa_edu_4337/src/board.o
 .debug_line    0x00006a6d      0x81c out/libs/lpc_board_ciaa_edu_4337/src/board_sysinit.o
 .debug_line    0x00007289       0xe0 out/libs/lpc_board_ciaa_edu_4337/src/cr_startup_lpc43xx.o
 .debug_line    0x00007369       0x47 out/libs/lpc_board_ciaa_edu_4337/src/crp.o
 .debug_line    0x000073b0      0x7bc out/libs/lpc_board_ciaa_edu_4337/src/sysinit.o
 .debug_line    0x00007b6c      0x82f out/libs/sapi/src/sapi_board.o
 .debug_line    0x0000839b      0x7cf out/libs/sapi/src/sapi_datatypes.o
 .debug_line    0x00008b6a      0x8db out/libs/sapi/src/sapi_gpio.o
 .debug_line    0x00009445      0x8a0 out/libs/sapi/src/sapi_i2c.o
 .debug_line    0x00009ce5      0x831 out/libs/sapi/src/sapi_tick.o
 .debug_line    0x0000a516      0x9c6 out/libs/sapi/src/sapi_timer.o
 .debug_line    0x0000aedc      0x95d out/libs/sapi/src/sapi_uart.o

.debug_str      0x00000000    0x1c819
 .debug_str     0x00000000    0x18d3b out/app/src/checkState.o
                              0x19001 (size before relaxing)
 .debug_str     0x00018d3b       0xa1 out/app/src/obtenerDatos.o
                              0x18eff (size before relaxing)
 .debug_str     0x00018ddc      0x638 out/app/src/programa.o
                              0x19679 (size before relaxing)
 .debug_str     0x00019414      0xa2b out/app/src/stateMachine.o
                              0x19a00 (size before relaxing)
 .debug_str     0x00019e3f      0x345 out/libs/lpc_chip_43xx/src/chip_18xx_43xx.o
                              0x1563a (size before relaxing)
 .debug_str     0x0001a184      0x558 out/libs/lpc_chip_43xx/src/clock_18xx_43xx.o
                              0x15afc (size before relaxing)
 .debug_str     0x0001a6dc       0xc5 out/libs/lpc_chip_43xx/src/fpu_init.o
                               0x90f7 (size before relaxing)
 .debug_str     0x0001a7a1      0x14a out/libs/lpc_chip_43xx/src/gpio_18xx_43xx.o
                              0x14988 (size before relaxing)
 .debug_str     0x0001a8eb      0x5ab out/libs/lpc_chip_43xx/src/i2c_18xx_43xx.o
                              0x1587c (size before relaxing)
 .debug_str     0x0001ae96      0x1b6 out/libs/lpc_chip_43xx/src/i2cm_18xx_43xx.o
                              0x14ee9 (size before relaxing)
 .debug_str     0x0001b04c       0xf7 out/libs/lpc_chip_43xx/src/sysinit_18xx_43xx.o
                              0x15598 (size before relaxing)
 .debug_str     0x0001b143      0x46e out/libs/lpc_chip_43xx/src/uart_18xx_43xx.o
                              0x1574a (size before relaxing)
 .debug_str     0x0001b5b1      0x53b out/libs/lpc_board_ciaa_edu_4337/src/board.o
                              0x19c65 (size before relaxing)
 .debug_str     0x0001baec       0xdf out/libs/lpc_board_ciaa_edu_4337/src/board_sysinit.o
                              0x19824 (size before relaxing)
 .debug_str     0x0001bbcb      0x20c out/libs/lpc_board_ciaa_edu_4337/src/cr_startup_lpc43xx.o
                               0x278e (size before relaxing)
 .debug_str     0x0001bdd7       0x46 out/libs/lpc_board_ciaa_edu_4337/src/crp.o
                               0x25a4 (size before relaxing)
 .debug_str     0x0001be1d       0x35 out/libs/lpc_board_ciaa_edu_4337/src/sysinit.o
                              0x18a4b (size before relaxing)
 .debug_str     0x0001be52       0x26 out/libs/sapi/src/sapi_board.o
                              0x18c80 (size before relaxing)
 .debug_str     0x0001be78       0x37 out/libs/sapi/src/sapi_datatypes.o
                              0x18a83 (size before relaxing)
 .debug_str     0x0001beaf       0xf4 out/libs/sapi/src/sapi_gpio.o
                              0x1986d (size before relaxing)
 .debug_str     0x0001bfa3      0x115 out/libs/sapi/src/sapi_i2c.o
                              0x18e6f (size before relaxing)
 .debug_str     0x0001c0b8      0x125 out/libs/sapi/src/sapi_tick.o
                              0x1996f (size before relaxing)
 .debug_str     0x0001c1dd      0x3d9 out/libs/sapi/src/sapi_timer.o
                              0x19cb7 (size before relaxing)
 .debug_str     0x0001c5b6      0x263 out/libs/sapi/src/sapi_uart.o
                              0x18f2c (size before relaxing)

.comment        0x00000000       0x7f
 .comment       0x00000000       0x7f out/app/src/checkState.o
                                 0x80 (size before relaxing)
 .comment       0x0000007f       0x80 out/app/src/obtenerDatos.o
 .comment       0x0000007f       0x80 out/app/src/programa.o
 .comment       0x0000007f       0x80 out/app/src/stateMachine.o
 .comment       0x0000007f       0x80 out/libs/lpc_chip_43xx/src/chip_18xx_43xx.o
 .comment       0x0000007f       0x80 out/libs/lpc_chip_43xx/src/clock_18xx_43xx.o
 .comment       0x0000007f       0x80 out/libs/lpc_chip_43xx/src/fpu_init.o
 .comment       0x0000007f       0x80 out/libs/lpc_chip_43xx/src/gpio_18xx_43xx.o
 .comment       0x0000007f       0x80 out/libs/lpc_chip_43xx/src/i2c_18xx_43xx.o
 .comment       0x0000007f       0x80 out/libs/lpc_chip_43xx/src/i2cm_18xx_43xx.o
 .comment       0x0000007f       0x80 out/libs/lpc_chip_43xx/src/sysinit_18xx_43xx.o
 .comment       0x0000007f       0x80 out/libs/lpc_chip_43xx/src/uart_18xx_43xx.o
 .comment       0x0000007f       0x80 out/libs/lpc_board_ciaa_edu_4337/src/board.o
 .comment       0x0000007f       0x80 out/libs/lpc_board_ciaa_edu_4337/src/board_sysinit.o
 .comment       0x0000007f       0x80 out/libs/lpc_board_ciaa_edu_4337/src/cr_startup_lpc43xx.o
 .comment       0x0000007f       0x80 out/libs/lpc_board_ciaa_edu_4337/src/crp.o
 .comment       0x0000007f       0x80 out/libs/lpc_board_ciaa_edu_4337/src/sysinit.o
 .comment       0x0000007f       0x80 out/libs/sapi/src/sapi_board.o
 .comment       0x0000007f       0x80 out/libs/sapi/src/sapi_datatypes.o
 .comment       0x0000007f       0x80 out/libs/sapi/src/sapi_gpio.o
 .comment       0x0000007f       0x80 out/libs/sapi/src/sapi_i2c.o
 .comment       0x0000007f       0x80 out/libs/sapi/src/sapi_tick.o
 .comment       0x0000007f       0x80 out/libs/sapi/src/sapi_timer.o
 .comment       0x0000007f       0x80 out/libs/sapi/src/sapi_uart.o

.ARM.attributes
                0x00000000       0x37
 .ARM.attributes
                0x00000000       0x39 out/app/src/checkState.o
 .ARM.attributes
                0x00000039       0x39 out/app/src/obtenerDatos.o
 .ARM.attributes
                0x00000072       0x39 out/app/src/programa.o
 .ARM.attributes
                0x000000ab       0x39 out/app/src/stateMachine.o
 .ARM.attributes
                0x000000e4       0x39 out/libs/lpc_chip_43xx/src/chip_18xx_43xx.o
 .ARM.attributes
                0x0000011d       0x39 out/libs/lpc_chip_43xx/src/clock_18xx_43xx.o
 .ARM.attributes
                0x00000156       0x39 out/libs/lpc_chip_43xx/src/fpu_init.o
 .ARM.attributes
                0x0000018f       0x39 out/libs/lpc_chip_43xx/src/gpio_18xx_43xx.o
 .ARM.attributes
                0x000001c8       0x39 out/libs/lpc_chip_43xx/src/i2c_18xx_43xx.o
 .ARM.attributes
                0x00000201       0x39 out/libs/lpc_chip_43xx/src/i2cm_18xx_43xx.o
 .ARM.attributes
                0x0000023a       0x39 out/libs/lpc_chip_43xx/src/sysinit_18xx_43xx.o
 .ARM.attributes
                0x00000273       0x39 out/libs/lpc_chip_43xx/src/uart_18xx_43xx.o
 .ARM.attributes
                0x000002ac       0x39 out/libs/lpc_board_ciaa_edu_4337/src/board.o
 .ARM.attributes
                0x000002e5       0x39 out/libs/lpc_board_ciaa_edu_4337/src/board_sysinit.o
 .ARM.attributes
                0x0000031e       0x39 out/libs/lpc_board_ciaa_edu_4337/src/cr_startup_lpc43xx.o
 .ARM.attributes
                0x00000357       0x39 out/libs/lpc_board_ciaa_edu_4337/src/crp.o
 .ARM.attributes
                0x00000390       0x39 out/libs/lpc_board_ciaa_edu_4337/src/sysinit.o
 .ARM.attributes
                0x000003c9       0x39 out/libs/sapi/src/sapi_board.o
 .ARM.attributes
                0x00000402       0x39 out/libs/sapi/src/sapi_datatypes.o
 .ARM.attributes
                0x0000043b       0x39 out/libs/sapi/src/sapi_gpio.o
 .ARM.attributes
                0x00000474       0x39 out/libs/sapi/src/sapi_i2c.o
 .ARM.attributes
                0x000004ad       0x39 out/libs/sapi/src/sapi_tick.o
 .ARM.attributes
                0x000004e6       0x39 out/libs/sapi/src/sapi_timer.o
 .ARM.attributes
                0x0000051f       0x39 out/libs/sapi/src/sapi_uart.o
 .ARM.attributes
                0x00000558       0x22 c:/embeddedide/gcc-arm-embedded/bin/../lib/gcc/arm-none-eabi/6.3.1/thumb/v7e-m/fpv4-sp/hard\libgcc.a(_aeabi_uldivmod.o)
 .ARM.attributes
                0x0000057a       0x34 c:/embeddedide/gcc-arm-embedded/bin/../lib/gcc/arm-none-eabi/6.3.1/thumb/v7e-m/fpv4-sp/hard\libgcc.a(_udivmoddi4.o)
 .ARM.attributes
                0x000005ae       0x22 c:/embeddedide/gcc-arm-embedded/bin/../lib/gcc/arm-none-eabi/6.3.1/thumb/v7e-m/fpv4-sp/hard\libgcc.a(_dvmd_tls.o)
 .ARM.attributes
                0x000005d0       0x34 c:/embeddedide/gcc-arm-embedded/bin/../lib/gcc/arm-none-eabi/6.3.1/../../../../arm-none-eabi/lib/thumb/v7e-m/fpv4-sp/hard\libc_nano.a(lib_a-memset.o)

.debug_frame    0x00000000     0x1204
 .debug_frame   0x00000000       0x44 out/app/src/checkState.o
 .debug_frame   0x00000044       0x30 out/app/src/obtenerDatos.o
 .debug_frame   0x00000074       0x40 out/app/src/programa.o
 .debug_frame   0x000000b4       0x28 out/app/src/stateMachine.o
 .debug_frame   0x000000dc       0x70 out/libs/lpc_chip_43xx/src/chip_18xx_43xx.o
 .debug_frame   0x0000014c      0x314 out/libs/lpc_chip_43xx/src/clock_18xx_43xx.o
 .debug_frame   0x00000460       0x2c out/libs/lpc_chip_43xx/src/fpu_init.o
 .debug_frame   0x0000048c       0x88 out/libs/lpc_chip_43xx/src/gpio_18xx_43xx.o
 .debug_frame   0x00000514      0x25c out/libs/lpc_chip_43xx/src/i2c_18xx_43xx.o
 .debug_frame   0x00000770       0xe0 out/libs/lpc_chip_43xx/src/i2cm_18xx_43xx.o
 .debug_frame   0x00000850       0x7c out/libs/lpc_chip_43xx/src/sysinit_18xx_43xx.o
 .debug_frame   0x000008cc      0x1f4 out/libs/lpc_chip_43xx/src/uart_18xx_43xx.o
 .debug_frame   0x00000ac0      0x138 out/libs/lpc_board_ciaa_edu_4337/src/board.o
 .debug_frame   0x00000bf8       0x5c out/libs/lpc_board_ciaa_edu_4337/src/board_sysinit.o
 .debug_frame   0x00000c54       0xf4 out/libs/lpc_board_ciaa_edu_4337/src/cr_startup_lpc43xx.o
 .debug_frame   0x00000d48       0x28 out/libs/lpc_board_ciaa_edu_4337/src/sysinit.o
 .debug_frame   0x00000d70       0x28 out/libs/sapi/src/sapi_board.o
 .debug_frame   0x00000d98       0x20 out/libs/sapi/src/sapi_datatypes.o
 .debug_frame   0x00000db8       0xa4 out/libs/sapi/src/sapi_gpio.o
 .debug_frame   0x00000e5c       0xbc out/libs/sapi/src/sapi_i2c.o
 .debug_frame   0x00000f18       0x60 out/libs/sapi/src/sapi_tick.o
 .debug_frame   0x00000f78      0x134 out/libs/sapi/src/sapi_timer.o
 .debug_frame   0x000010ac       0xd8 out/libs/sapi/src/sapi_uart.o
 .debug_frame   0x00001184       0x2c c:/embeddedide/gcc-arm-embedded/bin/../lib/gcc/arm-none-eabi/6.3.1/thumb/v7e-m/fpv4-sp/hard\libgcc.a(_aeabi_uldivmod.o)
 .debug_frame   0x000011b0       0x34 c:/embeddedide/gcc-arm-embedded/bin/../lib/gcc/arm-none-eabi/6.3.1/thumb/v7e-m/fpv4-sp/hard\libgcc.a(_udivmoddi4.o)
 .debug_frame   0x000011e4       0x20 c:/embeddedide/gcc-arm-embedded/bin/../lib/gcc/arm-none-eabi/6.3.1/../../../../arm-none-eabi/lib/thumb/v7e-m/fpv4-sp/hard\libc_nano.a(lib_a-memset.o)

Cross Reference Table

Symbol                                            File
ADC0_IRQHandler                                   out/libs/lpc_board_ciaa_edu_4337/src/cr_startup_lpc43xx.o
ADC1_IRQHandler                                   out/libs/lpc_board_ciaa_edu_4337/src/cr_startup_lpc43xx.o
ADCHS_IRQHandler                                  out/libs/lpc_board_ciaa_edu_4337/src/cr_startup_lpc43xx.o
ATIMER_IRQHandler                                 out/libs/lpc_board_ciaa_edu_4337/src/cr_startup_lpc43xx.o
Board_DAC_Init                                    out/libs/lpc_board_ciaa_edu_4337/src/board.o
Board_Debug_Init                                  out/libs/lpc_board_ciaa_edu_4337/src/board.o
Board_ENET_GetMacADDR                             out/libs/lpc_board_ciaa_edu_4337/src/board.o
Board_I2C_Init                                    out/libs/lpc_board_ciaa_edu_4337/src/board.o
Board_Init                                        out/libs/lpc_board_ciaa_edu_4337/src/board.o
                                                  out/libs/sapi/src/sapi_board.o
Board_LED_Set                                     out/libs/lpc_board_ciaa_edu_4337/src/board.o
Board_LED_Test                                    out/libs/lpc_board_ciaa_edu_4337/src/board.o
Board_LED_Toggle                                  out/libs/lpc_board_ciaa_edu_4337/src/board.o
Board_SDMMC_Init                                  out/libs/lpc_board_ciaa_edu_4337/src/board.o
Board_SSP_Init                                    out/libs/lpc_board_ciaa_edu_4337/src/board.o
Board_SetupClocking                               out/libs/lpc_board_ciaa_edu_4337/src/board_sysinit.o
Board_SetupMuxing                                 out/libs/lpc_board_ciaa_edu_4337/src/board_sysinit.o
Board_SystemInit                                  out/libs/lpc_board_ciaa_edu_4337/src/board_sysinit.o
                                                  out/libs/lpc_board_ciaa_edu_4337/src/sysinit.o
Board_UARTGetChar                                 out/libs/lpc_board_ciaa_edu_4337/src/board.o
                                                  out/libs/lpc_board_ciaa_edu_4337/src/system.o
Board_UARTPutChar                                 out/libs/lpc_board_ciaa_edu_4337/src/board.o
                                                  out/libs/lpc_board_ciaa_edu_4337/src/system.o
Board_UARTPutSTR                                  out/libs/lpc_board_ciaa_edu_4337/src/board.o
Board_UART_Init                                   out/libs/lpc_board_ciaa_edu_4337/src/board.o
BusFault_Handler                                  out/libs/lpc_board_ciaa_edu_4337/src/cr_startup_lpc43xx.o
CAN0_IRQHandler                                   out/libs/lpc_board_ciaa_edu_4337/src/cr_startup_lpc43xx.o
CAN1_IRQHandler                                   out/libs/lpc_board_ciaa_edu_4337/src/cr_startup_lpc43xx.o
CRP_WORD                                          out/libs/lpc_board_ciaa_edu_4337/src/crp.o
Chip_ADC_DeInit                                   out/libs/lpc_chip_43xx/src/adc_18xx_43xx.o
                                                  out/libs/sapi/src/sapi_adc.o
Chip_ADC_EnableChannel                            out/libs/lpc_chip_43xx/src/adc_18xx_43xx.o
                                                  out/libs/sapi/src/sapi_adc.o
Chip_ADC_Init                                     out/libs/lpc_chip_43xx/src/adc_18xx_43xx.o
                                                  out/libs/sapi/src/sapi_adc.o
Chip_ADC_Int_SetChannelCmd                        out/libs/lpc_chip_43xx/src/adc_18xx_43xx.o
                                                  out/libs/sapi/src/sapi_adc.o
Chip_ADC_ReadByte                                 out/libs/lpc_chip_43xx/src/adc_18xx_43xx.o
Chip_ADC_ReadStatus                               out/libs/lpc_chip_43xx/src/adc_18xx_43xx.o
                                                  out/libs/sapi/src/sapi_adc.o
Chip_ADC_ReadValue                                out/libs/lpc_chip_43xx/src/adc_18xx_43xx.o
                                                  out/libs/sapi/src/sapi_adc.o
Chip_ADC_SetBurstCmd                              out/libs/lpc_chip_43xx/src/adc_18xx_43xx.o
                                                  out/libs/sapi/src/sapi_adc.o
Chip_ADC_SetResolution                            out/libs/lpc_chip_43xx/src/adc_18xx_43xx.o
Chip_ADC_SetSampleRate                            out/libs/lpc_chip_43xx/src/adc_18xx_43xx.o
                                                  out/libs/sapi/src/sapi_adc.o
Chip_ADC_SetStartMode                             out/libs/lpc_chip_43xx/src/adc_18xx_43xx.o
                                                  out/libs/sapi/src/sapi_adc.o
Chip_AES_Config_DMA                               out/libs/lpc_chip_43xx/src/aes_18xx_43xx.o
Chip_AES_GetStatusDMA                             out/libs/lpc_chip_43xx/src/aes_18xx_43xx.o
Chip_AES_Init                                     out/libs/lpc_chip_43xx/src/aes_18xx_43xx.o
Chip_AES_LoadIV_IC                                out/libs/lpc_chip_43xx/src/aes_18xx_43xx.o
Chip_AES_LoadIV_SW                                out/libs/lpc_chip_43xx/src/aes_18xx_43xx.o
Chip_AES_LoadKey                                  out/libs/lpc_chip_43xx/src/aes_18xx_43xx.o
Chip_AES_LoadKeyRNG                               out/libs/lpc_chip_43xx/src/aes_18xx_43xx.o
Chip_AES_LoadKeySW                                out/libs/lpc_chip_43xx/src/aes_18xx_43xx.o
Chip_AES_Operate                                  out/libs/lpc_chip_43xx/src/aes_18xx_43xx.o
Chip_AES_OperateDMA                               out/libs/lpc_chip_43xx/src/aes_18xx_43xx.o
Chip_AES_ProgramKey                               out/libs/lpc_chip_43xx/src/aes_18xx_43xx.o
Chip_AES_SetMode                                  out/libs/lpc_chip_43xx/src/aes_18xx_43xx.o
Chip_ATIMER_DeInit                                out/libs/lpc_chip_43xx/src/atimer_18xx_43xx.o
Chip_ATIMER_Init                                  out/libs/lpc_chip_43xx/src/atimer_18xx_43xx.o
Chip_CCAN_AddReceiveID                            out/libs/lpc_chip_43xx/src/ccan_18xx_43xx.o
Chip_CCAN_ClearStatus                             out/libs/lpc_chip_43xx/src/ccan_18xx_43xx.o
Chip_CCAN_DeInit                                  out/libs/lpc_chip_43xx/src/ccan_18xx_43xx.o
Chip_CCAN_DeleteReceiveID                         out/libs/lpc_chip_43xx/src/ccan_18xx_43xx.o
Chip_CCAN_GetMsgObject                            out/libs/lpc_chip_43xx/src/ccan_18xx_43xx.o
Chip_CCAN_Init                                    out/libs/lpc_chip_43xx/src/ccan_18xx_43xx.o
Chip_CCAN_Send                                    out/libs/lpc_chip_43xx/src/ccan_18xx_43xx.o
Chip_CCAN_SetBitRate                              out/libs/lpc_chip_43xx/src/ccan_18xx_43xx.o
Chip_CCAN_SetMsgObject                            out/libs/lpc_chip_43xx/src/ccan_18xx_43xx.o
Chip_CCAN_SetValidMsg                             out/libs/lpc_chip_43xx/src/ccan_18xx_43xx.o
Chip_CCAN_TransferMsgObject                       out/libs/lpc_chip_43xx/src/ccan_18xx_43xx.o
Chip_Clock_CalcMainPLLValue                       out/libs/lpc_chip_43xx/src/clock_18xx_43xx.o
                                                  out/libs/lpc_chip_43xx/src/sysinit_18xx_43xx.o
Chip_Clock_ClearPowerDown                         out/libs/lpc_chip_43xx/src/clock_18xx_43xx.o
Chip_Clock_Disable                                out/libs/lpc_chip_43xx/src/clock_18xx_43xx.o
                                                  out/libs/lpc_chip_43xx/src/uart_18xx_43xx.o
                                                  out/libs/lpc_chip_43xx/src/timer_18xx_43xx.o
                                                  out/libs/lpc_chip_43xx/src/ssp_18xx_43xx.o
                                                  out/libs/lpc_chip_43xx/src/spi_18xx_43xx.o
                                                  out/libs/lpc_chip_43xx/src/sdif_18xx_43xx.o
                                                  out/libs/lpc_chip_43xx/src/sct_18xx_43xx.o
                                                  out/libs/lpc_chip_43xx/src/ritimer_18xx_43xx.o
                                                  out/libs/lpc_chip_43xx/src/lcd_18xx_43xx.o
                                                  out/libs/lpc_chip_43xx/src/i2s_18xx_43xx.o
                                                  out/libs/lpc_chip_43xx/src/i2cm_18xx_43xx.o
                                                  out/libs/lpc_chip_43xx/src/i2c_18xx_43xx.o
                                                  out/libs/lpc_chip_43xx/src/hsadc_18xx_43xx.o
                                                  out/libs/lpc_chip_43xx/src/gpdma_18xx_43xx.o
                                                  out/libs/lpc_chip_43xx/src/enet_18xx_43xx.o
                                                  out/libs/lpc_chip_43xx/src/dac_18xx_43xx.o
                                                  out/libs/lpc_chip_43xx/src/ccan_18xx_43xx.o
                                                  out/libs/lpc_chip_43xx/src/adc_18xx_43xx.o
Chip_Clock_DisableBaseClock                       out/libs/lpc_chip_43xx/src/clock_18xx_43xx.o
Chip_Clock_DisableCrystal                         out/libs/lpc_chip_43xx/src/clock_18xx_43xx.o
Chip_Clock_DisablePLL                             out/libs/lpc_chip_43xx/src/clock_18xx_43xx.o
Chip_Clock_Enable                                 out/libs/lpc_chip_43xx/src/clock_18xx_43xx.o
                                                  out/libs/lpc_chip_43xx/src/timer_18xx_43xx.o
                                                  out/libs/lpc_chip_43xx/src/ssp_18xx_43xx.o
                                                  out/libs/lpc_chip_43xx/src/spi_18xx_43xx.o
                                                  out/libs/lpc_chip_43xx/src/i2s_18xx_43xx.o
                                                  out/libs/lpc_chip_43xx/src/i2cm_18xx_43xx.o
                                                  out/libs/lpc_chip_43xx/src/i2c_18xx_43xx.o
                                                  out/libs/lpc_chip_43xx/src/hsadc_18xx_43xx.o
Chip_Clock_EnableBaseClock                        out/libs/lpc_chip_43xx/src/clock_18xx_43xx.o
                                                  out/libs/lpc_chip_43xx/src/chip_18xx_43xx.o
Chip_Clock_EnableCrystal                          out/libs/lpc_chip_43xx/src/clock_18xx_43xx.o
                                                  out/libs/lpc_chip_43xx/src/sysinit_18xx_43xx.o
Chip_Clock_EnableOpts                             out/libs/lpc_chip_43xx/src/clock_18xx_43xx.o
                                                  out/libs/lpc_chip_43xx/src/uart_18xx_43xx.o
                                                  out/libs/lpc_chip_43xx/src/sdif_18xx_43xx.o
                                                  out/libs/lpc_chip_43xx/src/sct_18xx_43xx.o
                                                  out/libs/lpc_chip_43xx/src/ritimer_18xx_43xx.o
                                                  out/libs/lpc_chip_43xx/src/lcd_18xx_43xx.o
                                                  out/libs/lpc_chip_43xx/src/hsadc_18xx_43xx.o
                                                  out/libs/lpc_chip_43xx/src/gpdma_18xx_43xx.o
                                                  out/libs/lpc_chip_43xx/src/enet_18xx_43xx.o
                                                  out/libs/lpc_chip_43xx/src/dac_18xx_43xx.o
                                                  out/libs/lpc_chip_43xx/src/chip_18xx_43xx.o
                                                  out/libs/lpc_chip_43xx/src/ccan_18xx_43xx.o
                                                  out/libs/lpc_chip_43xx/src/adc_18xx_43xx.o
Chip_Clock_EnablePLL                              out/libs/lpc_chip_43xx/src/clock_18xx_43xx.o
                                                  out/libs/lpc_chip_43xx/src/chip_18xx_43xx.o
Chip_Clock_GetBaseClock                           out/libs/lpc_chip_43xx/src/clock_18xx_43xx.o
Chip_Clock_GetBaseClockOpts                       out/libs/lpc_chip_43xx/src/clock_18xx_43xx.o
Chip_Clock_GetBaseClocktHz                        out/libs/lpc_chip_43xx/src/clock_18xx_43xx.o
                                                  out/libs/lpc_chip_43xx/src/sdmmc_18xx_43xx.o
                                                  out/libs/lpc_chip_43xx/src/sdio_18xx_43xx.o
Chip_Clock_GetClockInputHz                        out/libs/lpc_chip_43xx/src/clock_18xx_43xx.o
                                                  out/libs/lpc_chip_43xx/src/chip_18xx_43xx.o
Chip_Clock_GetDividerDivisor                      out/libs/lpc_chip_43xx/src/clock_18xx_43xx.o
Chip_Clock_GetDividerSource                       out/libs/lpc_chip_43xx/src/clock_18xx_43xx.o
Chip_Clock_GetEMCRate                             out/libs/lpc_chip_43xx/src/clock_18xx_43xx.o
                                                  out/libs/lpc_chip_43xx/src/emc_18xx_43xx.o
Chip_Clock_GetMainPLLHz                           out/libs/lpc_chip_43xx/src/clock_18xx_43xx.o
Chip_Clock_GetPLLStatus                           out/libs/lpc_chip_43xx/src/clock_18xx_43xx.o
                                                  out/libs/lpc_chip_43xx/src/chip_18xx_43xx.o
Chip_Clock_GetRate                                out/libs/lpc_chip_43xx/src/clock_18xx_43xx.o
                                                  out/libs/lpc_chip_43xx/src/uart_18xx_43xx.o
                                                  out/libs/lpc_chip_43xx/src/stopwatch_18xx_43xx.o
                                                  out/libs/lpc_chip_43xx/src/ssp_18xx_43xx.o
                                                  out/libs/lpc_chip_43xx/src/spi_18xx_43xx.o
                                                  out/libs/lpc_chip_43xx/src/sct_pwm_18xx_43xx.o
                                                  out/libs/lpc_chip_43xx/src/ritimer_18xx_43xx.o
                                                  out/libs/lpc_chip_43xx/src/i2s_18xx_43xx.o
                                                  out/libs/lpc_chip_43xx/src/i2cm_18xx_43xx.o
                                                  out/libs/lpc_chip_43xx/src/i2c_18xx_43xx.o
                                                  out/libs/lpc_chip_43xx/src/hsadc_18xx_43xx.o
                                                  out/libs/lpc_chip_43xx/src/eeprom_18xx_43xx.o
                                                  out/libs/lpc_chip_43xx/src/chip_18xx_43xx.o
                                                  out/libs/lpc_chip_43xx/src/ccan_18xx_43xx.o
                                                  out/libs/lpc_chip_43xx/src/adc_18xx_43xx.o
Chip_Clock_IsBaseClockEnabled                     out/libs/lpc_chip_43xx/src/clock_18xx_43xx.o
Chip_Clock_RTCEnable                              out/libs/lpc_chip_43xx/src/clock_18xx_43xx.o
                                                  out/libs/lpc_chip_43xx/src/rtc_18xx_43xx.o
Chip_Clock_SetBaseClock                           out/libs/lpc_chip_43xx/src/clock_18xx_43xx.o
                                                  out/libs/lpc_board_ciaa_edu_4337/src/board_sysinit.o
                                                  out/libs/lpc_chip_43xx/src/sysinit_18xx_43xx.o
                                                  out/libs/lpc_chip_43xx/src/chip_18xx_43xx.o
Chip_Clock_SetDivider                             out/libs/lpc_chip_43xx/src/clock_18xx_43xx.o
                                                  out/libs/lpc_chip_43xx/src/chip_18xx_43xx.o
Chip_Clock_SetupMainPLLHz                         out/libs/lpc_chip_43xx/src/clock_18xx_43xx.o
Chip_Clock_SetupMainPLLMult                       out/libs/lpc_chip_43xx/src/clock_18xx_43xx.o
Chip_Clock_SetupPLL                               out/libs/lpc_chip_43xx/src/clock_18xx_43xx.o
                                                  out/libs/lpc_chip_43xx/src/chip_18xx_43xx.o
Chip_Clock_StartPowerDown                         out/libs/lpc_chip_43xx/src/clock_18xx_43xx.o
Chip_DAC_DeInit                                   out/libs/lpc_chip_43xx/src/dac_18xx_43xx.o
                                                  out/libs/sapi/src/sapi_dac.o
Chip_DAC_Init                                     out/libs/lpc_chip_43xx/src/dac_18xx_43xx.o
                                                  out/libs/sapi/src/sapi_dac.o
Chip_DAC_SetBias                                  out/libs/lpc_chip_43xx/src/dac_18xx_43xx.o
Chip_DAC_UpdateValue                              out/libs/lpc_chip_43xx/src/dac_18xx_43xx.o
                                                  out/libs/sapi/src/sapi_dac.o
Chip_EEPROM_EraseProgramPage                      out/libs/lpc_chip_43xx/src/eeprom_18xx_43xx.o
Chip_EEPROM_Init                                  out/libs/lpc_chip_43xx/src/eeprom_18xx_43xx.o
Chip_EEPROM_WaitForIntStatus                      out/libs/lpc_chip_43xx/src/eeprom_18xx_43xx.o
Chip_EMC_Dynamic_Enable                           out/libs/lpc_chip_43xx/src/emc_18xx_43xx.o
Chip_EMC_Dynamic_Init                             out/libs/lpc_chip_43xx/src/emc_18xx_43xx.o
Chip_EMC_Enable                                   out/libs/lpc_chip_43xx/src/emc_18xx_43xx.o
Chip_EMC_Init                                     out/libs/lpc_chip_43xx/src/emc_18xx_43xx.o
Chip_EMC_LowPowerMode                             out/libs/lpc_chip_43xx/src/emc_18xx_43xx.o
Chip_EMC_Mirror                                   out/libs/lpc_chip_43xx/src/emc_18xx_43xx.o
Chip_EMC_Static_Init                              out/libs/lpc_chip_43xx/src/emc_18xx_43xx.o
Chip_ENET_DeInit                                  out/libs/lpc_chip_43xx/src/enet_18xx_43xx.o
Chip_ENET_Init                                    out/libs/lpc_chip_43xx/src/enet_18xx_43xx.o
Chip_ENET_SetDuplex                               out/libs/lpc_chip_43xx/src/enet_18xx_43xx.o
Chip_ENET_SetSpeed                                out/libs/lpc_chip_43xx/src/enet_18xx_43xx.o
Chip_ENET_SetupMII                                out/libs/lpc_chip_43xx/src/enet_18xx_43xx.o
Chip_ENET_StartMIIRead                            out/libs/lpc_chip_43xx/src/enet_18xx_43xx.o
Chip_ENET_StartMIIWrite                           out/libs/lpc_chip_43xx/src/enet_18xx_43xx.o
Chip_EVRT_ConfigIntSrcActiveType                  out/libs/lpc_chip_43xx/src/evrt_18xx_43xx.o
Chip_EVRT_Init                                    out/libs/lpc_chip_43xx/src/evrt_18xx_43xx.o
Chip_EVRT_IsSourceInterrupting                    out/libs/lpc_chip_43xx/src/evrt_18xx_43xx.o
Chip_EVRT_SetUpIntSrc                             out/libs/lpc_chip_43xx/src/evrt_18xx_43xx.o
Chip_GPDMA_ChannelCmd                             out/libs/lpc_chip_43xx/src/gpdma_18xx_43xx.o
Chip_GPDMA_ClearIntPending                        out/libs/lpc_chip_43xx/src/gpdma_18xx_43xx.o
Chip_GPDMA_DeInit                                 out/libs/lpc_chip_43xx/src/gpdma_18xx_43xx.o
Chip_GPDMA_GetFreeChannel                         out/libs/lpc_chip_43xx/src/gpdma_18xx_43xx.o
Chip_GPDMA_Init                                   out/libs/lpc_chip_43xx/src/gpdma_18xx_43xx.o
Chip_GPDMA_InitChannelCfg                         out/libs/lpc_chip_43xx/src/gpdma_18xx_43xx.o
Chip_GPDMA_IntGetStatus                           out/libs/lpc_chip_43xx/src/gpdma_18xx_43xx.o
Chip_GPDMA_Interrupt                              out/libs/lpc_chip_43xx/src/gpdma_18xx_43xx.o
Chip_GPDMA_PrepareDescriptor                      out/libs/lpc_chip_43xx/src/gpdma_18xx_43xx.o
Chip_GPDMA_SGTransfer                             out/libs/lpc_chip_43xx/src/gpdma_18xx_43xx.o
Chip_GPDMA_Stop                                   out/libs/lpc_chip_43xx/src/gpdma_18xx_43xx.o
Chip_GPDMA_Transfer                               out/libs/lpc_chip_43xx/src/gpdma_18xx_43xx.o
Chip_GPIO_DeInit                                  out/libs/lpc_chip_43xx/src/gpio_18xx_43xx.o
Chip_GPIO_Init                                    out/libs/lpc_chip_43xx/src/gpio_18xx_43xx.o
                                                  out/libs/sapi/src/sapi_gpio.o
                                                  out/libs/lpc_board_ciaa_edu_4337/src/board.o
Chip_GPIO_SetDir                                  out/libs/lpc_chip_43xx/src/gpio_18xx_43xx.o
                                                  out/libs/sapi/src/sapi_gpio.o
Chip_GPIO_SetPinDIR                               out/libs/lpc_chip_43xx/src/gpio_18xx_43xx.o
Chip_GPIO_SetPortDIR                              out/libs/lpc_chip_43xx/src/gpio_18xx_43xx.o
Chip_GPIO_WriteDirBit                             out/libs/lpc_chip_43xx/src/gpio_18xx_43xx.o
Chip_HSADC_DeInit                                 out/libs/lpc_chip_43xx/src/hsadc_18xx_43xx.o
Chip_HSADC_Init                                   out/libs/lpc_chip_43xx/src/hsadc_18xx_43xx.o
Chip_HSADC_SetACDCBias                            out/libs/lpc_chip_43xx/src/hsadc_18xx_43xx.o
Chip_HSADC_SetPowerSpeed                          out/libs/lpc_chip_43xx/src/hsadc_18xx_43xx.o
Chip_HSADC_SetSpeed                               out/libs/lpc_chip_43xx/src/hsadc_18xx_43xx.o
Chip_HSADC_SetThrHighValue                        out/libs/lpc_chip_43xx/src/hsadc_18xx_43xx.o
Chip_HSADC_SetThrLowValue                         out/libs/lpc_chip_43xx/src/hsadc_18xx_43xx.o
Chip_HSADC_SetupFIFO                              out/libs/lpc_chip_43xx/src/hsadc_18xx_43xx.o
Chip_I2CM_DeInit                                  out/libs/lpc_chip_43xx/src/i2cm_18xx_43xx.o
Chip_I2CM_Init                                    out/libs/lpc_chip_43xx/src/i2cm_18xx_43xx.o
Chip_I2CM_Read                                    out/libs/lpc_chip_43xx/src/i2cm_18xx_43xx.o
Chip_I2CM_SetBusSpeed                             out/libs/lpc_chip_43xx/src/i2cm_18xx_43xx.o
Chip_I2CM_Write                                   out/libs/lpc_chip_43xx/src/i2cm_18xx_43xx.o
Chip_I2CM_Xfer                                    out/libs/lpc_chip_43xx/src/i2cm_18xx_43xx.o
Chip_I2CM_XferBlocking                            out/libs/lpc_chip_43xx/src/i2cm_18xx_43xx.o
                                                  out/libs/sapi/src/sapi_i2c.o
Chip_I2CM_XferHandler                             out/libs/lpc_chip_43xx/src/i2cm_18xx_43xx.o
Chip_I2C_DeInit                                   out/libs/lpc_chip_43xx/src/i2c_18xx_43xx.o
Chip_I2C_Disable                                  out/libs/lpc_chip_43xx/src/i2c_18xx_43xx.o
Chip_I2C_EventHandler                             out/libs/lpc_chip_43xx/src/i2c_18xx_43xx.o
Chip_I2C_EventHandlerPolling                      out/libs/lpc_chip_43xx/src/i2c_18xx_43xx.o
                                                  out/libs/sapi/src/sapi_i2c.o
Chip_I2C_GetClockRate                             out/libs/lpc_chip_43xx/src/i2c_18xx_43xx.o
Chip_I2C_GetMasterEventHandler                    out/libs/lpc_chip_43xx/src/i2c_18xx_43xx.o
Chip_I2C_Init                                     out/libs/lpc_chip_43xx/src/i2c_18xx_43xx.o
                                                  out/libs/sapi/src/sapi_i2c.o
Chip_I2C_IsMasterActive                           out/libs/lpc_chip_43xx/src/i2c_18xx_43xx.o
Chip_I2C_IsStateChanged                           out/libs/lpc_chip_43xx/src/i2c_18xx_43xx.o
Chip_I2C_MasterCmdRead                            out/libs/lpc_chip_43xx/src/i2c_18xx_43xx.o
Chip_I2C_MasterRead                               out/libs/lpc_chip_43xx/src/i2c_18xx_43xx.o
Chip_I2C_MasterSend                               out/libs/lpc_chip_43xx/src/i2c_18xx_43xx.o
Chip_I2C_MasterStateHandler                       out/libs/lpc_chip_43xx/src/i2c_18xx_43xx.o
Chip_I2C_MasterTransfer                           out/libs/lpc_chip_43xx/src/i2c_18xx_43xx.o
Chip_I2C_SetClockRate                             out/libs/lpc_chip_43xx/src/i2c_18xx_43xx.o
                                                  out/libs/sapi/src/sapi_i2c.o
Chip_I2C_SetMasterEventHandler                    out/libs/lpc_chip_43xx/src/i2c_18xx_43xx.o
                                                  out/libs/sapi/src/sapi_i2c.o
Chip_I2C_SlaveSetup                               out/libs/lpc_chip_43xx/src/i2c_18xx_43xx.o
Chip_I2C_SlaveStateHandler                        out/libs/lpc_chip_43xx/src/i2c_18xx_43xx.o
Chip_I2S_DMA_RxCmd                                out/libs/lpc_chip_43xx/src/i2s_18xx_43xx.o
Chip_I2S_DMA_TxCmd                                out/libs/lpc_chip_43xx/src/i2s_18xx_43xx.o
Chip_I2S_DeInit                                   out/libs/lpc_chip_43xx/src/i2s_18xx_43xx.o
Chip_I2S_Init                                     out/libs/lpc_chip_43xx/src/i2s_18xx_43xx.o
Chip_I2S_Int_RxCmd                                out/libs/lpc_chip_43xx/src/i2s_18xx_43xx.o
Chip_I2S_Int_TxCmd                                out/libs/lpc_chip_43xx/src/i2s_18xx_43xx.o
Chip_I2S_RxConfig                                 out/libs/lpc_chip_43xx/src/i2s_18xx_43xx.o
Chip_I2S_TxConfig                                 out/libs/lpc_chip_43xx/src/i2s_18xx_43xx.o
Chip_IAP_BlankCheckSector                         out/libs/lpc_chip_43xx/src/iap_18xx_43xx.o
Chip_IAP_Compare                                  out/libs/lpc_chip_43xx/src/iap_18xx_43xx.o
Chip_IAP_CopyRamToFlash                           out/libs/lpc_chip_43xx/src/iap_18xx_43xx.o
Chip_IAP_ErasePage                                out/libs/lpc_chip_43xx/src/iap_18xx_43xx.o
Chip_IAP_EraseSector                              out/libs/lpc_chip_43xx/src/iap_18xx_43xx.o
Chip_IAP_PreSectorForReadWrite                    out/libs/lpc_chip_43xx/src/iap_18xx_43xx.o
Chip_IAP_ReadBootCode                             out/libs/lpc_chip_43xx/src/iap_18xx_43xx.o
Chip_IAP_ReadPID                                  out/libs/lpc_chip_43xx/src/iap_18xx_43xx.o
Chip_IAP_ReadUID                                  out/libs/lpc_chip_43xx/src/iap_18xx_43xx.o
Chip_IAP_ReinvokeISP                              out/libs/lpc_chip_43xx/src/iap_18xx_43xx.o
Chip_IAP_SetBootFlashBank                         out/libs/lpc_chip_43xx/src/iap_18xx_43xx.o
Chip_LCD_Cursor_Config                            out/libs/lpc_chip_43xx/src/lcd_18xx_43xx.o
Chip_LCD_Cursor_WriteImage                        out/libs/lpc_chip_43xx/src/lcd_18xx_43xx.o
Chip_LCD_DeInit                                   out/libs/lpc_chip_43xx/src/lcd_18xx_43xx.o
Chip_LCD_Init                                     out/libs/lpc_chip_43xx/src/lcd_18xx_43xx.o
Chip_LCD_LoadPalette                              out/libs/lpc_chip_43xx/src/lcd_18xx_43xx.o
Chip_OTP_GenRand                                  out/libs/lpc_chip_43xx/src/otp_18xx_43xx.o
Chip_OTP_Init                                     out/libs/lpc_chip_43xx/src/otp_18xx_43xx.o
Chip_OTP_ProgBootSrc                              out/libs/lpc_chip_43xx/src/otp_18xx_43xx.o
Chip_OTP_ProgGPWord                               out/libs/lpc_chip_43xx/src/otp_18xx_43xx.o
Chip_OTP_ProgJTAGDis                              out/libs/lpc_chip_43xx/src/otp_18xx_43xx.o
Chip_OTP_ProgKey                                  out/libs/lpc_chip_43xx/src/otp_18xx_43xx.o
Chip_OTP_ProgUSBID                                out/libs/lpc_chip_43xx/src/otp_18xx_43xx.o
Chip_PMC_Set_PwrState                             out/libs/lpc_chip_43xx/src/pmc_18xx_43xx.o
Chip_PMC_Sleep                                    out/libs/lpc_chip_43xx/src/pmc_18xx_43xx.o
Chip_RIT_DeInit                                   out/libs/lpc_chip_43xx/src/ritimer_18xx_43xx.o
Chip_RIT_GetIntStatus                             out/libs/lpc_chip_43xx/src/ritimer_18xx_43xx.o
Chip_RIT_Init                                     out/libs/lpc_chip_43xx/src/ritimer_18xx_43xx.o
Chip_RIT_SetTimerInterval                         out/libs/lpc_chip_43xx/src/ritimer_18xx_43xx.o
Chip_RTC_AlarmIntConfig                           out/libs/lpc_chip_43xx/src/rtc_18xx_43xx.o
Chip_RTC_CalibCounterCmd                          out/libs/lpc_chip_43xx/src/rtc_18xx_43xx.o
Chip_RTC_CntIncrIntConfig                         out/libs/lpc_chip_43xx/src/rtc_18xx_43xx.o
Chip_RTC_DeInit                                   out/libs/lpc_chip_43xx/src/rtc_18xx_43xx.o
Chip_RTC_EV_GetFirstTimeStamp                     out/libs/lpc_chip_43xx/src/rtc_18xx_43xx.o
Chip_RTC_EV_GetLastTimeStamp                      out/libs/lpc_chip_43xx/src/rtc_18xx_43xx.o
Chip_RTC_Enable                                   out/libs/lpc_chip_43xx/src/rtc_18xx_43xx.o
                                                  out/libs/fatfs_ssp/src/rtc.o
                                                  out/libs/sapi/src/sapi_rtc.o
Chip_RTC_GetFullAlarmTime                         out/libs/lpc_chip_43xx/src/rtc_18xx_43xx.o
Chip_RTC_GetFullTime                              out/libs/lpc_chip_43xx/src/rtc_18xx_43xx.o
                                                  out/libs/fatfs_ssp/src/rtc.o
                                                  out/libs/sapi/src/sapi_rtc.o
Chip_RTC_Init                                     out/libs/lpc_chip_43xx/src/rtc_18xx_43xx.o
                                                  out/libs/fatfs_ssp/src/rtc.o
                                                  out/libs/sapi/src/sapi_rtc.o
Chip_RTC_ResetClockTickCounter                    out/libs/lpc_chip_43xx/src/rtc_18xx_43xx.o
Chip_RTC_SetFullAlarmTime                         out/libs/lpc_chip_43xx/src/rtc_18xx_43xx.o
                                                  out/libs/fatfs_ssp/src/rtc.o
Chip_RTC_SetFullTime                              out/libs/lpc_chip_43xx/src/rtc_18xx_43xx.o
                                                  out/libs/sapi/src/sapi_rtc.o
Chip_SCTPWM_SetOutPin                             out/libs/lpc_chip_43xx/src/sct_pwm_18xx_43xx.o
                                                  out/libs/sapi/src/sapi_sct.o
Chip_SCTPWM_SetRate                               out/libs/lpc_chip_43xx/src/sct_pwm_18xx_43xx.o
                                                  out/libs/sapi/src/sapi_sct.o
Chip_SCT_DeInit                                   out/libs/lpc_chip_43xx/src/sct_18xx_43xx.o
Chip_SCT_Init                                     out/libs/lpc_chip_43xx/src/sct_18xx_43xx.o
                                                  out/libs/sapi/src/sapi_sct.o
Chip_SCT_SetClrControl                            out/libs/lpc_chip_43xx/src/sct_18xx_43xx.o
Chip_SCT_SetConflictResolution                    out/libs/lpc_chip_43xx/src/sct_18xx_43xx.o
Chip_SDIF_DeInit                                  out/libs/lpc_chip_43xx/src/sdif_18xx_43xx.o
Chip_SDIF_DmaSetup                                out/libs/lpc_chip_43xx/src/sdif_18xx_43xx.o
                                                  out/libs/lpc_chip_43xx/src/sdmmc_18xx_43xx.o
                                                  out/libs/lpc_chip_43xx/src/sdio_18xx_43xx.o
Chip_SDIF_GetResponse                             out/libs/lpc_chip_43xx/src/sdif_18xx_43xx.o
                                                  out/libs/lpc_chip_43xx/src/sdmmc_18xx_43xx.o
                                                  out/libs/lpc_chip_43xx/src/sdio_18xx_43xx.o
Chip_SDIF_Init                                    out/libs/lpc_chip_43xx/src/sdif_18xx_43xx.o
Chip_SDIF_SendCmd                                 out/libs/lpc_chip_43xx/src/sdif_18xx_43xx.o
                                                  out/libs/lpc_chip_43xx/src/sdmmc_18xx_43xx.o
                                                  out/libs/lpc_chip_43xx/src/sdio_18xx_43xx.o
Chip_SDIF_SetClearIntFifo                         out/libs/lpc_chip_43xx/src/sdif_18xx_43xx.o
                                                  out/libs/lpc_chip_43xx/src/sdmmc_18xx_43xx.o
Chip_SDIF_SetClock                                out/libs/lpc_chip_43xx/src/sdif_18xx_43xx.o
                                                  out/libs/lpc_chip_43xx/src/sdmmc_18xx_43xx.o
                                                  out/libs/lpc_chip_43xx/src/sdio_18xx_43xx.o
Chip_SDMMC_Acquire                                out/libs/lpc_chip_43xx/src/sdmmc_18xx_43xx.o
Chip_SDMMC_GetDeviceBlocks                        out/libs/lpc_chip_43xx/src/sdmmc_18xx_43xx.o
Chip_SDMMC_GetDeviceSize                          out/libs/lpc_chip_43xx/src/sdmmc_18xx_43xx.o
Chip_SDMMC_GetState                               out/libs/lpc_chip_43xx/src/sdmmc_18xx_43xx.o
Chip_SDMMC_ReadBlocks                             out/libs/lpc_chip_43xx/src/sdmmc_18xx_43xx.o
Chip_SDMMC_WriteBlocks                            out/libs/lpc_chip_43xx/src/sdmmc_18xx_43xx.o
Chip_SPI_DeInit                                   out/libs/lpc_chip_43xx/src/spi_18xx_43xx.o
Chip_SPI_Init                                     out/libs/lpc_chip_43xx/src/spi_18xx_43xx.o
Chip_SPI_Int_FlushData                            out/libs/lpc_chip_43xx/src/spi_18xx_43xx.o
Chip_SPI_Int_RWFrames                             out/libs/lpc_chip_43xx/src/spi_18xx_43xx.o
Chip_SPI_Int_RWFrames16Bits                       out/libs/lpc_chip_43xx/src/spi_18xx_43xx.o
Chip_SPI_Int_RWFrames8Bits                        out/libs/lpc_chip_43xx/src/spi_18xx_43xx.o
Chip_SPI_RWFrames_Blocking                        out/libs/lpc_chip_43xx/src/spi_18xx_43xx.o
Chip_SPI_SetBitRate                               out/libs/lpc_chip_43xx/src/spi_18xx_43xx.o
Chip_SSP_DeInit                                   out/libs/lpc_chip_43xx/src/ssp_18xx_43xx.o
Chip_SSP_Init                                     out/libs/lpc_chip_43xx/src/ssp_18xx_43xx.o
Chip_SSP_Int_FlushData                            out/libs/lpc_chip_43xx/src/ssp_18xx_43xx.o
Chip_SSP_Int_RWFrames16Bits                       out/libs/lpc_chip_43xx/src/ssp_18xx_43xx.o
Chip_SSP_Int_RWFrames8Bits                        out/libs/lpc_chip_43xx/src/ssp_18xx_43xx.o
Chip_SSP_RWFrames_Blocking                        out/libs/lpc_chip_43xx/src/ssp_18xx_43xx.o
                                                  out/libs/fatfs_ssp/src/mmc.o
Chip_SSP_ReadFrames_Blocking                      out/libs/lpc_chip_43xx/src/ssp_18xx_43xx.o
Chip_SSP_SetBitRate                               out/libs/lpc_chip_43xx/src/ssp_18xx_43xx.o
Chip_SSP_SetClockRate                             out/libs/lpc_chip_43xx/src/ssp_18xx_43xx.o
Chip_SSP_SetMaster                                out/libs/lpc_chip_43xx/src/ssp_18xx_43xx.o
Chip_SSP_WriteFrames_Blocking                     out/libs/lpc_chip_43xx/src/ssp_18xx_43xx.o
Chip_SetupCoreClock                               out/libs/lpc_chip_43xx/src/sysinit_18xx_43xx.o
                                                  out/libs/lpc_board_ciaa_edu_4337/src/board_sysinit.o
Chip_SetupIrcClocking                             out/libs/lpc_chip_43xx/src/sysinit_18xx_43xx.o
Chip_SetupXtalClocking                            out/libs/lpc_chip_43xx/src/sysinit_18xx_43xx.o
Chip_SystemInit                                   out/libs/lpc_chip_43xx/src/sysinit_18xx_43xx.o