Archive member included to satisfy reference by file (symbol)

c:/program files (x86)/gnu tools arm embedded/5.4 2016q3/bin/../lib/gcc/arm-none-eabi/5.4.1/armv7e-m/fpu\libgcc.a(_aeabi_uldivmod.o)
                              out/libs/lpc_chip_43xx/src/i2s_18xx_43xx.o (__aeabi_uldivmod)
c:/program files (x86)/gnu tools arm embedded/5.4 2016q3/bin/../lib/gcc/arm-none-eabi/5.4.1/armv7e-m/fpu\libgcc.a(_udivmoddi4.o)
                              c:/program files (x86)/gnu tools arm embedded/5.4 2016q3/bin/../lib/gcc/arm-none-eabi/5.4.1/armv7e-m/fpu\libgcc.a(_aeabi_uldivmod.o) (__udivmoddi4)
c:/program files (x86)/gnu tools arm embedded/5.4 2016q3/bin/../lib/gcc/arm-none-eabi/5.4.1/armv7e-m/fpu\libgcc.a(_dvmd_tls.o)
                              c:/program files (x86)/gnu tools arm embedded/5.4 2016q3/bin/../lib/gcc/arm-none-eabi/5.4.1/armv7e-m/fpu\libgcc.a(_aeabi_uldivmod.o) (__aeabi_ldiv0)
c:/program files (x86)/gnu tools arm embedded/5.4 2016q3/bin/../lib/gcc/arm-none-eabi/5.4.1/../../../../arm-none-eabi/lib/armv7e-m/fpu\libc_nano.a(lib_a-memcpy-stub.o)
                              out/libs/lpc_chip_43xx/src/ring_buffer.o (memcpy)
c:/program files (x86)/gnu tools arm embedded/5.4 2016q3/bin/../lib/gcc/arm-none-eabi/5.4.1/../../../../arm-none-eabi/lib/armv7e-m/fpu\libc_nano.a(lib_a-memset.o)
                              out/libs/lpc_chip_43xx/src/clock_18xx_43xx.o (memset)
c:/program files (x86)/gnu tools arm embedded/5.4 2016q3/bin/../lib/gcc/arm-none-eabi/5.4.1/../../../../arm-none-eabi/lib/armv7e-m/fpu\libc_nano.a(lib_a-strlen.o)
                              out/app/src/obtenerRegistro.o (strlen)

Allocating common symbols
Common symbol       size              file

SystemCoreClock     0x4               out/libs/lpc_chip_43xx/src/chip_18xx_43xx.o
tickCounter         0x8               out/libs/sapi/src/sapi_tick.o
tickRateMS          0x8               out/libs/sapi/src/sapi_tick.o

Discarded input sections

 .group         0x00000000        0x8 out/app/src/checkState.o
 .group         0x00000000        0x8 out/app/src/checkState.o
 .group         0x00000000        0x8 out/app/src/checkState.o
 .group         0x00000000        0x8 out/app/src/checkState.o
 .group         0x00000000        0x8 out/app/src/checkState.o
 .group         0x00000000        0x8 out/app/src/checkState.o
 .group         0x00000000        0x8 out/app/src/checkState.o
 .group         0x00000000        0x8 out/app/src/checkState.o
 .group         0x00000000        0x8 out/app/src/checkState.o
 .group         0x00000000        0x8 out/app/src/checkState.o
 .group         0x00000000        0x8 out/app/src/checkState.o
 .group         0x00000000        0x8 out/app/src/checkState.o
 .group         0x00000000        0x8 out/app/src/checkState.o
 .group         0x00000000        0x8 out/app/src/checkState.o
 .group         0x00000000        0x8 out/app/src/checkState.o
 .group         0x00000000        0x8 out/app/src/checkState.o
 .group         0x00000000        0x8 out/app/src/checkState.o
 .group         0x00000000        0x8 out/app/src/checkState.o
 .group         0x00000000        0x8 out/app/src/checkState.o
 .group         0x00000000        0x8 out/app/src/checkState.o
 .group         0x00000000        0x8 out/app/src/checkState.o
 .group         0x00000000        0x8 out/app/src/checkState.o
 .group         0x00000000        0x8 out/app/src/checkState.o
 .group         0x00000000        0x8 out/app/src/checkState.o
 .group         0x00000000        0x8 out/app/src/checkState.o
 .group         0x00000000        0x8 out/app/src/checkState.o
 .group         0x00000000        0x8 out/app/src/checkState.o
 .group         0x00000000        0x8 out/app/src/checkState.o
 .group         0x00000000        0x8 out/app/src/checkState.o
 .group         0x00000000        0x8 out/app/src/checkState.o
 .group         0x00000000        0x8 out/app/src/checkState.o
 .group         0x00000000        0x8 out/app/src/checkState.o
 .group         0x00000000        0x8 out/app/src/checkState.o
 .group         0x00000000        0x8 out/app/src/checkState.o
 .group         0x00000000        0x8 out/app/src/checkState.o
 .group         0x00000000        0x8 out/app/src/checkState.o
 .group         0x00000000        0x8 out/app/src/checkState.o
 .group         0x00000000        0x8 out/app/src/checkState.o
 .group         0x00000000        0x8 out/app/src/checkState.o
 .group         0x00000000        0x8 out/app/src/checkState.o
 .group         0x00000000        0x8 out/app/src/checkState.o
 .group         0x00000000        0x8 out/app/src/checkState.o
 .group         0x00000000        0x8 out/app/src/checkState.o
 .group         0x00000000        0x8 out/app/src/checkState.o
 .group         0x00000000        0x8 out/app/src/checkState.o
 .group         0x00000000        0x8 out/app/src/checkState.o
 .group         0x00000000        0x8 out/app/src/checkState.o
 .group         0x00000000        0x8 out/app/src/checkState.o
[...]
Memory Configuration

Name             Origin             Length             Attributes
MFlashA512       0x1a000000         0x00080000         xr
MFlashB512       0x1b000000         0x00080000         xr
RamLoc32         0x10000000         0x00008000         xrw
RamLoc40         0x10080000         0x0000a000         xrw
RamAHB32         0x20000000         0x00008000         xrw
RamAHB16         0x20008000         0x00004000         xrw
RamAHB_ETB16     0x2000c000         0x00004000         xrw
*default*        0x00000000         0xffffffff

Linker script and memory map

LOAD out/app/src/checkState.o
LOAD out/app/src/itoa.o
LOAD out/app/src/obtenerDatos.o
LOAD out/app/src/obtenerRegistro.o
LOAD out/app/src/programa.o
LOAD out/app/src/sdCard.o
LOAD out/app/src/stateMachine.o
LOAD out/app/src/string.o
LOAD out/app/src/usbSend.o
LOAD out/libs/lpc_chip_43xx/src/adc_18xx_43xx.o
LOAD out/libs/lpc_chip_43xx/src/aes_18xx_43xx.o
LOAD out/libs/lpc_chip_43xx/src/atimer_18xx_43xx.o
LOAD out/libs/lpc_chip_43xx/src/ccan_18xx_43xx.o
LOAD out/libs/lpc_chip_43xx/src/chip_18xx_43xx.o
LOAD out/libs/lpc_chip_43xx/src/clock_18xx_43xx.o
LOAD out/libs/lpc_chip_43xx/src/dac_18xx_43xx.o
LOAD out/libs/lpc_chip_43xx/src/eeprom_18xx_43xx.o
LOAD out/libs/lpc_chip_43xx/src/emc_18xx_43xx.o
LOAD out/libs/lpc_chip_43xx/src/enet_18xx_43xx.o
LOAD out/libs/lpc_chip_43xx/src/evrt_18xx_43xx.o
LOAD out/libs/lpc_chip_43xx/src/fpu_init.o
LOAD out/libs/lpc_chip_43xx/src/gpdma_18xx_43xx.o
LOAD out/libs/lpc_chip_43xx/src/gpio_18xx_43xx.o
LOAD out/libs/lpc_chip_43xx/src/gpiogroup_18xx_43xx.o
LOAD out/libs/lpc_chip_43xx/src/hsadc_18xx_43xx.o
LOAD out/libs/lpc_chip_43xx/src/i2c_18xx_43xx.o
LOAD out/libs/lpc_chip_43xx/src/i2cm_18xx_43xx.o
LOAD out/libs/lpc_chip_43xx/src/i2s_18xx_43xx.o
LOAD out/libs/lpc_chip_43xx/src/iap_18xx_43xx.o
LOAD out/libs/lpc_chip_43xx/src/lcd_18xx_43xx.o
LOAD out/libs/lpc_chip_43xx/src/otp_18xx_43xx.o
LOAD out/libs/lpc_chip_43xx/src/pinint_18xx_43xx.o
LOAD out/libs/lpc_chip_43xx/src/pmc_18xx_43xx.o
LOAD out/libs/lpc_chip_43xx/src/ring_buffer.o
LOAD out/libs/lpc_chip_43xx/src/ritimer_18xx_43xx.o
LOAD out/libs/lpc_chip_43xx/src/rtc_18xx_43xx.o
LOAD out/libs/lpc_chip_43xx/src/sct_18xx_43xx.o
LOAD out/libs/lpc_chip_43xx/src/sct_pwm_18xx_43xx.o
LOAD out/libs/lpc_chip_43xx/src/sdif_18xx_43xx.o
LOAD out/libs/lpc_chip_43xx/src/sdio_18xx_43xx.o
LOAD out/libs/lpc_chip_43xx/src/sdmmc_18xx_43xx.o
LOAD out/libs/lpc_chip_43xx/src/spi_18xx_43xx.o
LOAD out/libs/lpc_chip_43xx/src/ssp_18xx_43xx.o
LOAD out/libs/lpc_chip_43xx/src/stopwatch_18xx_43xx.o
LOAD out/libs/lpc_chip_43xx/src/sysinit_18xx_43xx.o
LOAD out/libs/lpc_chip_43xx/src/timer_18xx_43xx.o
LOAD out/libs/lpc_chip_43xx/src/uart_18xx_43xx.o
LOAD out/libs/lpc_chip_43xx/src/wwdt_18xx_43xx.o
LOAD out/libs/lpc_board_ciaa_edu_4337/src/board.o
LOAD out/libs/lpc_board_ciaa_edu_4337/src/board_sysinit.o
LOAD out/libs/lpc_board_ciaa_edu_4337/src/cr_startup_lpc43xx.o
LOAD out/libs/lpc_board_ciaa_edu_4337/src/crp.o
LOAD out/libs/lpc_board_ciaa_edu_4337/src/sysinit.o
LOAD out/libs/lpc_board_ciaa_edu_4337/src/system.o
LOAD out/libs/sapi/src/sapi_7_segment_display.o
LOAD out/libs/sapi/src/sapi_adc.o
LOAD out/libs/sapi/src/sapi_board.o
LOAD out/libs/sapi/src/sapi_circularBuffer.o
LOAD out/libs/sapi/src/sapi_dac.o
LOAD out/libs/sapi/src/sapi_datatypes.o
LOAD out/libs/sapi/src/sapi_delay.o
LOAD out/libs/sapi/src/sapi_gpio.o
LOAD out/libs/sapi/src/sapi_hmc5883l.o
LOAD out/libs/sapi/src/sapi_i2c.o
LOAD out/libs/sapi/src/sapi_keypad.o
LOAD out/libs/sapi/src/sapi_pwm.o
LOAD out/libs/sapi/src/sapi_rtc.o
LOAD out/libs/sapi/src/sapi_sct.o
LOAD out/libs/sapi/src/sapi_servo.o
LOAD out/libs/sapi/src/sapi_sleep.o
LOAD out/libs/sapi/src/sapi_spi.o
LOAD out/libs/sapi/src/sapi_tick.o
LOAD out/libs/sapi/src/sapi_timer.o
LOAD out/libs/sapi/src/sapi_uart.o
LOAD out/libs/fatfs_ssp/src/ff.o
LOAD out/libs/fatfs_ssp/src/mmc.o
LOAD out/libs/fatfs_ssp/src/rtc.o
START GROUP
LOAD c:/program files (x86)/gnu tools arm embedded/5.4 2016q3/bin/../lib/gcc/arm-none-eabi/5.4.1/armv7e-m/fpu\libgcc.a
LOAD c:/program files (x86)/gnu tools arm embedded/5.4 2016q3/bin/../lib/gcc/arm-none-eabi/5.4.1/../../../../arm-none-eabi/lib/armv7e-m/fpu\libc_nano.a
END GROUP
START GROUP
LOAD c:/program files (x86)/gnu tools arm embedded/5.4 2016q3/bin/../lib/gcc/arm-none-eabi/5.4.1/armv7e-m/fpu\libgcc.a
LOAD c:/program files (x86)/gnu tools arm embedded/5.4 2016q3/bin/../lib/gcc/arm-none-eabi/5.4.1/../../../../arm-none-eabi/lib/armv7e-m/fpu\libc_nano.a
END GROUP
START GROUP
LOAD c:/program files (x86)/gnu tools arm embedded/5.4 2016q3/bin/../lib/gcc/arm-none-eabi/5.4.1/armv7e-m/fpu\libgcc.a
LOAD c:/program files (x86)/gnu tools arm embedded/5.4 2016q3/bin/../lib/gcc/arm-none-eabi/5.4.1/../../../../arm-none-eabi/lib/armv7e-m/fpu\libc.a
LOAD c:/program files (x86)/gnu tools arm embedded/5.4 2016q3/bin/../lib/gcc/arm-none-eabi/5.4.1/../../../../arm-none-eabi/lib/armv7e-m/fpu\libm.a
END GROUP
                0x1a080000                __top_MFlashA512 = 0x1a080000
                0x1b080000                __top_MFlashB512 = 0x1b080000
                0x10008000                __top_RamLoc32 = 0x10008000
                0x1008a000                __top_RamLoc40 = 0x1008a000
                0x20008000                __top_RamAHB32 = 0x20008000
                0x2000c000                __top_RamAHB16 = 0x2000c000
                0x20010000                __top_RamAHB_ETB16 = 0x20010000

.text_Flash2    0x1b000000        0x0
 FILL mask 0xff
 *(.text_Flash2*)
 *(.text_MFlashB512*)
 *(.text.$Flash2*)
 *(.text.$MFlashB512*)
 *(.rodata.$Flash2*)
 *(.rodata.$MFlashB512*)

.text           0x1a000000     0x2030
 FILL mask 0xff
                0x1a000000                __vectors_start__ = ABSOLUTE (.)
 *(.isr_vector)
 .isr_vector    0x1a000000      0x114 out/libs/lpc_board_ciaa_edu_4337/src/cr_startup_lpc43xx.o
                0x1a000000                g_pfnVectors
                0x1a000114                . = ALIGN (0x4)
                0x1a000114                __section_table_start = .
                0x1a000114                __data_section_table = .
                0x1a000114        0x4 LONG 0x1a002038 LOADADDR (.data)
                0x1a000118        0x4 LONG 0x10000000 ADDR (.data)
                0x1a00011c        0x4 LONG 0x84 SIZEOF (.data)
                0x1a000120        0x4 LONG 0x1a002038 LOADADDR (.data_RAM2)
                0x1a000124        0x4 LONG 0x10080000 ADDR (.data_RAM2)
                0x1a000128        0x4 LONG 0x0 SIZEOF (.data_RAM2)
                0x1a00012c        0x4 LONG 0x1a002038 LOADADDR (.data_RAM3)
                0x1a000130        0x4 LONG 0x20000000 ADDR (.data_RAM3)
                0x1a000134        0x4 LONG 0x0 SIZEOF (.data_RAM3)
                0x1a000138        0x4 LONG 0x1a002038 LOADADDR (.data_RAM4)
                0x1a00013c        0x4 LONG 0x20008000 ADDR (.data_RAM4)
                0x1a000140        0x4 LONG 0x0 SIZEOF (.data_RAM4)
                0x1a000144        0x4 LONG 0x1a002038 LOADADDR (.data_RAM5)
                0x1a000148        0x4 LONG 0x2000c000 ADDR (.data_RAM5)
                0x1a00014c        0x4 LONG 0x0 SIZEOF (.data_RAM5)
                0x1a000150                __data_section_table_end = .
                0x1a000150                __bss_section_table = .
                0x1a000150        0x4 LONG 0x10000088 ADDR (.bss)
                0x1a000154        0x4 LONG 0x20 SIZEOF (.bss)
                0x1a000158        0x4 LONG 0x10080000 ADDR (.bss_RAM2)
                0x1a00015c        0x4 LONG 0x0 SIZEOF (.bss_RAM2)
                0x1a000160        0x4 LONG 0x20000000 ADDR (.bss_RAM3)
                0x1a000164        0x4 LONG 0x0 SIZEOF (.bss_RAM3)
                0x1a000168        0x4 LONG 0x20008000 ADDR (.bss_RAM4)
                0x1a00016c        0x4 LONG 0x0 SIZEOF (.bss_RAM4)
                0x1a000170        0x4 LONG 0x2000c000 ADDR (.bss_RAM5)
                0x1a000174        0x4 LONG 0x0 SIZEOF (.bss_RAM5)
                0x1a000178                __bss_section_table_end = .
                0x1a000178                __section_table_end = .
 *(.after_vectors*)
 .after_vectors
                0x1a000178       0x58 out/libs/lpc_board_ciaa_edu_4337/src/cr_startup_lpc43xx.o
                0x1a000178                NMI_Handler
                0x1a00017c                HardFault_Handler
                0x1a000180                MemManage_Handler
                0x1a000184                BusFault_Handler
                0x1a000188                UsageFault_Handler
                0x1a00018c                SVC_Handler
                0x1a000190                DebugMon_Handler
                0x1a000194                PendSV_Handler
                0x1a00019c                ATIMER_IRQHandler
                0x1a00019c                SDIO_IRQHandler
                0x1a00019c                I2C1_IRQHandler
                0x1a00019c                UART1_IRQHandler
                0x1a00019c                GPIO5_IRQHandler
                0x1a00019c                CAN1_IRQHandler
                0x1a00019c                USB1_IRQHandler
                0x1a00019c                I2S0_IRQHandler
                0x1a00019c                GINT1_IRQHandler
                0x1a00019c                SGPIO_IRQHandler
                0x1a00019c                ADC0_IRQHandler
                0x1a00019c                I2C0_IRQHandler
                0x1a00019c                GPIO6_IRQHandler
                0x1a00019c                IntDefaultHandler
                0x1a00019c                GPIO1_IRQHandler
                0x1a00019c                SSP0_IRQHandler
                0x1a00019c                FLASH_EEPROM_IRQHandler
                0x1a00019c                RTC_IRQHandler
                0x1a00019c                SPI_IRQHandler
                0x1a00019c                LCD_IRQHandler
                0x1a00019c                M0APP_IRQHandler
                0x1a00019c                GPIO2_IRQHandler
                0x1a00019c                I2S1_IRQHandler
                0x1a00019c                SSP1_IRQHandler
                0x1a00019c                USB0_IRQHandler
                0x1a00019c                GPIO3_IRQHandler
                0x1a00019c                SCT_IRQHandler
                0x1a00019c                ADCHS_IRQHandler
                0x1a00019c                WDT_IRQHandler
                0x1a00019c                RIT_IRQHandler
                0x1a00019c                GPIO7_IRQHandler
                0x1a00019c                SPIFI_IRQHandler
                0x1a00019c                QEI_IRQHandler
                0x1a00019c                ETH_IRQHandler
                0x1a00019c                CAN0_IRQHandler
                0x1a00019c                GINT0_IRQHandler
                0x1a00019c                DAC_IRQHandler
                0x1a00019c                M0SUB_IRQHandler
                0x1a00019c                DMA_IRQHandler
                0x1a00019c                EVRT_IRQHandler
                0x1a00019c                ADC1_IRQHandler
                0x1a00019c                MCPWM_IRQHandler
                0x1a00019c                GPIO4_IRQHandler
                0x1a0001a0                data_init
                0x1a0001bc                bss_init
 .after_vectors
                0x1a0001d0        0x4 out/libs/sapi/src/sapi_uart.o
                0x1a0001d0                UART0_IRQHandler
                0x000002fc                . = 0x2fc
 *fill*         0x1a0001d4      0x128 ff
                0x1a0002fc                PROVIDE (__CRP_WORD_START__, .)
 *(.crp)
 .crp           0x1a0002fc        0x4 out/libs/lpc_board_ciaa_edu_4337/src/crp.o
                0x1a0002fc                CRP_WORD
                0x1a000300                PROVIDE (__CRP_WORD_END__, .)
                0x00000001                ASSERT (! ((__CRP_WORD_START__ == __CRP_WORD_END__)), Linker CRP Enabled, but no CRP_WORD provided within application)
 *(.text*)
 .text.check_state
                0x1a000300       0x40 out/app/src/checkState.o
                0x1a000300                check_state
 .text.obtenerDatos
                0x1a000340       0x30 out/app/src/obtenerDatos.o
                0x1a000340                obtenerDatos
 .text.GPIO0_IRQHandler
                0x1a000370       0x20 out/app/src/programa.o
                0x1a000370                GPIO0_IRQHandler
 .text.main     0x1a000390       0x5c out/app/src/programa.o
                0x1a000390                main
 .text.stateMachine
                0x1a0003ec      0x1ac out/app/src/stateMachine.o
                0x1a0003ec                stateMachine
 .text.SystemCoreClockUpdate
                0x1a000598       0x14 out/libs/lpc_chip_43xx/src/chip_18xx_43xx.o
                0x1a000598                SystemCoreClockUpdate
 .text.pll_calc_divs
                0x1a0005ac       0xac out/libs/lpc_chip_43xx/src/clock_18xx_43xx.o
 .text.pll_get_frac
                0x1a000658       0xfc out/libs/lpc_chip_43xx/src/clock_18xx_43xx.o
 .text.Chip_Clock_FindBaseClock
                0x1a000754       0x4c out/libs/lpc_chip_43xx/src/clock_18xx_43xx.o
 .text.Chip_Clock_EnableCrystal
                0x1a0007a0       0x4c out/libs/lpc_chip_43xx/src/clock_18xx_43xx.o
                0x1a0007a0                Chip_Clock_EnableCrystal
 .text.Chip_Clock_GetDividerSource
                0x1a0007ec       0x1c out/libs/lpc_chip_43xx/src/clock_18xx_43xx.o
                0x1a0007ec                Chip_Clock_GetDividerSource
 .text.Chip_Clock_GetDividerDivisor
                0x1a000808       0x1c out/libs/lpc_chip_43xx/src/clock_18xx_43xx.o
                0x1a000808                Chip_Clock_GetDividerDivisor
 .text.Chip_Clock_GetClockInputHz
                0x1a000824       0xb8 out/libs/lpc_chip_43xx/src/clock_18xx_43xx.o
                0x1a000824                Chip_Clock_GetClockInputHz
 .text.Chip_Clock_CalcMainPLLValue
                0x1a0008dc       0x80 out/libs/lpc_chip_43xx/src/clock_18xx_43xx.o
                0x1a0008dc                Chip_Clock_CalcMainPLLValue
 .text.Chip_Clock_GetMainPLLHz
                0x1a00095c       0x6c out/libs/lpc_chip_43xx/src/clock_18xx_43xx.o
                0x1a00095c                Chip_Clock_GetMainPLLHz
 .text.Chip_Clock_GetDivRate
                0x1a0009c8       0x24 out/libs/lpc_chip_43xx/src/clock_18xx_43xx.o
 .text.Chip_Clock_SetBaseClock
                0x1a0009ec       0x58 out/libs/lpc_chip_43xx/src/clock_18xx_43xx.o
                0x1a0009ec                Chip_Clock_SetBaseClock
 .text.Chip_Clock_GetBaseClock
                0x1a000a44       0x28 out/libs/lpc_chip_43xx/src/clock_18xx_43xx.o
                0x1a000a44                Chip_Clock_GetBaseClock
 .text.Chip_Clock_GetBaseClocktHz
                0x1a000a6c        0xc out/libs/lpc_chip_43xx/src/clock_18xx_43xx.o
                0x1a000a6c                Chip_Clock_GetBaseClocktHz
 .text.Chip_Clock_EnableOpts
                0x1a000a78       0x3c out/libs/lpc_chip_43xx/src/clock_18xx_43xx.o
                0x1a000a78                Chip_Clock_EnableOpts
 .text.Chip_Clock_Enable
                0x1a000ab4       0x34 out/libs/lpc_chip_43xx/src/clock_18xx_43xx.o
                0x1a000ab4                Chip_Clock_Enable
 .text.Chip_Clock_GetRate
                0x1a000ae8       0x4c out/libs/lpc_chip_43xx/src/clock_18xx_43xx.o
                0x1a000ae8                Chip_Clock_GetRate
 .text.fpuInit  0x1a000b34       0x58 out/libs/lpc_chip_43xx/src/fpu_init.o
                0x1a000b34                fpuInit
 .text.Chip_GPIO_Init
                0x1a000b8c        0x4 out/libs/lpc_chip_43xx/src/gpio_18xx_43xx.o
                0x1a000b8c                Chip_GPIO_Init
 .text.Chip_GPIO_SetDir
                0x1a000b90       0x24 out/libs/lpc_chip_43xx/src/gpio_18xx_43xx.o
                0x1a000b90                Chip_GPIO_SetDir
 .text.Chip_I2C_EventHandler
                0x1a000bb4       0x20 out/libs/lpc_chip_43xx/src/i2c_18xx_43xx.o
                0x1a000bb4                Chip_I2C_EventHandler
 .text.handleMasterXferState
                0x1a000bd4      0x124 out/libs/lpc_chip_43xx/src/i2c_18xx_43xx.o
                0x1a000bd4                handleMasterXferState
 .text.Chip_I2C_Init
                0x1a000cf8       0x24 out/libs/lpc_chip_43xx/src/i2c_18xx_43xx.o
                0x1a000cf8                Chip_I2C_Init
 .text.Chip_I2C_SetClockRate
                0x1a000d1c       0x38 out/libs/lpc_chip_43xx/src/i2c_18xx_43xx.o
                0x1a000d1c                Chip_I2C_SetClockRate
 .text.Chip_I2C_SetMasterEventHandler
                0x1a000d54       0x34 out/libs/lpc_chip_43xx/src/i2c_18xx_43xx.o
                0x1a000d54                Chip_I2C_SetMasterEventHandler
 .text.Chip_I2C_MasterStateHandler
                0x1a000d88       0x30 out/libs/lpc_chip_43xx/src/i2c_18xx_43xx.o
                0x1a000d88                Chip_I2C_MasterStateHandler
 .text.Chip_I2C_IsStateChanged
                0x1a000db8       0x18 out/libs/lpc_chip_43xx/src/i2c_18xx_43xx.o
                0x1a000db8                Chip_I2C_IsStateChanged
 .text.Chip_I2C_EventHandlerPolling
                0x1a000dd0       0x34 out/libs/lpc_chip_43xx/src/i2c_18xx_43xx.o
                0x1a000dd0                Chip_I2C_EventHandlerPolling
 .text.Chip_I2CM_XferHandler
                0x1a000e04      0x120 out/libs/lpc_chip_43xx/src/i2cm_18xx_43xx.o
                0x1a000e04                Chip_I2CM_XferHandler
 .text.Chip_I2CM_Xfer
                0x1a000f24       0x10 out/libs/lpc_chip_43xx/src/i2cm_18xx_43xx.o
                0x1a000f24                Chip_I2CM_Xfer
 .text.Chip_I2CM_XferBlocking
                0x1a000f34       0x24 out/libs/lpc_chip_43xx/src/i2cm_18xx_43xx.o
                0x1a000f34                Chip_I2CM_XferBlocking
 .text.Chip_SetupCoreClock
                0x1a000f58      0x158 out/libs/lpc_chip_43xx/src/sysinit_18xx_43xx.o
                0x1a000f58                Chip_SetupCoreClock
 .text.Chip_UART_GetIndex
                0x1a0010b0       0x2c out/libs/lpc_chip_43xx/src/uart_18xx_43xx.o
 .text.Chip_UART_Init
                0x1a0010dc       0x50 out/libs/lpc_chip_43xx/src/uart_18xx_43xx.o
                0x1a0010dc                Chip_UART_Init
 .text.Chip_UART_SetBaud
                0x1a00112c       0x40 out/libs/lpc_chip_43xx/src/uart_18xx_43xx.o
                0x1a00112c                Chip_UART_SetBaud
 .text.Chip_UART_SetBaudFDR
                0x1a00116c       0xe4 out/libs/lpc_chip_43xx/src/uart_18xx_43xx.o
                0x1a00116c                Chip_UART_SetBaudFDR
 .text.Board_LED_Init
                0x1a001250       0x40 out/libs/lpc_board_ciaa_edu_4337/src/board.o
 .text.Board_UART_Init
                0x1a001290       0x14 out/libs/lpc_board_ciaa_edu_4337/src/board.o
                0x1a001290                Board_UART_Init
 .text.Board_Debug_Init
                0x1a0012a4       0x28 out/libs/lpc_board_ciaa_edu_4337/src/board.o
                0x1a0012a4                Board_Debug_Init
 .text.Board_Init
                0x1a0012cc       0x28 out/libs/lpc_board_ciaa_edu_4337/src/board.o
                0x1a0012cc                Board_Init
 .text.Board_SetupMuxing
                0x1a0012f4       0x34 out/libs/lpc_board_ciaa_edu_4337/src/board_sysinit.o
                0x1a0012f4                Board_SetupMuxing
 .text.Board_SetupClocking
                0x1a001328       0x6c out/libs/lpc_board_ciaa_edu_4337/src/board_sysinit.o
                0x1a001328                Board_SetupClocking
 .text.Board_SystemInit
                0x1a001394        0xc out/libs/lpc_board_ciaa_edu_4337/src/board_sysinit.o
                0x1a001394                Board_SystemInit
 .text.ResetISR
                0x1a0013a0       0x7c out/libs/lpc_board_ciaa_edu_4337/src/cr_startup_lpc43xx.o
                0x1a0013a0                ResetISR
 .text.SystemInit
                0x1a00141c        0xc out/libs/lpc_board_ciaa_edu_4337/src/sysinit.o
                0x1a00141c                SystemInit
 .text.boardConfig
                0x1a001428       0xf0 out/libs/sapi/src/sapi_board.o
                0x1a001428                boardConfig
 .text.sAPI_NullFuncPtr
                0x1a001518        0x4 out/libs/sapi/src/sapi_datatypes.o
                0x1a001518                sAPI_NullFuncPtr
 .text.gpioObtainPinConfig
                0x1a00151c       0x34 out/libs/sapi/src/sapi_gpio.o
 .text.gpioConfig
                0x1a001550      0x174 out/libs/sapi/src/sapi_gpio.o
                0x1a001550                gpioConfig
 .text.gpioWrite
                0x1a0016c4       0x58 out/libs/sapi/src/sapi_gpio.o
                0x1a0016c4                gpioWrite
 .text.gpioRead
                0x1a00171c       0x58 out/libs/sapi/src/sapi_gpio.o
                0x1a00171c                gpioRead
 .text.gpioToggle
                0x1a001774       0x18 out/libs/sapi/src/sapi_gpio.o
                0x1a001774                gpioToggle
 .text.i2cHardwareConfig
                0x1a00178c       0x30 out/libs/sapi/src/sapi_i2c.o
 .text.i2cHardwareRead
                0x1a0017bc       0x3c out/libs/sapi/src/sapi_i2c.o
 .text.i2cConfig
                0x1a0017f8       0x10 out/libs/sapi/src/sapi_i2c.o
                0x1a0017f8                i2cConfig
 .text.i2cRead  0x1a001808       0x2c out/libs/sapi/src/sapi_i2c.o
                0x1a001808                i2cRead
 .text.tickConfig
                0x1a001834       0x74 out/libs/sapi/src/sapi_tick.o
                0x1a001834                tickConfig
 .text.SysTick_Handler
                0x1a0018a8       0x24 out/libs/sapi/src/sapi_tick.o
                0x1a0018a8                SysTick_Handler
 .text.errorOcurred
                0x1a0018cc        0x4 out/libs/sapi/src/sapi_timer.o
 .text.doNothing
                0x1a0018d0        0x4 out/libs/sapi/src/sapi_timer.o
 .text.TIMER0_IRQHandler
                0x1a0018d4       0x3c out/libs/sapi/src/sapi_timer.o
                0x1a0018d4                TIMER0_IRQHandler
 .text.TIMER1_IRQHandler
                0x1a001910       0x3c out/libs/sapi/src/sapi_timer.o
                0x1a001910                TIMER1_IRQHandler
 .text.TIMER2_IRQHandler
                0x1a00194c       0x40 out/libs/sapi/src/sapi_timer.o
                0x1a00194c                TIMER2_IRQHandler
 .text.TIMER3_IRQHandler
                0x1a00198c       0x40 out/libs/sapi/src/sapi_timer.o
                0x1a00198c                TIMER3_IRQHandler
 .text.uartConfig
                0x1a0019cc       0x64 out/libs/sapi/src/sapi_uart.o
                0x1a0019cc                uartConfig
 .text.uartWriteByte
                0x1a001a30       0x30 out/libs/sapi/src/sapi_uart.o
                0x1a001a30                uartWriteByte
 .text.uartWriteString
                0x1a001a60       0x18 out/libs/sapi/src/sapi_uart.o
                0x1a001a60                uartWriteString
 .text.UART2_IRQHandler
                0x1a001a78        0x4 out/libs/sapi/src/sapi_uart.o
                0x1a001a78                UART2_IRQHandler
 .text.UART3_IRQHandler
                0x1a001a7c        0x4 out/libs/sapi/src/sapi_uart.o
                0x1a001a7c                UART3_IRQHandler
 .text          0x1a001a80       0x30 c:/program files (x86)/gnu tools arm embedded/5.4 2016q3/bin/../lib/gcc/arm-none-eabi/5.4.1/armv7e-m/fpu\libgcc.a(_aeabi_uldivmod.o)
                0x1a001a80                __aeabi_uldivmod
 .text          0x1a001ab0      0x2e4 c:/program files (x86)/gnu tools arm embedded/5.4 2016q3/bin/../lib/gcc/arm-none-eabi/5.4.1/armv7e-m/fpu\libgcc.a(_udivmoddi4.o)
                0x1a001ab0                __udivmoddi4
 .text          0x1a001d94        0x4 c:/program files (x86)/gnu tools arm embedded/5.4 2016q3/bin/../lib/gcc/arm-none-eabi/5.4.1/armv7e-m/fpu\libgcc.a(_dvmd_tls.o)
                0x1a001d94                __aeabi_idiv0
                0x1a001d94                __aeabi_ldiv0
 .text.memset   0x1a001d98       0x10 c:/program files (x86)/gnu tools arm embedded/5.4 2016q3/bin/../lib/gcc/arm-none-eabi/5.4.1/../../../../arm-none-eabi/lib/armv7e-m/fpu\libc_nano.a(lib_a-memset.o)
                0x1a001d98                memset
 *(.rodata .rodata.* .constdata .constdata.*)
 .rodata        0x1a001da8        0x4 out/libs/lpc_chip_43xx/src/clock_18xx_43xx.o
 .rodata.str1.4
                0x1a001dac        0x8 out/libs/lpc_chip_43xx/src/clock_18xx_43xx.o
                                  0x6 (size before relaxing)
 .rodata.periph_to_base
                0x1a001db4       0x6c out/libs/lpc_chip_43xx/src/clock_18xx_43xx.o
 .rodata.InitClkStates
                0x1a001e20       0x48 out/libs/lpc_chip_43xx/src/sysinit_18xx_43xx.o
 .rodata.UART_BClock
                0x1a001e68        0x8 out/libs/lpc_chip_43xx/src/uart_18xx_43xx.o
 .rodata.UART_PClock
                0x1a001e70        0x8 out/libs/lpc_chip_43xx/src/uart_18xx_43xx.o
 .rodata.OscRateIn
                0x1a001e78        0x4 out/libs/lpc_board_ciaa_edu_4337/src/board.o
                0x1a001e78                OscRateIn
 .rodata.ExtRateIn
                0x1a001e7c        0x4 out/libs/lpc_board_ciaa_edu_4337/src/board.o
                0x1a001e7c                ExtRateIn
 .rodata.gpioLEDBits
                0x1a001e80        0xc out/libs/lpc_board_ciaa_edu_4337/src/board.o
 .rodata.InitClkStates
                0x1a001e8c        0xc out/libs/lpc_board_ciaa_edu_4337/src/board_sysinit.o
 .rodata.pinmuxing
                0x1a001e98       0x60 out/libs/lpc_board_ciaa_edu_4337/src/board_sysinit.o
 .rodata.gpioPinsConfig
                0x1a001ef8      0x136 out/libs/sapi/src/sapi_gpio.o
                0x1a001ef8                gpioPinsConfig
                0x1a002030                . = ALIGN (0x4)
 *fill*         0x1a00202e        0x2 ff

.glue_7         0x1a002030        0x0
 .glue_7        0x1a002030        0x0 linker stubs

.glue_7t        0x1a002030        0x0
 .glue_7t       0x1a002030        0x0 linker stubs

.vfp11_veneer   0x1a002030        0x0
 .vfp11_veneer  0x1a002030        0x0 linker stubs

.v4_bx          0x1a002030        0x0
 .v4_bx         0x1a002030        0x0 linker stubs

.iplt           0x1a002030        0x0
 .iplt          0x1a002030        0x0 out/app/src/checkState.o

.ARM.extab
 *(.ARM.extab* .gnu.linkonce.armextab.*)
                0x1a002030                __exidx_start = .

.ARM.exidx      0x1a002030        0x8
 *(.ARM.exidx* .gnu.linkonce.armexidx.*)
 .ARM.exidx     0x1a002030        0x8 c:/program files (x86)/gnu tools arm embedded/5.4 2016q3/bin/../lib/gcc/arm-none-eabi/5.4.1/armv7e-m/fpu\libgcc.a(_udivmoddi4.o)
                0x1a002038                __exidx_end = .
                0x1a002038                _etext = .

.rel.dyn        0x1a002038        0x0
 .rel.iplt      0x1a002038        0x0 out/app/src/checkState.o

.data_RAM2      0x10080000        0x0 load address 0x1a002038
 FILL mask 0xff
 *(.ramfunc.$RAM2)
 *(.ramfunc.$RamLoc40)
 *(.data.$RAM2*)
 *(.data.$RamLoc40*)
                0x10080000                . = ALIGN (0x4)

.data_RAM3      0x20000000        0x0 load address 0x1a002038
 FILL mask 0xff
 *(.ramfunc.$RAM3)
 *(.ramfunc.$RamAHB32)
 *(.data.$RAM3*)
 *(.data.$RamAHB32*)
                0x20000000                . = ALIGN (0x4)

.data_RAM4      0x20008000        0x0 load address 0x1a002038
 FILL mask 0xff
 *(.ramfunc.$RAM4)
 *(.ramfunc.$RamAHB16)
 *(.data.$RAM4*)
 *(.data.$RamAHB16*)
                0x20008000                . = ALIGN (0x4)

.data_RAM5      0x2000c000        0x0 load address 0x1a002038
 FILL mask 0xff
 *(.ramfunc.$RAM5)
 *(.ramfunc.$RamAHB_ETB16)
 *(.data.$RAM5*)
 *(.data.$RamAHB_ETB16*)
                0x2000c000                . = ALIGN (0x4)

.uninit_RESERVED
                0x10000000        0x0
 *(.bss.$RESERVED*)
                0x10000000                . = ALIGN (0x4)
                0x10000000                _end_uninit_RESERVED = .

.data           0x10000000       0x84 load address 0x1a002038
 FILL mask 0xff
                0x10000000                _data = .
 *(vtable)
 *(.ramfunc*)
 *(.data*)
 .data.STATE    0x10000000        0x4 out/app/src/stateMachine.o
                0x10000000                STATE
 .data.LEDCONTROL
                0x10000004        0x1 out/app/src/stateMachine.o
                0x10000004                LEDCONTROL
 *fill*         0x10000005        0x3 ff
 .data.i2c      0x10000008       0x38 out/libs/lpc_chip_43xx/src/i2c_18xx_43xx.o
 .data.tickHookFunction
                0x10000040        0x4 out/libs/sapi/src/sapi_tick.o
                0x10000040                tickHookFunction
 .data.timer_dd
                0x10000044       0x40 out/libs/sapi/src/sapi_timer.o
                0x10000084                . = ALIGN (0x4)
                0x10000084                _edata = .

.igot.plt       0x10000084        0x0 load address 0x1a0020bc
 .igot.plt      0x10000084        0x0 out/app/src/checkState.o

.bss_RAM2       0x10080000        0x0
 *(.bss.$RAM2*)
 *(.bss.$RamLoc40*)
                0x10080000                . = ALIGN (0x4)

.bss_RAM3       0x20000000        0x0
 *(.bss.$RAM3*)
 *(.bss.$RamAHB32*)
                0x20000000                . = ALIGN (0x4)

.bss_RAM4       0x20008000        0x0
 *(.bss.$RAM4*)
 *(.bss.$RamAHB16*)
                0x20008000                . = ALIGN (0x4)

.bss_RAM5       0x2000c000        0x0
 *(.bss.$RAM5*)
 *(.bss.$RamAHB_ETB16*)
                0x2000c000                . = ALIGN (0x4)

.bss            0x10000088       0x20
                0x10000088                _bss = .
 *(.bss*)
 .bss.audio_usb_pll_freq
                0x10000088        0x8 out/libs/lpc_chip_43xx/src/clock_18xx_43xx.o
 *(COMMON)
 COMMON         0x10000090        0x4 out/libs/lpc_chip_43xx/src/chip_18xx_43xx.o
                0x10000090                SystemCoreClock
 *fill*         0x10000094        0x4 
 COMMON         0x10000098       0x10 out/libs/sapi/src/sapi_tick.o
                0x10000098                tickCounter
                0x100000a0                tickRateMS
                0x100000a8                . = ALIGN (0x4)
                0x100000a8                _ebss = .
                [!provide]                PROVIDE (end, .)

.noinit_RAM2    0x10080000        0x0
 *(.noinit.$RAM2*)
 *(.noinit.$RamLoc40*)
                0x10080000                . = ALIGN (0x4)

.noinit_RAM3    0x20000000        0x0
 *(.noinit.$RAM3*)
 *(.noinit.$RamAHB32*)
                0x20000000                . = ALIGN (0x4)

.noinit_RAM4    0x20008000        0x0
 *(.noinit.$RAM4*)
 *(.noinit.$RamAHB16*)
                0x20008000                . = ALIGN (0x4)

.noinit_RAM5    0x2000c000        0x0
 *(.noinit.$RAM5*)
 *(.noinit.$RamAHB_ETB16*)
                0x2000c000                . = ALIGN (0x4)

.noinit         0x100000a8        0x0
                0x100000a8                _noinit = .
 *(.noinit*)
                0x100000a8                . = ALIGN (0x4)
                0x100000a8                _end_noinit = .
                0x100000a8                PROVIDE (_pvHeapStart, .)
                0x10008000                PROVIDE (_vStackTop, (__top_RamLoc32 - 0x0))
                0x53ff64da                PROVIDE (__valid_user_code_checksum, (0x0 - ((((((_vStackTop + (ResetISR + 0x1)) + (NMI_Handler + 0x1)) + (HardFault_Handler + 0x1)) + (DEFINED (MemManage_Handler)?MemManage_Handler:0x0 + 0x1)) + (DEFINED (BusFault_Handler)?BusFault_Handler:0x0 + 0x1)) + (DEFINED (UsageFault_Handler)?UsageFault_Handler:0x0 + 0x1))))
OUTPUT(out/program.elf elf32-littlearm)

.debug_info     0x00000000     0xf9a8
 .debug_info    0x00000000      0x3b1 out/app/src/checkState.o
 .debug_info    0x000003b1      0x1e0 out/app/src/obtenerDatos.o
 .debug_info    0x00000591      0xae6 out/app/src/programa.o
 .debug_info    0x00001077      0x8cd out/app/src/stateMachine.o
 .debug_info    0x00001944      0xc23 out/libs/lpc_chip_43xx/src/chip_18xx_43xx.o
 .debug_info    0x00002567     0x1907 out/libs/lpc_chip_43xx/src/clock_18xx_43xx.o
 .debug_info    0x00003e6e      0x14c out/libs/lpc_chip_43xx/src/fpu_init.o
 .debug_info    0x00003fba      0x4c6 out/libs/lpc_chip_43xx/src/gpio_18xx_43xx.o
 .debug_info    0x00004480     0x133f out/libs/lpc_chip_43xx/src/i2c_18xx_43xx.o
 .debug_info    0x000057bf      0xa0c out/libs/lpc_chip_43xx/src/i2cm_18xx_43xx.o
 .debug_info    0x000061cb      0xae1 out/libs/lpc_chip_43xx/src/sysinit_18xx_43xx.o
 .debug_info    0x00006cac     0x163d out/libs/lpc_chip_43xx/src/uart_18xx_43xx.o
 .debug_info    0x000082e9     0x1969 out/libs/lpc_board_ciaa_edu_4337/src/board.o
 .debug_info    0x00009c52      0xc7d out/libs/lpc_board_ciaa_edu_4337/src/board_sysinit.o
 .debug_info    0x0000a8cf      0x2df out/libs/lpc_board_ciaa_edu_4337/src/cr_startup_lpc43xx.o
 .debug_info    0x0000abae       0x3f out/libs/lpc_board_ciaa_edu_4337/src/crp.o
 .debug_info    0x0000abed      0x107 out/libs/lpc_board_ciaa_edu_4337/src/sysinit.o
 .debug_info    0x0000acf4      0x571 out/libs/sapi/src/sapi_board.o
 .debug_info    0x0000b265      0x106 out/libs/sapi/src/sapi_datatypes.o
 .debug_info    0x0000b36b     0x11b2 out/libs/sapi/src/sapi_gpio.o
 .debug_info    0x0000c51d      0x7c8 out/libs/sapi/src/sapi_i2c.o
 .debug_info    0x0000cce5      0xc1c out/libs/sapi/src/sapi_tick.o
 .debug_info    0x0000d901     0x1488 out/libs/sapi/src/sapi_timer.o
 .debug_info    0x0000ed89      0xc1f out/libs/sapi/src/sapi_uart.o

.debug_abbrev   0x00000000     0x2c3d
 .debug_abbrev  0x00000000       0xed out/app/src/checkState.o
 .debug_abbrev  0x000000ed      0x105 out/app/src/obtenerDatos.o
 .debug_abbrev  0x000001f2      0x24e out/app/src/programa.o
 .debug_abbrev  0x00000440       0xf6 out/app/src/stateMachine.o
 .debug_abbrev  0x00000536      0x1b2 out/libs/lpc_chip_43xx/src/chip_18xx_43xx.o
 .debug_abbrev  0x000006e8      0x371 out/libs/lpc_chip_43xx/src/clock_18xx_43xx.o
 .debug_abbrev  0x00000a59       0xa2 out/libs/lpc_chip_43xx/src/fpu_init.o
 .debug_abbrev  0x00000afb      0x14b out/libs/lpc_chip_43xx/src/gpio_18xx_43xx.o
 .debug_abbrev  0x00000c46      0x326 out/libs/lpc_chip_43xx/src/i2c_18xx_43xx.o
 .debug_abbrev  0x00000f6c      0x237 out/libs/lpc_chip_43xx/src/i2cm_18xx_43xx.o
 .debug_abbrev  0x000011a3      0x1f9 out/libs/lpc_chip_43xx/src/sysinit_18xx_43xx.o
 .debug_abbrev  0x0000139c      0x390 out/libs/lpc_chip_43xx/src/uart_18xx_43xx.o
 .debug_abbrev  0x0000172c      0x32f out/libs/lpc_board_ciaa_edu_4337/src/board.o
 .debug_abbrev  0x00001a5b      0x206 out/libs/lpc_board_ciaa_edu_4337/src/board_sysinit.o
 .debug_abbrev  0x00001c61      0x12a out/libs/lpc_board_ciaa_edu_4337/src/cr_startup_lpc43xx.o
 .debug_abbrev  0x00001d8b       0x36 out/libs/lpc_board_ciaa_edu_4337/src/crp.o
 .debug_abbrev  0x00001dc1       0xa0 out/libs/lpc_board_ciaa_edu_4337/src/sysinit.o
 .debug_abbrev  0x00001e61       0xcd out/libs/sapi/src/sapi_board.o
 .debug_abbrev  0x00001f2e       0x84 out/libs/sapi/src/sapi_datatypes.o
 .debug_abbrev  0x00001fb2      0x29a out/libs/sapi/src/sapi_gpio.o
 .debug_abbrev  0x0000224c      0x1ee out/libs/sapi/src/sapi_i2c.o
 .debug_abbrev  0x0000243a      0x240 out/libs/sapi/src/sapi_tick.o
 .debug_abbrev  0x0000267a      0x334 out/libs/sapi/src/sapi_timer.o
 .debug_abbrev  0x000029ae      0x28f out/libs/sapi/src/sapi_uart.o

.debug_loc      0x00000000     0x5935
 .debug_loc     0x00000000       0x68 out/app/src/checkState.o
 .debug_loc     0x00000068      0x12e out/app/src/programa.o
 .debug_loc     0x00000196     0x11fe out/libs/lpc_chip_43xx/src/clock_18xx_43xx.o
 .debug_loc     0x00001394       0x1f out/libs/lpc_chip_43xx/src/fpu_init.o
 .debug_loc     0x000013b3      0x3eb out/libs/lpc_chip_43xx/src/gpio_18xx_43xx.o
 .debug_loc     0x0000179e      0xbe5 out/libs/lpc_chip_43xx/src/i2c_18xx_43xx.o
 .debug_loc     0x00002383      0x4af out/libs/lpc_chip_43xx/src/i2cm_18xx_43xx.o
 .debug_loc     0x00002832      0x110 out/libs/lpc_chip_43xx/src/sysinit_18xx_43xx.o
 .debug_loc     0x00002942      0xd0c out/libs/lpc_chip_43xx/src/uart_18xx_43xx.o
 .debug_loc     0x0000364e      0x67c out/libs/lpc_board_ciaa_edu_4337/src/board.o
 .debug_loc     0x00003cca       0xc3 out/libs/lpc_board_ciaa_edu_4337/src/board_sysinit.o
 .debug_loc     0x00003d8d      0x1f0 out/libs/lpc_board_ciaa_edu_4337/src/cr_startup_lpc43xx.o
 .debug_loc     0x00003f7d       0x21 out/libs/sapi/src/sapi_datatypes.o
 .debug_loc     0x00003f9e      0x5f3 out/libs/sapi/src/sapi_gpio.o
 .debug_loc     0x00004591      0x560 out/libs/sapi/src/sapi_i2c.o
 .debug_loc     0x00004af1      0x11c out/libs/sapi/src/sapi_tick.o
 .debug_loc     0x00004c0d      0x7a7 out/libs/sapi/src/sapi_timer.o
 .debug_loc     0x000053b4      0x581 out/libs/sapi/src/sapi_uart.o

.debug_aranges  0x00000000      0x7c0
 .debug_aranges
                0x00000000       0x28 out/app/src/checkState.o
 .debug_aranges
                0x00000028       0x20 out/app/src/obtenerDatos.o
 .debug_aranges
                0x00000048       0x28 out/app/src/programa.o
 .debug_aranges
                0x00000070       0x20 out/app/src/stateMachine.o
 .debug_aranges
                0x00000090       0x38 out/libs/lpc_chip_43xx/src/chip_18xx_43xx.o
 .debug_aranges
                0x000000c8      0x128 out/libs/lpc_chip_43xx/src/clock_18xx_43xx.o
 .debug_aranges
                0x000001f0       0x20 out/libs/lpc_chip_43xx/src/fpu_init.o
 .debug_aranges
                0x00000210       0x48 out/libs/lpc_chip_43xx/src/gpio_18xx_43xx.o
 .debug_aranges
                0x00000258       0xd8 out/libs/lpc_chip_43xx/src/i2c_18xx_43xx.o
 .debug_aranges
                0x00000330       0x60 out/libs/lpc_chip_43xx/src/i2cm_18xx_43xx.o
 .debug_aranges
                0x00000390       0x38 out/libs/lpc_chip_43xx/src/sysinit_18xx_43xx.o
 .debug_aranges
                0x000003c8       0xa8 out/libs/lpc_chip_43xx/src/uart_18xx_43xx.o
 .debug_aranges
                0x00000470       0x90 out/libs/lpc_board_ciaa_edu_4337/src/board.o
 .debug_aranges
                0x00000500       0x30 out/libs/lpc_board_ciaa_edu_4337/src/board_sysinit.o
 .debug_aranges
                0x00000530       0x80 out/libs/lpc_board_ciaa_edu_4337/src/cr_startup_lpc43xx.o
 .debug_aranges
                0x000005b0       0x18 out/libs/lpc_board_ciaa_edu_4337/src/crp.o
 .debug_aranges
                0x000005c8       0x20 out/libs/lpc_board_ciaa_edu_4337/src/sysinit.o
 .debug_aranges
                0x000005e8       0x20 out/libs/sapi/src/sapi_board.o
 .debug_aranges
                0x00000608       0x20 out/libs/sapi/src/sapi_datatypes.o
 .debug_aranges
                0x00000628       0x40 out/libs/sapi/src/sapi_gpio.o
 .debug_aranges
                0x00000668       0x48 out/libs/sapi/src/sapi_i2c.o
 .debug_aranges
                0x000006b0       0x38 out/libs/sapi/src/sapi_tick.o
 .debug_aranges
                0x000006e8       0x78 out/libs/sapi/src/sapi_timer.o
 .debug_aranges
                0x00000760       0x60 out/libs/sapi/src/sapi_uart.o

.debug_ranges   0x00000000      0x650
 .debug_ranges  0x00000000       0x18 out/app/src/checkState.o
 .debug_ranges  0x00000018       0x10 out/app/src/obtenerDatos.o
 .debug_ranges  0x00000028       0x18 out/app/src/programa.o
 .debug_ranges  0x00000040       0x10 out/app/src/stateMachine.o
 .debug_ranges  0x00000050       0x28 out/libs/lpc_chip_43xx/src/chip_18xx_43xx.o
 .debug_ranges  0x00000078      0x118 out/libs/lpc_chip_43xx/src/clock_18xx_43xx.o
 .debug_ranges  0x00000190       0x10 out/libs/lpc_chip_43xx/src/fpu_init.o
 .debug_ranges  0x000001a0       0x38 out/libs/lpc_chip_43xx/src/gpio_18xx_43xx.o
 .debug_ranges  0x000001d8       0xc8 out/libs/lpc_chip_43xx/src/i2c_18xx_43xx.o
 .debug_ranges  0x000002a0       0x50 out/libs/lpc_chip_43xx/src/i2cm_18xx_43xx.o
 .debug_ranges  0x000002f0       0x28 out/libs/lpc_chip_43xx/src/sysinit_18xx_43xx.o
 .debug_ranges  0x00000318       0xb0 out/libs/lpc_chip_43xx/src/uart_18xx_43xx.o
 .debug_ranges  0x000003c8       0x80 out/libs/lpc_board_ciaa_edu_4337/src/board.o
 .debug_ranges  0x00000448       0x20 out/libs/lpc_board_ciaa_edu_4337/src/board_sysinit.o
 .debug_ranges  0x00000468       0x70 out/libs/lpc_board_ciaa_edu_4337/src/cr_startup_lpc43xx.o
 .debug_ranges  0x000004d8       0x10 out/libs/lpc_board_ciaa_edu_4337/src/sysinit.o
 .debug_ranges  0x000004e8       0x10 out/libs/sapi/src/sapi_board.o
 .debug_ranges  0x000004f8       0x10 out/libs/sapi/src/sapi_datatypes.o
 .debug_ranges  0x00000508       0x30 out/libs/sapi/src/sapi_gpio.o
 .debug_ranges  0x00000538       0x38 out/libs/sapi/src/sapi_i2c.o
 .debug_ranges  0x00000570       0x28 out/libs/sapi/src/sapi_tick.o
 .debug_ranges  0x00000598       0x68 out/libs/sapi/src/sapi_timer.o
 .debug_ranges  0x00000600       0x50 out/libs/sapi/src/sapi_uart.o

.debug_macro    0x00000000     0xa867
 .debug_macro   0x00000000      0x535 out/app/src/checkState.o
 .debug_macro   0x00000535      0x892 out/app/src/checkState.o
 .debug_macro   0x00000dc7       0x22 out/app/src/checkState.o
 .debug_macro   0x00000de9       0x87 out/app/src/checkState.o
 .debug_macro   0x00000e70       0x44 out/app/src/checkState.o
 .debug_macro   0x00000eb4       0xfd out/app/src/checkState.o
 .debug_macro   0x00000fb1       0x5e out/app/src/checkState.o
 .debug_macro   0x0000100f      0x1df out/app/src/checkState.o
 .debug_macro   0x000011ee       0x10 out/app/src/checkState.o
 .debug_macro   0x000011fe       0x22 out/app/src/checkState.o
 .debug_macro   0x00001220       0x66 out/app/src/checkState.o
 .debug_macro   0x00001286       0x28 out/app/src/checkState.o
 .debug_macro   0x000012ae       0x3b out/app/src/checkState.o
 .debug_macro   0x000012e9       0x2d out/app/src/checkState.o
 .debug_macro   0x00001316       0x42 out/app/src/checkState.o
 .debug_macro   0x00001358      0xd39 out/app/src/checkState.o
 .debug_macro   0x00002091      0x2bc out/app/src/checkState.o
 .debug_macro   0x0000234d      0x112 out/app/src/checkState.o
 .debug_macro   0x0000245f       0x11 out/app/src/checkState.o
 .debug_macro   0x00002470       0x2a out/app/src/checkState.o
 .debug_macro   0x0000249a       0x16 out/app/src/checkState.o
 .debug_macro   0x000024b0      0x2e6 out/app/src/checkState.o
 .debug_macro   0x00002796       0x82 out/app/src/checkState.o
 .debug_macro   0x00002818      0x13d out/app/src/checkState.o
 .debug_macro   0x00002955      0x198 out/app/src/checkState.o
 .debug_macro   0x00002aed       0x34 out/app/src/checkState.o
 .debug_macro   0x00002b21       0x58 out/app/src/checkState.o
 .debug_macro   0x00002b79      0x236 out/app/src/checkState.o
 .debug_macro   0x00002daf      0x572 out/app/src/checkState.o
 .debug_macro   0x00003321       0x16 out/app/src/checkState.o
 .debug_macro   0x00003337      0x18a out/app/src/checkState.o
 .debug_macro   0x000034c1       0x88 out/app/src/checkState.o
 .debug_macro   0x00003549      0x1b9 out/app/src/checkState.o
 .debug_macro   0x00003702      0x1da out/app/src/checkState.o
 .debug_macro   0x000038dc       0x40 out/app/src/checkState.o
 .debug_macro   0x0000391c       0x1c out/app/src/checkState.o
 .debug_macro   0x00003938       0x2e out/app/src/checkState.o
 .debug_macro   0x00003966       0x2e out/app/src/checkState.o
 .debug_macro   0x00003994       0x22 out/app/src/checkState.o
 .debug_macro   0x000039b6      0x201 out/app/src/checkState.o
 .debug_macro   0x00003bb7       0xe0 out/app/src/checkState.o
 .debug_macro   0x00003c97      0x34c out/app/src/checkState.o
 .debug_macro   0x00003fe3       0xdc out/app/src/checkState.o
 .debug_macro   0x000040bf       0xc4 out/app/src/checkState.o
 .debug_macro   0x00004183       0x94 out/app/src/checkState.o
 .debug_macro   0x00004217       0xb8 out/app/src/checkState.o
 .debug_macro   0x000042cf       0x4c out/app/src/checkState.o
 .debug_macro   0x0000431b       0x16 out/app/src/checkState.o
 .debug_macro   0x00004331      0x328 out/app/src/checkState.o
 .debug_macro   0x00004659       0x3a out/app/src/checkState.o
 .debug_macro   0x00004693       0xd0 out/app/src/checkState.o
 .debug_macro   0x00004763       0x18 out/app/src/checkState.o
 .debug_macro   0x0000477b       0x22 out/app/src/checkState.o
 .debug_macro   0x0000479d       0x40 out/app/src/checkState.o
 .debug_macro   0x000047dd       0x4c out/app/src/checkState.o
 .debug_macro   0x00004829       0x52 out/app/src/checkState.o
 .debug_macro   0x0000487b       0x35 out/app/src/checkState.o
 .debug_macro   0x000048b0       0x9c out/app/src/checkState.o
 .debug_macro   0x0000494c       0x16 out/app/src/checkState.o
 .debug_macro   0x00004962       0x97 out/app/src/checkState.o
 .debug_macro   0x000049f9      0x30d out/app/src/checkState.o
 .debug_macro   0x00004d06       0xfd out/app/src/checkState.o
 .debug_macro   0x00004e03       0x10 out/app/src/checkState.o
 .debug_macro   0x00004e13       0x52 out/app/src/checkState.o
 .debug_macro   0x00004e65       0x1f out/app/src/checkState.o
 .debug_macro   0x00004e84       0x43 out/app/src/checkState.o
 .debug_macro   0x00004ec7       0x20 out/app/src/checkState.o
 .debug_macro   0x00004ee7      0x187 out/app/src/checkState.o
 .debug_macro   0x0000506e       0x10 out/app/src/checkState.o
 .debug_macro   0x0000507e       0x1c out/app/src/checkState.o
 .debug_macro   0x0000509a       0x52 out/app/src/checkState.o
 .debug_macro   0x000050ec       0x40 out/app/src/checkState.o
 .debug_macro   0x0000512c       0x10 out/app/src/checkState.o
 .debug_macro   0x0000513c       0x40 out/app/src/checkState.o
 .debug_macro   0x0000517c       0xd7 out/app/src/checkState.o
 .debug_macro   0x00005253       0x16 out/app/src/checkState.o
 .debug_macro   0x00005269      0x18b out/app/src/checkState.o
 .debug_macro   0x000053f4       0x20 out/app/src/checkState.o
 .debug_macro   0x00005414       0x28 out/app/src/checkState.o
 .debug_macro   0x0000543c       0x16 out/app/src/checkState.o
 .debug_macro   0x00005452       0x3a out/app/src/checkState.o
 .debug_macro   0x0000548c       0x10 out/app/src/checkState.o
 .debug_macro   0x0000549c       0x10 out/app/src/checkState.o
 .debug_macro   0x000054ac       0x70 out/app/src/checkState.o
 .debug_macro   0x0000551c      0x523 out/app/src/obtenerDatos.o
 .debug_macro   0x00005a3f      0x55d out/app/src/programa.o
 .debug_macro   0x00005f9c      0x52b out/app/src/stateMachine.o
 .debug_macro   0x000064c7      0x301 out/libs/lpc_chip_43xx/src/chip_18xx_43xx.o
 .debug_macro   0x000067c8      0x307 out/libs/lpc_chip_43xx/src/clock_18xx_43xx.o
 .debug_macro   0x00006acf       0xe7 out/libs/lpc_chip_43xx/src/fpu_init.o
 .debug_macro   0x00006bb6      0x301 out/libs/lpc_chip_43xx/src/gpio_18xx_43xx.o
 .debug_macro   0x00006eb7      0x313 out/libs/lpc_chip_43xx/src/i2c_18xx_43xx.o
 .debug_macro   0x000071ca      0x307 out/libs/lpc_chip_43xx/src/i2cm_18xx_43xx.o
 .debug_macro   0x000074d1      0x301 out/libs/lpc_chip_43xx/src/sysinit_18xx_43xx.o
 .debug_macro   0x000077d2      0x301 out/libs/lpc_chip_43xx/src/uart_18xx_43xx.o
 .debug_macro   0x00007ad3      0x471 out/libs/lpc_board_ciaa_edu_4337/src/board.o
 .debug_macro   0x00007f44       0x46 out/libs/lpc_board_ciaa_edu_4337/src/board.o
 .debug_macro   0x00007f8a      0x467 out/libs/lpc_board_ciaa_edu_4337/src/board_sysinit.o
 .debug_macro   0x000083f1       0x1d out/libs/lpc_board_ciaa_edu_4337/src/cr_startup_lpc43xx.o
 .debug_macro   0x0000840e       0x17 out/libs/lpc_board_ciaa_edu_4337/src/crp.o
 .debug_macro   0x00008425      0x467 out/libs/lpc_board_ciaa_edu_4337/src/sysinit.o
 .debug_macro   0x0000888c      0x498 out/libs/sapi/src/sapi_board.o
 .debug_macro   0x00008d24      0x470 out/libs/sapi/src/sapi_datatypes.o
 .debug_macro   0x00009194      0x484 out/libs/sapi/src/sapi_gpio.o
 .debug_macro   0x00009618      0x49c out/libs/sapi/src/sapi_i2c.o
 .debug_macro   0x00009ab4      0x47a out/libs/sapi/src/sapi_tick.o
 .debug_macro   0x00009f2e      0x490 out/libs/sapi/src/sapi_timer.o
 .debug_macro   0x0000a3be      0x4a9 out/libs/sapi/src/sapi_uart.o

.debug_line     0x00000000     0xbf6c
 .debug_line    0x00000000      0x98a out/app/src/checkState.o
 .debug_line    0x0000098a      0x962 out/app/src/obtenerDatos.o
 .debug_line    0x000012ec      0x9aa out/app/src/programa.o
 .debug_line    0x00001c96      0x9ad out/app/src/stateMachine.o
 .debug_line    0x00002643      0x70d out/libs/lpc_chip_43xx/src/chip_18xx_43xx.o
 .debug_line    0x00002d50      0xab5 out/libs/lpc_chip_43xx/src/clock_18xx_43xx.o
 .debug_line    0x00003805      0x2c8 out/libs/lpc_chip_43xx/src/fpu_init.o
 .debug_line    0x00003acd      0x732 out/libs/lpc_chip_43xx/src/gpio_18xx_43xx.o
 .debug_line    0x000041ff      0x994 out/libs/lpc_chip_43xx/src/i2c_18xx_43xx.o
 .debug_line    0x00004b93      0x864 out/libs/lpc_chip_43xx/src/i2cm_18xx_43xx.o
 .debug_line    0x000053f7      0x781 out/libs/lpc_chip_43xx/src/sysinit_18xx_43xx.o
 .debug_line    0x00005b78      0x9a3 out/libs/lpc_chip_43xx/src/uart_18xx_43xx.o
 .debug_line    0x0000651b      0x9b7 out/libs/lpc_board_ciaa_edu_4337/src/board.o
 .debug_line    0x00006ed2      0x862 out/libs/lpc_board_ciaa_edu_4337/src/board_sysinit.o
 .debug_line    0x00007734       0xe5 out/libs/lpc_board_ciaa_edu_4337/src/cr_startup_lpc43xx.o
 .debug_line    0x00007819       0x47 out/libs/lpc_board_ciaa_edu_4337/src/crp.o
 .debug_line    0x00007860      0x80d out/libs/lpc_board_ciaa_edu_4337/src/sysinit.o
 .debug_line    0x0000806d      0x880 out/libs/sapi/src/sapi_board.o
 .debug_line    0x000088ed      0x820 out/libs/sapi/src/sapi_datatypes.o
 .debug_line    0x0000910d      0x92a out/libs/sapi/src/sapi_gpio.o
 .debug_line    0x00009a37      0x900 out/libs/sapi/src/sapi_i2c.o
 .debug_line    0x0000a337      0x87d out/libs/sapi/src/sapi_tick.o
 .debug_line    0x0000abb4      0xa15 out/libs/sapi/src/sapi_timer.o
 .debug_line    0x0000b5c9      0x9a3 out/libs/sapi/src/sapi_uart.o

.debug_str      0x00000000    0x1c269
 .debug_str     0x00000000    0x18750 out/app/src/checkState.o
                              0x189c6 (size before relaxing)
 .debug_str     0x00018750       0xa1 out/app/src/obtenerDatos.o
                              0x188e0 (size before relaxing)
 .debug_str     0x000187f1      0x647 out/app/src/programa.o
                              0x19068 (size before relaxing)
 .debug_str     0x00018e38      0xa31 out/app/src/stateMachine.o
                              0x193e3 (size before relaxing)
 .debug_str     0x00019869      0x355 out/libs/lpc_chip_43xx/src/chip_18xx_43xx.o
                              0x155a4 (size before relaxing)
 .debug_str     0x00019bbe      0x571 out/libs/lpc_chip_43xx/src/clock_18xx_43xx.o
                              0x15a6a (size before relaxing)
 .debug_str     0x0001a12f       0xc5 out/libs/lpc_chip_43xx/src/fpu_init.o
                               0x9075 (size before relaxing)
 .debug_str     0x0001a1f4      0x14a out/libs/lpc_chip_43xx/src/gpio_18xx_43xx.o
                              0x148e2 (size before relaxing)
 .debug_str     0x0001a33e      0x5b1 out/libs/lpc_chip_43xx/src/i2c_18xx_43xx.o
                              0x157d6 (size before relaxing)
 .debug_str     0x0001a8ef      0x1bb out/libs/lpc_chip_43xx/src/i2cm_18xx_43xx.o
                              0x14e43 (size before relaxing)
 .debug_str     0x0001aaaa       0xf7 out/libs/lpc_chip_43xx/src/sysinit_18xx_43xx.o
                              0x154f2 (size before relaxing)
 .debug_str     0x0001aba1      0x474 out/libs/lpc_chip_43xx/src/uart_18xx_43xx.o
                              0x156a4 (size before relaxing)
 .debug_str     0x0001b015      0x53b out/libs/lpc_board_ciaa_edu_4337/src/board.o
                              0x1966e (size before relaxing)
 .debug_str     0x0001b550       0xdf out/libs/lpc_board_ciaa_edu_4337/src/board_sysinit.o
                              0x19219 (size before relaxing)
 .debug_str     0x0001b62f      0x1f8 out/libs/lpc_board_ciaa_edu_4337/src/cr_startup_lpc43xx.o
                               0x2721 (size before relaxing)
 .debug_str     0x0001b827       0x46 out/libs/lpc_board_ciaa_edu_4337/src/crp.o
                               0x254b (size before relaxing)
 .debug_str     0x0001b86d       0x35 out/libs/lpc_board_ciaa_edu_4337/src/sysinit.o
                              0x1842c (size before relaxing)
 .debug_str     0x0001b8a2       0x26 out/libs/sapi/src/sapi_board.o
                              0x18661 (size before relaxing)
 .debug_str     0x0001b8c8       0x37 out/libs/sapi/src/sapi_datatypes.o
                              0x18464 (size before relaxing)
 .debug_str     0x0001b8ff       0xf4 out/libs/sapi/src/sapi_gpio.o
                              0x19262 (size before relaxing)
 .debug_str     0x0001b9f3      0x115 out/libs/sapi/src/sapi_i2c.o
                              0x18864 (size before relaxing)
 .debug_str     0x0001bb08      0x125 out/libs/sapi/src/sapi_tick.o
                              0x19374 (size before relaxing)
 .debug_str     0x0001bc2d      0x3d9 out/libs/sapi/src/sapi_timer.o
                              0x196ac (size before relaxing)
 .debug_str     0x0001c006      0x263 out/libs/sapi/src/sapi_uart.o
                              0x18921 (size before relaxing)

.comment        0x00000000       0x6e
 .comment       0x00000000       0x6e out/app/src/checkState.o
                                 0x6f (size before relaxing)
 .comment       0x0000006e       0x6f out/app/src/obtenerDatos.o
 .comment       0x0000006e       0x6f out/app/src/programa.o
 .comment       0x0000006e       0x6f out/app/src/stateMachine.o
 .comment       0x0000006e       0x6f out/libs/lpc_chip_43xx/src/chip_18xx_43xx.o
 .comment       0x0000006e       0x6f out/libs/lpc_chip_43xx/src/clock_18xx_43xx.o
 .comment       0x0000006e       0x6f out/libs/lpc_chip_43xx/src/fpu_init.o
 .comment       0x0000006e       0x6f out/libs/lpc_chip_43xx/src/gpio_18xx_43xx.o
 .comment       0x0000006e       0x6f out/libs/lpc_chip_43xx/src/i2c_18xx_43xx.o
 .comment       0x0000006e       0x6f out/libs/lpc_chip_43xx/src/i2cm_18xx_43xx.o
 .comment       0x0000006e       0x6f out/libs/lpc_chip_43xx/src/sysinit_18xx_43xx.o
 .comment       0x0000006e       0x6f out/libs/lpc_chip_43xx/src/uart_18xx_43xx.o
 .comment       0x0000006e       0x6f out/libs/lpc_board_ciaa_edu_4337/src/board.o
 .comment       0x0000006e       0x6f out/libs/lpc_board_ciaa_edu_4337/src/board_sysinit.o
 .comment       0x0000006e       0x6f out/libs/lpc_board_ciaa_edu_4337/src/cr_startup_lpc43xx.o
 .comment       0x0000006e       0x6f out/libs/lpc_board_ciaa_edu_4337/src/crp.o
 .comment       0x0000006e       0x6f out/libs/lpc_board_ciaa_edu_4337/src/sysinit.o
 .comment       0x0000006e       0x6f out/libs/sapi/src/sapi_board.o
 .comment       0x0000006e       0x6f out/libs/sapi/src/sapi_datatypes.o
 .comment       0x0000006e       0x6f out/libs/sapi/src/sapi_gpio.o
 .comment       0x0000006e       0x6f out/libs/sapi/src/sapi_i2c.o
 .comment       0x0000006e       0x6f out/libs/sapi/src/sapi_tick.o
 .comment       0x0000006e       0x6f out/libs/sapi/src/sapi_timer.o
 .comment       0x0000006e       0x6f out/libs/sapi/src/sapi_uart.o

.ARM.attributes
                0x00000000       0x37
 .ARM.attributes
                0x00000000       0x39 out/app/src/checkState.o
 .ARM.attributes
                0x00000039       0x39 out/app/src/obtenerDatos.o
 .ARM.attributes
                0x00000072       0x39 out/app/src/programa.o
 .ARM.attributes
                0x000000ab       0x39 out/app/src/stateMachine.o
 .ARM.attributes
                0x000000e4       0x39 out/libs/lpc_chip_43xx/src/chip_18xx_43xx.o
 .ARM.attributes
                0x0000011d       0x39 out/libs/lpc_chip_43xx/src/clock_18xx_43xx.o
 .ARM.attributes
                0x00000156       0x39 out/libs/lpc_chip_43xx/src/fpu_init.o
 .ARM.attributes
                0x0000018f       0x39 out/libs/lpc_chip_43xx/src/gpio_18xx_43xx.o
 .ARM.attributes
                0x000001c8       0x39 out/libs/lpc_chip_43xx/src/i2c_18xx_43xx.o
 .ARM.attributes
                0x00000201       0x39 out/libs/lpc_chip_43xx/src/i2cm_18xx_43xx.o
 .ARM.attributes
                0x0000023a       0x39 out/libs/lpc_chip_43xx/src/sysinit_18xx_43xx.o
 .ARM.attributes
                0x00000273       0x39 out/libs/lpc_chip_43xx/src/uart_18xx_43xx.o
 .ARM.attributes
                0x000002ac       0x39 out/libs/lpc_board_ciaa_edu_4337/src/board.o
 .ARM.attributes
                0x000002e5       0x39 out/libs/lpc_board_ciaa_edu_4337/src/board_sysinit.o
 .ARM.attributes
                0x0000031e       0x39 out/libs/lpc_board_ciaa_edu_4337/src/cr_startup_lpc43xx.o
 .ARM.attributes
                0x00000357       0x39 out/libs/lpc_board_ciaa_edu_4337/src/crp.o
 .ARM.attributes
                0x00000390       0x39 out/libs/lpc_board_ciaa_edu_4337/src/sysinit.o
 .ARM.attributes
                0x000003c9       0x39 out/libs/sapi/src/sapi_board.o
 .ARM.attributes
                0x00000402       0x39 out/libs/sapi/src/sapi_datatypes.o
 .ARM.attributes
                0x0000043b       0x39 out/libs/sapi/src/sapi_gpio.o
 .ARM.attributes
                0x00000474       0x39 out/libs/sapi/src/sapi_i2c.o
 .ARM.attributes
                0x000004ad       0x39 out/libs/sapi/src/sapi_tick.o
 .ARM.attributes
                0x000004e6       0x39 out/libs/sapi/src/sapi_timer.o
 .ARM.attributes
                0x0000051f       0x39 out/libs/sapi/src/sapi_uart.o
 .ARM.attributes
                0x00000558       0x22 c:/program files (x86)/gnu tools arm embedded/5.4 2016q3/bin/../lib/gcc/arm-none-eabi/5.4.1/armv7e-m/fpu\libgcc.a(_aeabi_uldivmod.o)
 .ARM.attributes
                0x0000057a       0x34 c:/program files (x86)/gnu tools arm embedded/5.4 2016q3/bin/../lib/gcc/arm-none-eabi/5.4.1/armv7e-m/fpu\libgcc.a(_udivmoddi4.o)
 .ARM.attributes
                0x000005ae       0x22 c:/program files (x86)/gnu tools arm embedded/5.4 2016q3/bin/../lib/gcc/arm-none-eabi/5.4.1/armv7e-m/fpu\libgcc.a(_dvmd_tls.o)
 .ARM.attributes
                0x000005d0       0x34 c:/program files (x86)/gnu tools arm embedded/5.4 2016q3/bin/../lib/gcc/arm-none-eabi/5.4.1/../../../../arm-none-eabi/lib/armv7e-m/fpu\libc_nano.a(lib_a-memset.o)

.debug_frame    0x00000000     0x1210
 .debug_frame   0x00000000       0x44 out/app/src/checkState.o
 .debug_frame   0x00000044       0x30 out/app/src/obtenerDatos.o
 .debug_frame   0x00000074       0x40 out/app/src/programa.o
 .debug_frame   0x000000b4       0x28 out/app/src/stateMachine.o
 .debug_frame   0x000000dc       0x70 out/libs/lpc_chip_43xx/src/chip_18xx_43xx.o
 .debug_frame   0x0000014c      0x30c out/libs/lpc_chip_43xx/src/clock_18xx_43xx.o
 .debug_frame   0x00000458       0x28 out/libs/lpc_chip_43xx/src/fpu_init.o
 .debug_frame   0x00000480       0x88 out/libs/lpc_chip_43xx/src/gpio_18xx_43xx.o
 .debug_frame   0x00000508      0x260 out/libs/lpc_chip_43xx/src/i2c_18xx_43xx.o
 .debug_frame   0x00000768       0xec out/libs/lpc_chip_43xx/src/i2cm_18xx_43xx.o
 .debug_frame   0x00000854       0x7c out/libs/lpc_chip_43xx/src/sysinit_18xx_43xx.o
 .debug_frame   0x000008d0      0x1ec out/libs/lpc_chip_43xx/src/uart_18xx_43xx.o
 .debug_frame   0x00000abc      0x138 out/libs/lpc_board_ciaa_edu_4337/src/board.o
 .debug_frame   0x00000bf4       0x5c out/libs/lpc_board_ciaa_edu_4337/src/board_sysinit.o
 .debug_frame   0x00000c50       0xf4 out/libs/lpc_board_ciaa_edu_4337/src/cr_startup_lpc43xx.o
 .debug_frame   0x00000d44       0x28 out/libs/lpc_board_ciaa_edu_4337/src/sysinit.o
 .debug_frame   0x00000d6c       0x28 out/libs/sapi/src/sapi_board.o
 .debug_frame   0x00000d94       0x20 out/libs/sapi/src/sapi_datatypes.o
 .debug_frame   0x00000db4       0xa0 out/libs/sapi/src/sapi_gpio.o
 .debug_frame   0x00000e54       0xe0 out/libs/sapi/src/sapi_i2c.o
 .debug_frame   0x00000f34       0x60 out/libs/sapi/src/sapi_tick.o
 .debug_frame   0x00000f94      0x124 out/libs/sapi/src/sapi_timer.o
 .debug_frame   0x000010b8       0xd8 out/libs/sapi/src/sapi_uart.o
 .debug_frame   0x00001190       0x2c c:/program files (x86)/gnu tools arm embedded/5.4 2016q3/bin/../lib/gcc/arm-none-eabi/5.4.1/armv7e-m/fpu\libgcc.a(_aeabi_uldivmod.o)
 .debug_frame   0x000011bc       0x34 c:/program files (x86)/gnu tools arm embedded/5.4 2016q3/bin/../lib/gcc/arm-none-eabi/5.4.1/armv7e-m/fpu\libgcc.a(_udivmoddi4.o)
 .debug_frame   0x000011f0       0x20 c:/program files (x86)/gnu tools arm embedded/5.4 2016q3/bin/../lib/gcc/arm-none-eabi/5.4.1/../../../../arm-none-eabi/lib/armv7e-m/fpu\libc_nano.a(lib_a-memset.o)

Cross Reference Table

Symbol                                            File
ADC0_IRQHandler                                   out/libs/lpc_board_ciaa_edu_4337/src/cr_startup_lpc43xx.o
ADC1_IRQHandler                                   out/libs/lpc_board_ciaa_edu_4337/src/cr_startup_lpc43xx.o
ADCHS_IRQHandler                                  out/libs/lpc_board_ciaa_edu_4337/src/cr_startup_lpc43xx.o
ATIMER_IRQHandler                                 out/libs/lpc_board_ciaa_edu_4337/src/cr_startup_lpc43xx.o
Board_DAC_Init                                    out/libs/lpc_board_ciaa_edu_4337/src/board.o
Board_Debug_Init                                  out/libs/lpc_board_ciaa_edu_4337/src/board.o
Board_ENET_GetMacADDR                             out/libs/lpc_board_ciaa_edu_4337/src/board.o
Board_I2C_Init                                    out/libs/lpc_board_ciaa_edu_4337/src/board.o
Board_Init                                        out/libs/lpc_board_ciaa_edu_4337/src/board.o
                                                  out/libs/sapi/src/sapi_board.o
Board_LED_Set                                     out/libs/lpc_board_ciaa_edu_4337/src/board.o
Board_LED_Test                                    out/libs/lpc_board_ciaa_edu_4337/src/board.o
Board_LED_Toggle                                  out/libs/lpc_board_ciaa_edu_4337/src/board.o
Board_SDMMC_Init                                  out/libs/lpc_board_ciaa_edu_4337/src/board.o
Board_SSP_Init                                    out/libs/lpc_board_ciaa_edu_4337/src/board.o
Board_SetupClocking                               out/libs/lpc_board_ciaa_edu_4337/src/board_sysinit.o
Board_SetupMuxing                                 out/libs/lpc_board_ciaa_edu_4337/src/board_sysinit.o
Board_SystemInit                                  out/libs/lpc_board_ciaa_edu_4337/src/board_sysinit.o
                                                  out/libs/lpc_board_ciaa_edu_4337/src/sysinit.o
Board_UARTGetChar                                 out/libs/lpc_board_ciaa_edu_4337/src/board.o
                                                  out/libs/lpc_board_ciaa_edu_4337/src/system.o
Board_UARTPutChar                                 out/libs/lpc_board_ciaa_edu_4337/src/board.o
                                                  out/libs/lpc_board_ciaa_edu_4337/src/system.o
Board_UARTPutSTR                                  out/libs/lpc_board_ciaa_edu_4337/src/board.o
Board_UART_Init                                   out/libs/lpc_board_ciaa_edu_4337/src/board.o
BusFault_Handler                                  out/libs/lpc_board_ciaa_edu_4337/src/cr_startup_lpc43xx.o
CAN0_IRQHandler                                   out/libs/lpc_board_ciaa_edu_4337/src/cr_startup_lpc43xx.o
CAN1_IRQHandler                                   out/libs/lpc_board_ciaa_edu_4337/src/cr_startup_lpc43xx.o
CRP_WORD                                          out/libs/lpc_board_ciaa_edu_4337/src/crp.o
Chip_ADC_DeInit                                   out/libs/lpc_chip_43xx/src/adc_18xx_43xx.o
                                                  out/libs/sapi/src/sapi_adc.o
Chip_ADC_EnableChannel                            out/libs/lpc_chip_43xx/src/adc_18xx_43xx.o
                                                  out/libs/sapi/src/sapi_adc.o
Chip_ADC_Init                                     out/libs/lpc_chip_43xx/src/adc_18xx_43xx.o
                                                  out/libs/sapi/src/sapi_adc.o
Chip_ADC_Int_SetChannelCmd                        out/libs/lpc_chip_43xx/src/adc_18xx_43xx.o
                                                  out/libs/sapi/src/sapi_adc.o
Chip_ADC_ReadByte                                 out/libs/lpc_chip_43xx/src/adc_18xx_43xx.o
Chip_ADC_ReadStatus                               out/libs/lpc_chip_43xx/src/adc_18xx_43xx.o
                                                  out/libs/sapi/src/sapi_adc.o
Chip_ADC_ReadValue                                out/libs/lpc_chip_43xx/src/adc_18xx_43xx.o
                                                  out/libs/sapi/src/sapi_adc.o
Chip_ADC_SetBurstCmd                              out/libs/lpc_chip_43xx/src/adc_18xx_43xx.o
                                                  out/libs/sapi/src/sapi_adc.o
Chip_ADC_SetResolution                            out/libs/lpc_chip_43xx/src/adc_18xx_43xx.o
Chip_ADC_SetSampleRate                            out/libs/lpc_chip_43xx/src/adc_18xx_43xx.o
                                                  out/libs/sapi/src/sapi_adc.o
Chip_ADC_SetStartMode                             out/libs/lpc_chip_43xx/src/adc_18xx_43xx.o
                                                  out/libs/sapi/src/sapi_adc.o
Chip_AES_Config_DMA                               out/libs/lpc_chip_43xx/src/aes_18xx_43xx.o
Chip_AES_GetStatusDMA                             out/libs/lpc_chip_43xx/src/aes_18xx_43xx.o
Chip_AES_Init                                     out/libs/lpc_chip_43xx/src/aes_18xx_43xx.o
Chip_AES_LoadIV_IC                                out/libs/lpc_chip_43xx/src/aes_18xx_43xx.o
Chip_AES_LoadIV_SW                                out/libs/lpc_chip_43xx/src/aes_18xx_43xx.o
Chip_AES_LoadKey                                  out/libs/lpc_chip_43xx/src/aes_18xx_43xx.o
Chip_AES_LoadKeyRNG                               out/libs/lpc_chip_43xx/src/aes_18xx_43xx.o
Chip_AES_LoadKeySW                                out/libs/lpc_chip_43xx/src/aes_18xx_43xx.o
Chip_AES_Operate                                  out/libs/lpc_chip_43xx/src/aes_18xx_43xx.o
Chip_AES_OperateDMA                               out/libs/lpc_chip_43xx/src/aes_18xx_43xx.o
Chip_AES_ProgramKey                               out/libs/lpc_chip_43xx/src/aes_18xx_43xx.o
Chip_AES_SetMode                                  out/libs/lpc_chip_43xx/src/aes_18xx_43xx.o
Chip_ATIMER_DeInit                                out/libs/lpc_chip_43xx/src/atimer_18xx_43xx.o
Chip_ATIMER_Init                                  out/libs/lpc_chip_43xx/src/atimer_18xx_43xx.o
Chip_CCAN_AddReceiveID                            out/libs/lpc_chip_43xx/src/ccan_18xx_43xx.o
Chip_CCAN_ClearStatus                             out/libs/lpc_chip_43xx/src/ccan_18xx_43xx.o
Chip_CCAN_DeInit                                  out/libs/lpc_chip_43xx/src/ccan_18xx_43xx.o
Chip_CCAN_DeleteReceiveID                         out/libs/lpc_chip_43xx/src/ccan_18xx_43xx.o
Chip_CCAN_GetMsgObject                            out/libs/lpc_chip_43xx/src/ccan_18xx_43xx.o
Chip_CCAN_Init                                    out/libs/lpc_chip_43xx/src/ccan_18xx_43xx.o
Chip_CCAN_Send                                    out/libs/lpc_chip_43xx/src/ccan_18xx_43xx.o
Chip_CCAN_SetBitRate                              out/libs/lpc_chip_43xx/src/ccan_18xx_43xx.o
Chip_CCAN_SetMsgObject                            out/libs/lpc_chip_43xx/src/ccan_18xx_43xx.o
Chip_CCAN_SetValidMsg                             out/libs/lpc_chip_43xx/src/ccan_18xx_43xx.o
Chip_CCAN_TransferMsgObject                       out/libs/lpc_chip_43xx/src/ccan_18xx_43xx.o
Chip_Clock_CalcMainPLLValue                       out/libs/lpc_chip_43xx/src/clock_18xx_43xx.o
                                                  out/libs/lpc_chip_43xx/src/sysinit_18xx_43xx.o
Chip_Clock_ClearPowerDown                         out/libs/lpc_chip_43xx/src/clock_18xx_43xx.o
Chip_Clock_Disable                                out/libs/lpc_chip_43xx/src/clock_18xx_43xx.o
                                                  out/libs/lpc_chip_43xx/src/uart_18xx_43xx.o
                                                  out/libs/lpc_chip_43xx/src/timer_18xx_43xx.o
                                                  out/libs/lpc_chip_43xx/src/ssp_18xx_43xx.o
                                                  out/libs/lpc_chip_43xx/src/spi_18xx_43xx.o
                                                  out/libs/lpc_chip_43xx/src/sdif_18xx_43xx.o
                                                  out/libs/lpc_chip_43xx/src/sct_18xx_43xx.o
                                                  out/libs/lpc_chip_43xx/src/ritimer_18xx_43xx.o
                                                  out/libs/lpc_chip_43xx/src/lcd_18xx_43xx.o
                                                  out/libs/lpc_chip_43xx/src/i2s_18xx_43xx.o
                                                  out/libs/lpc_chip_43xx/src/i2cm_18xx_43xx.o
                                                  out/libs/lpc_chip_43xx/src/i2c_18xx_43xx.o
                                                  out/libs/lpc_chip_43xx/src/hsadc_18xx_43xx.o
                                                  out/libs/lpc_chip_43xx/src/gpdma_18xx_43xx.o
                                                  out/libs/lpc_chip_43xx/src/enet_18xx_43xx.o
                                                  out/libs/lpc_chip_43xx/src/dac_18xx_43xx.o
                                                  out/libs/lpc_chip_43xx/src/ccan_18xx_43xx.o
                                                  out/libs/lpc_chip_43xx/src/adc_18xx_43xx.o
Chip_Clock_DisableBaseClock                       out/libs/lpc_chip_43xx/src/clock_18xx_43xx.o
Chip_Clock_DisableCrystal                         out/libs/lpc_chip_43xx/src/clock_18xx_43xx.o
Chip_Clock_DisablePLL                             out/libs/lpc_chip_43xx/src/clock_18xx_43xx.o
Chip_Clock_Enable                                 out/libs/lpc_chip_43xx/src/clock_18xx_43xx.o
                                                  out/libs/lpc_chip_43xx/src/timer_18xx_43xx.o
                                                  out/libs/lpc_chip_43xx/src/ssp_18xx_43xx.o
                                                  out/libs/lpc_chip_43xx/src/spi_18xx_43xx.o
                                                  out/libs/lpc_chip_43xx/src/i2s_18xx_43xx.o
                                                  out/libs/lpc_chip_43xx/src/i2cm_18xx_43xx.o
                                                  out/libs/lpc_chip_43xx/src/i2c_18xx_43xx.o
                                                  out/libs/lpc_chip_43xx/src/hsadc_18xx_43xx.o
Chip_Clock_EnableBaseClock                        out/libs/lpc_chip_43xx/src/clock_18xx_43xx.o
                                                  out/libs/lpc_chip_43xx/src/chip_18xx_43xx.o
Chip_Clock_EnableCrystal                          out/libs/lpc_chip_43xx/src/clock_18xx_43xx.o
                                                  out/libs/lpc_chip_43xx/src/sysinit_18xx_43xx.o
Chip_Clock_EnableOpts                             out/libs/lpc_chip_43xx/src/clock_18xx_43xx.o
                                                  out/libs/lpc_chip_43xx/src/uart_18xx_43xx.o
                                                  out/libs/lpc_chip_43xx/src/sdif_18xx_43xx.o
                                                  out/libs/lpc_chip_43xx/src/sct_18xx_43xx.o
                                                  out/libs/lpc_chip_43xx/src/ritimer_18xx_43xx.o
                                                  out/libs/lpc_chip_43xx/src/lcd_18xx_43xx.o
                                                  out/libs/lpc_chip_43xx/src/hsadc_18xx_43xx.o
                                                  out/libs/lpc_chip_43xx/src/gpdma_18xx_43xx.o
                                                  out/libs/lpc_chip_43xx/src/enet_18xx_43xx.o
                                                  out/libs/lpc_chip_43xx/src/dac_18xx_43xx.o
                                                  out/libs/lpc_chip_43xx/src/chip_18xx_43xx.o
                                                  out/libs/lpc_chip_43xx/src/ccan_18xx_43xx.o
                                                  out/libs/lpc_chip_43xx/src/adc_18xx_43xx.o
Chip_Clock_EnablePLL                              out/libs/lpc_chip_43xx/src/clock_18xx_43xx.o
                                                  out/libs/lpc_chip_43xx/src/chip_18xx_43xx.o
Chip_Clock_GetBaseClock                           out/libs/lpc_chip_43xx/src/clock_18xx_43xx.o
Chip_Clock_GetBaseClockOpts                       out/libs/lpc_chip_43xx/src/clock_18xx_43xx.o
Chip_Clock_GetBaseClocktHz                        out/libs/lpc_chip_43xx/src/clock_18xx_43xx.o
                                                  out/libs/lpc_chip_43xx/src/sdmmc_18xx_43xx.o
                                                  out/libs/lpc_chip_43xx/src/sdio_18xx_43xx.o
Chip_Clock_GetClockInputHz                        out/libs/lpc_chip_43xx/src/clock_18xx_43xx.o
                                                  out/libs/lpc_chip_43xx/src/chip_18xx_43xx.o
Chip_Clock_GetDividerDivisor                      out/libs/lpc_chip_43xx/src/clock_18xx_43xx.o
Chip_Clock_GetDividerSource                       out/libs/lpc_chip_43xx/src/clock_18xx_43xx.o
Chip_Clock_GetEMCRate                             out/libs/lpc_chip_43xx/src/clock_18xx_43xx.o
                                                  out/libs/lpc_chip_43xx/src/emc_18xx_43xx.o
Chip_Clock_GetMainPLLHz                           out/libs/lpc_chip_43xx/src/clock_18xx_43xx.o
Chip_Clock_GetPLLStatus                           out/libs/lpc_chip_43xx/src/clock_18xx_43xx.o
                                                  out/libs/lpc_chip_43xx/src/chip_18xx_43xx.o
Chip_Clock_GetRate                                out/libs/lpc_chip_43xx/src/clock_18xx_43xx.o
                                                  out/libs/lpc_chip_43xx/src/uart_18xx_43xx.o
                                                  out/libs/lpc_chip_43xx/src/stopwatch_18xx_43xx.o
                                                  out/libs/lpc_chip_43xx/src/ssp_18xx_43xx.o
                                                  out/libs/lpc_chip_43xx/src/spi_18xx_43xx.o
                                                  out/libs/lpc_chip_43xx/src/sct_pwm_18xx_43xx.o
                                                  out/libs/lpc_chip_43xx/src/ritimer_18xx_43xx.o
                                                  out/libs/lpc_chip_43xx/src/i2s_18xx_43xx.o
                                                  out/libs/lpc_chip_43xx/src/i2cm_18xx_43xx.o
                                                  out/libs/lpc_chip_43xx/src/i2c_18xx_43xx.o
                                                  out/libs/lpc_chip_43xx/src/hsadc_18xx_43xx.o
                                                  out/libs/lpc_chip_43xx/src/eeprom_18xx_43xx.o
                                                  out/libs/lpc_chip_43xx/src/chip_18xx_43xx.o
                                                  out/libs/lpc_chip_43xx/src/ccan_18xx_43xx.o
                                                  out/libs/lpc_chip_43xx/src/adc_18xx_43xx.o
Chip_Clock_IsBaseClockEnabled                     out/libs/lpc_chip_43xx/src/clock_18xx_43xx.o
Chip_Clock_RTCEnable                              out/libs/lpc_chip_43xx/src/clock_18xx_43xx.o
                                                  out/libs/lpc_chip_43xx/src/rtc_18xx_43xx.o
Chip_Clock_SetBaseClock                           out/libs/lpc_chip_43xx/src/clock_18xx_43xx.o
                                                  out/libs/lpc_board_ciaa_edu_4337/src/board_sysinit.o
                                                  out/libs/lpc_chip_43xx/src/sysinit_18xx_43xx.o
                                                  out/libs/lpc_chip_43xx/src/chip_18xx_43xx.o
Chip_Clock_SetDivider                             out/libs/lpc_chip_43xx/src/clock_18xx_43xx.o
                                                  out/libs/lpc_chip_43xx/src/chip_18xx_43xx.o
Chip_Clock_SetupMainPLLHz                         out/libs/lpc_chip_43xx/src/clock_18xx_43xx.o
Chip_Clock_SetupMainPLLMult                       out/libs/lpc_chip_43xx/src/clock_18xx_43xx.o
Chip_Clock_SetupPLL                               out/libs/lpc_chip_43xx/src/clock_18xx_43xx.o
                                                  out/libs/lpc_chip_43xx/src/chip_18xx_43xx.o
Chip_Clock_StartPowerDown                         out/libs/lpc_chip_43xx/src/clock_18xx_43xx.o
Chip_DAC_DeInit                                   out/libs/lpc_chip_43xx/src/dac_18xx_43xx.o
                                                  out/libs/sapi/src/sapi_dac.o
Chip_DAC_Init                                     out/libs/lpc_chip_43xx/src/dac_18xx_43xx.o
                                                  out/libs/sapi/src/sapi_dac.o
Chip_DAC_SetBias                                  out/libs/lpc_chip_43xx/src/dac_18xx_43xx.o
Chip_DAC_UpdateValue                              out/libs/lpc_chip_43xx/src/dac_18xx_43xx.o
                                                  out/libs/sapi/src/sapi_dac.o
Chip_EEPROM_EraseProgramPage                      out/libs/lpc_chip_43xx/src/eeprom_18xx_43xx.o
Chip_EEPROM_Init                                  out/libs/lpc_chip_43xx/src/eeprom_18xx_43xx.o
Chip_EEPROM_WaitForIntStatus                      out/libs/lpc_chip_43xx/src/eeprom_18xx_43xx.o
Chip_EMC_Dynamic_Enable                           out/libs/lpc_chip_43xx/src/emc_18xx_43xx.o
Chip_EMC_Dynamic_Init                             out/libs/lpc_chip_43xx/src/emc_18xx_43xx.o
Chip_EMC_Enable                                   out/libs/lpc_chip_43xx/src/emc_18xx_43xx.o
Chip_EMC_Init                                     out/libs/lpc_chip_43xx/src/emc_18xx_43xx.o
Chip_EMC_LowPowerMode                             out/libs/lpc_chip_43xx/src/emc_18xx_43xx.o
Chip_EMC_Mirror                                   out/libs/lpc_chip_43xx/src/emc_18xx_43xx.o
Chip_EMC_Static_Init                              out/libs/lpc_chip_43xx/src/emc_18xx_43xx.o
Chip_ENET_DeInit                                  out/libs/lpc_chip_43xx/src/enet_18xx_43xx.o
Chip_ENET_Init                                    out/libs/lpc_chip_43xx/src/enet_18xx_43xx.o
Chip_ENET_SetDuplex                               out/libs/lpc_chip_43xx/src/enet_18xx_43xx.o
Chip_ENET_SetSpeed                                out/libs/lpc_chip_43xx/src/enet_18xx_43xx.o
Chip_ENET_SetupMII                                out/libs/lpc_chip_43xx/src/enet_18xx_43xx.o
Chip_ENET_StartMIIRead                            out/libs/lpc_chip_43xx/src/enet_18xx_43xx.o
Chip_ENET_StartMIIWrite                           out/libs/lpc_chip_43xx/src/enet_18xx_43xx.o
Chip_EVRT_ConfigIntSrcActiveType                  out/libs/lpc_chip_43xx/src/evrt_18xx_43xx.o
Chip_EVRT_Init                                    out/libs/lpc_chip_43xx/src/evrt_18xx_43xx.o
Chip_EVRT_IsSourceInterrupting                    out/libs/lpc_chip_43xx/src/evrt_18xx_43xx.o
Chip_EVRT_SetUpIntSrc                             out/libs/lpc_chip_43xx/src/evrt_18xx_43xx.o
Chip_GPDMA_ChannelCmd                             out/libs/lpc_chip_43xx/src/gpdma_18xx_43xx.o
Chip_GPDMA_ClearIntPending                        out/libs/lpc_chip_43xx/src/gpdma_18xx_43xx.o
Chip_GPDMA_DeInit                                 out/libs/lpc_chip_43xx/src/gpdma_18xx_43xx.o
Chip_GPDMA_GetFreeChannel                         out/libs/lpc_chip_43xx/src/gpdma_18xx_43xx.o
Chip_GPDMA_Init                                   out/libs/lpc_chip_43xx/src/gpdma_18xx_43xx.o
Chip_GPDMA_InitChannelCfg                         out/libs/lpc_chip_43xx/src/gpdma_18xx_43xx.o
Chip_GPDMA_IntGetStatus                           out/libs/lpc_chip_43xx/src/gpdma_18xx_43xx.o
Chip_GPDMA_Interrupt                              out/libs/lpc_chip_43xx/src/gpdma_18xx_43xx.o
Chip_GPDMA_PrepareDescriptor                      out/libs/lpc_chip_43xx/src/gpdma_18xx_43xx.o
Chip_GPDMA_SGTransfer                             out/libs/lpc_chip_43xx/src/gpdma_18xx_43xx.o
Chip_GPDMA_Stop                                   out/libs/lpc_chip_43xx/src/gpdma_18xx_43xx.o
Chip_GPDMA_Transfer                               out/libs/lpc_chip_43xx/src/gpdma_18xx_43xx.o
Chip_GPIO_DeInit                                  out/libs/lpc_chip_43xx/src/gpio_18xx_43xx.o
Chip_GPIO_Init                                    out/libs/lpc_chip_43xx/src/gpio_18xx_43xx.o
                                                  out/libs/sapi/src/sapi_gpio.o
                                                  out/libs/lpc_board_ciaa_edu_4337/src/board.o
Chip_GPIO_SetDir                                  out/libs/lpc_chip_43xx/src/gpio_18xx_43xx.o
                                                  out/libs/sapi/src/sapi_gpio.o
Chip_GPIO_SetPinDIR                               out/libs/lpc_chip_43xx/src/gpio_18xx_43xx.o
Chip_GPIO_SetPortDIR                              out/libs/lpc_chip_43xx/src/gpio_18xx_43xx.o
Chip_GPIO_WriteDirBit                             out/libs/lpc_chip_43xx/src/gpio_18xx_43xx.o
Chip_HSADC_DeInit                                 out/libs/lpc_chip_43xx/src/hsadc_18xx_43xx.o
Chip_HSADC_Init                                   out/libs/lpc_chip_43xx/src/hsadc_18xx_43xx.o
Chip_HSADC_SetACDCBias                            out/libs/lpc_chip_43xx/src/hsadc_18xx_43xx.o
Chip_HSADC_SetPowerSpeed                          out/libs/lpc_chip_43xx/src/hsadc_18xx_43xx.o
Chip_HSADC_SetSpeed                               out/libs/lpc_chip_43xx/src/hsadc_18xx_43xx.o
Chip_HSADC_SetThrHighValue                        out/libs/lpc_chip_43xx/src/hsadc_18xx_43xx.o
Chip_HSADC_SetThrLowValue                         out/libs/lpc_chip_43xx/src/hsadc_18xx_43xx.o
Chip_HSADC_SetupFIFO                              out/libs/lpc_chip_43xx/src/hsadc_18xx_43xx.o
Chip_I2CM_DeInit                                  out/libs/lpc_chip_43xx/src/i2cm_18xx_43xx.o
Chip_I2CM_Init                                    out/libs/lpc_chip_43xx/src/i2cm_18xx_43xx.o
Chip_I2CM_Read                                    out/libs/lpc_chip_43xx/src/i2cm_18xx_43xx.o
Chip_I2CM_SetBusSpeed                             out/libs/lpc_chip_43xx/src/i2cm_18xx_43xx.o
Chip_I2CM_Write                                   out/libs/lpc_chip_43xx/src/i2cm_18xx_43xx.o
Chip_I2CM_Xfer                                    out/libs/lpc_chip_43xx/src/i2cm_18xx_43xx.o
Chip_I2CM_XferBlocking                            out/libs/lpc_chip_43xx/src/i2cm_18xx_43xx.o
                                                  out/libs/sapi/src/sapi_i2c.o
Chip_I2CM_XferHandler                             out/libs/lpc_chip_43xx/src/i2cm_18xx_43xx.o
Chip_I2C_DeInit                                   out/libs/lpc_chip_43xx/src/i2c_18xx_43xx.o
Chip_I2C_Disable                                  out/libs/lpc_chip_43xx/src/i2c_18xx_43xx.o
Chip_I2C_EventHandler                             out/libs/lpc_chip_43xx/src/i2c_18xx_43xx.o
Chip_I2C_EventHandlerPolling                      out/libs/lpc_chip_43xx/src/i2c_18xx_43xx.o
                                                  out/libs/sapi/src/sapi_i2c.o
Chip_I2C_GetClockRate                             out/libs/lpc_chip_43xx/src/i2c_18xx_43xx.o
Chip_I2C_GetMasterEventHandler                    out/libs/lpc_chip_43xx/src/i2c_18xx_43xx.o
Chip_I2C_Init                                     out/libs/lpc_chip_43xx/src/i2c_18xx_43xx.o
                                                  out/libs/sapi/src/sapi_i2c.o
Chip_I2C_IsMasterActive                           out/libs/lpc_chip_43xx/src/i2c_18xx_43xx.o
Chip_I2C_IsStateChanged                           out/libs/lpc_chip_43xx/src/i2c_18xx_43xx.o
Chip_I2C_MasterCmdRead                            out/libs/lpc_chip_43xx/src/i2c_18xx_43xx.o
Chip_I2C_MasterRead                               out/libs/lpc_chip_43xx/src/i2c_18xx_43xx.o
Chip_I2C_MasterSend                               out/libs/lpc_chip_43xx/src/i2c_18xx_43xx.o
Chip_I2C_MasterStateHandler                       out/libs/lpc_chip_43xx/src/i2c_18xx_43xx.o
Chip_I2C_MasterTransfer                           out/libs/lpc_chip_43xx/src/i2c_18xx_43xx.o
Chip_I2C_SetClockRate                             out/libs/lpc_chip_43xx/src/i2c_18xx_43xx.o
                                                  out/libs/sapi/src/sapi_i2c.o
Chip_I2C_SetMasterEventHandler                    out/libs/lpc_chip_43xx/src/i2c_18xx_43xx.o
                                                  out/libs/sapi/src/sapi_i2c.o
Chip_I2C_SlaveSetup                               out/libs/lpc_chip_43xx/src/i2c_18xx_43xx.o
Chip_I2C_SlaveStateHandler                        out/libs/lpc_chip_43xx/src/i2c_18xx_43xx.o
Chip_I2S_DMA_RxCmd                                out/libs/lpc_chip_43xx/src/i2s_18xx_43xx.o
Chip_I2S_DMA_TxCmd                                out/libs/lpc_chip_43xx/src/i2s_18xx_43xx.o
Chip_I2S_DeInit                                   out/libs/lpc_chip_43xx/src/i2s_18xx_43xx.o
Chip_I2S_Init                                     out/libs/lpc_chip_43xx/src/i2s_18xx_43xx.o
Chip_I2S_Int_RxCmd                                out/libs/lpc_chip_43xx/src/i2s_18xx_43xx.o
Chip_I2S_Int_TxCmd                                out/libs/lpc_chip_43xx/src/i2s_18xx_43xx.o
Chip_I2S_RxConfig                                 out/libs/lpc_chip_43xx/src/i2s_18xx_43xx.o
Chip_I2S_TxConfig                                 out/libs/lpc_chip_43xx/src/i2s_18xx_43xx.o
Chip_IAP_BlankCheckSector                         out/libs/lpc_chip_43xx/src/iap_18xx_43xx.o
Chip_IAP_Compare                                  out/libs/lpc_chip_43xx/src/iap_18xx_43xx.o
Chip_IAP_CopyRamToFlash                           out/libs/lpc_chip_43xx/src/iap_18xx_43xx.o
Chip_IAP_ErasePage                                out/libs/lpc_chip_43xx/src/iap_18xx_43xx.o
Chip_IAP_EraseSector                              out/libs/lpc_chip_43xx/src/iap_18xx_43xx.o
Chip_IAP_PreSectorForReadWrite                    out/libs/lpc_chip_43xx/src/iap_18xx_43xx.o
Chip_IAP_ReadBootCode                             out/libs/lpc_chip_43xx/src/iap_18xx_43xx.o
Chip_IAP_ReadPID                                  out/libs/lpc_chip_43xx/src/iap_18xx_43xx.o
Chip_IAP_ReadUID                                  out/libs/lpc_chip_43xx/src/iap_18xx_43xx.o
Chip_IAP_ReinvokeISP                              out/libs/lpc_chip_43xx/src/iap_18xx_43xx.o
Chip_IAP_SetBootFlashBank                         out/libs/lpc_chip_43xx/src/iap_18xx_43xx.o
Chip_LCD_Cursor_Config                            out/libs/lpc_chip_43xx/src/lcd_18xx_43xx.o
Chip_LCD_Cursor_WriteImage                        out/libs/lpc_chip_43xx/src/lcd_18xx_43xx.o
Chip_LCD_DeInit                                   out/libs/lpc_chip_43xx/src/lcd_18xx_43xx.o
Chip_LCD_Init                                     out/libs/lpc_chip_43xx/src/lcd_18xx_43xx.o
Chip_LCD_LoadPalette                              out/libs/lpc_chip_43xx/src/lcd_18xx_43xx.o
Chip_OTP_GenRand                                  out/libs/lpc_chip_43xx/src/otp_18xx_43xx.o
Chip_OTP_Init                                     out/libs/lpc_chip_43xx/src/otp_18xx_43xx.o
Chip_OTP_ProgBootSrc                              out/libs/lpc_chip_43xx/src/otp_18xx_43xx.o
Chip_OTP_ProgGPWord                               out/libs/lpc_chip_43xx/src/otp_18xx_43xx.o
Chip_OTP_ProgJTAGDis                              out/libs/lpc_chip_43xx/src/otp_18xx_43xx.o
Chip_OTP_ProgKey                                  out/libs/lpc_chip_43xx/src/otp_18xx_43xx.o
Chip_OTP_ProgUSBID                                out/libs/lpc_chip_43xx/src/otp_18xx_43xx.o
Chip_PMC_Set_PwrState                             out/libs/lpc_chip_43xx/src/pmc_18xx_43xx.o
Chip_PMC_Sleep                                    out/libs/lpc_chip_43xx/src/pmc_18xx_43xx.o
Chip_RIT_DeInit                                   out/libs/lpc_chip_43xx/src/ritimer_18xx_43xx.o
Chip_RIT_GetIntStatus                             out/libs/lpc_chip_43xx/src/ritimer_18xx_43xx.o
Chip_RIT_Init                                     out/libs/lpc_chip_43xx/src/ritimer_18xx_43xx.o
Chip_RIT_SetTimerInterval                         out/libs/lpc_chip_43xx/src/ritimer_18xx_43xx.o
Chip_RTC_AlarmIntConfig                           out/libs/lpc_chip_43xx/src/rtc_18xx_43xx.o
Chip_RTC_CalibCounterCmd                          out/libs/lpc_chip_43xx/src/rtc_18xx_43xx.o
Chip_RTC_CntIncrIntConfig                         out/libs/lpc_chip_43xx/src/rtc_18xx_43xx.o
Chip_RTC_DeInit                                   out/libs/lpc_chip_43xx/src/rtc_18xx_43xx.o
Chip_RTC_EV_GetFirstTimeStamp                     out/libs/lpc_chip_43xx/src/rtc_18xx_43xx.o
Chip_RTC_EV_GetLastTimeStamp                      out/libs/lpc_chip_43xx/src/rtc_18xx_43xx.o
Chip_RTC_Enable                                   out/libs/lpc_chip_43xx/src/rtc_18xx_43xx.o
                                                  out/libs/fatfs_ssp/src/rtc.o
                                                  out/libs/sapi/src/sapi_rtc.o
Chip_RTC_GetFullAlarmTime                         out/libs/lpc_chip_43xx/src/rtc_18xx_43xx.o
Chip_RTC_GetFullTime                              out/libs/lpc_chip_43xx/src/rtc_18xx_43xx.o
                                                  out/libs/fatfs_ssp/src/rtc.o
                                                  out/libs/sapi/src/sapi_rtc.o
Chip_RTC_Init                                     out/libs/lpc_chip_43xx/src/rtc_18xx_43xx.o
                                                  out/libs/fatfs_ssp/src/rtc.o
                                                  out/libs/sapi/src/sapi_rtc.o
Chip_RTC_ResetClockTickCounter                    out/libs/lpc_chip_43xx/src/rtc_18xx_43xx.o
Chip_RTC_SetFullAlarmTime                         out/libs/lpc_chip_43xx/src/rtc_18xx_43xx.o
                                                  out/libs/fatfs_ssp/src/rtc.o
Chip_RTC_SetFullTime                              out/libs/lpc_chip_43xx/src/rtc_18xx_43xx.o
                                                  out/libs/sapi/src/sapi_rtc.o
Chip_SCTPWM_SetOutPin                             out/libs/lpc_chip_43xx/src/sct_pwm_18xx_43xx.o
                                                  out/libs/sapi/src/sapi_sct.o
Chip_SCTPWM_SetRate                               out/libs/lpc_chip_43xx/src/sct_pwm_18xx_43xx.o
                                                  out/libs/sapi/src/sapi_sct.o
Chip_SCT_DeInit                                   out/libs/lpc_chip_43xx/src/sct_18xx_43xx.o
Chip_SCT_Init                                     out/libs/lpc_chip_43xx/src/sct_18xx_43xx.o
                                                  out/libs/sapi/src/sapi_sct.o
Chip_SCT_SetClrControl                            out/libs/lpc_chip_43xx/src/sct_18xx_43xx.o
Chip_SCT_SetConflictResolution                    out/libs/lpc_chip_43xx/src/sct_18xx_43xx.o
Chip_SDIF_DeInit                                  out/libs/lpc_chip_43xx/src/sdif_18xx_43xx.o
Chip_SDIF_DmaSetup                                out/libs/lpc_chip_43xx/src/sdif_18xx_43xx.o
                                                  out/libs/lpc_chip_43xx/src/sdmmc_18xx_43xx.o
                                                  out/libs/lpc_chip_43xx/src/sdio_18xx_43xx.o
Chip_SDIF_GetResponse                             out/libs/lpc_chip_43xx/src/sdif_18xx_43xx.o
                                                  out/libs/lpc_chip_43xx/src/sdmmc_18xx_43xx.o
                                                  out/libs/lpc_chip_43xx/src/sdio_18xx_43xx.o
Chip_SDIF_Init                                    out/libs/lpc_chip_43xx/src/sdif_18xx_43xx.o
Chip_SDIF_SendCmd                                 out/libs/lpc_chip_43xx/src/sdif_18xx_43xx.o
                                                  out/libs/lpc_chip_43xx/src/sdmmc_18xx_43xx.o
                                                  out/libs/lpc_chip_43xx/src/sdio_18xx_43xx.o
Chip_SDIF_SetClearIntFifo                         out/libs/lpc_chip_43xx/src/sdif_18xx_43xx.o
                                                  out/libs/lpc_chip_43xx/src/sdmmc_18xx_43xx.o
Chip_SDIF_SetClock                                out/libs/lpc_chip_43xx/src/sdif_18xx_43xx.o
                                                  out/libs/lpc_chip_43xx/src/sdmmc_18xx_43xx.o
                                                  out/libs/lpc_chip_43xx/src/sdio_18xx_43xx.o
Chip_SDMMC_Acquire                                out/libs/lpc_chip_43xx/src/sdmmc_18xx_43xx.o
Chip_SDMMC_GetDeviceBlocks                        out/libs/lpc_chip_43xx/src/sdmmc_18xx_43xx.o
Chip_SDMMC_GetDeviceSize                          out/libs/lpc_chip_43xx/src/sdmmc_18xx_43xx.o
Chip_SDMMC_GetState                               out/libs/lpc_chip_43xx/src/sdmmc_18xx_43xx.o
Chip_SDMMC_ReadBlocks                             out/libs/lpc_chip_43xx/src/sdmmc_18xx_43xx.o
Chip_SDMMC_WriteBlocks                            out/libs/lpc_chip_43xx/src/sdmmc_18xx_43xx.o
Chip_SPI_DeInit                                   out/libs/lpc_chip_43xx/src/spi_18xx_43xx.o
Chip_SPI_Init                                     out/libs/lpc_chip_43xx/src/spi_18xx_43xx.o
Chip_SPI_Int_FlushData                            out/libs/lpc_chip_43xx/src/spi_18xx_43xx.o
Chip_SPI_Int_RWFrames                             out/libs/lpc_chip_43xx/src/spi_18xx_43xx.o
Chip_SPI_Int_RWFrames16Bits                       out/libs/lpc_chip_43xx/src/spi_18xx_43xx.o
Chip_SPI_Int_RWFrames8Bits                        out/libs/lpc_chip_43xx/src/spi_18xx_43xx.o
Chip_SPI_RWFrames_Blocking                        out/libs/lpc_chip_43xx/src/spi_18xx_43xx.o
Chip_SPI_SetBitRate                               out/libs/lpc_chip_43xx/src/spi_18xx_43xx.o
Chip_SSP_DeInit                                   out/libs/lpc_chip_43xx/src/ssp_18xx_43xx.o
Chip_SSP_Init                                     out/libs/lpc_chip_43xx/src/ssp_18xx_43xx.o
Chip_SSP_Int_FlushData                            out/libs/lpc_chip_43xx/src/ssp_18xx_43xx.o
Chip_SSP_Int_RWFrames16Bits                       out/libs/lpc_chip_43xx/src/ssp_18xx_43xx.o
Chip_SSP_Int_RWFrames8Bits                        out/libs/lpc_chip_43xx/src/ssp_18xx_43xx.o
Chip_SSP_RWFrames_Blocking                        out/libs/lpc_chip_43xx/src/ssp_18xx_43xx.o
                                                  out/libs/fatfs_ssp/src/mmc.o
Chip_SSP_ReadFrames_Blocking                      out/libs/lpc_chip_43xx/src/ssp_18xx_43xx.o
Chip_SSP_SetBitRate                               out/libs/lpc_chip_43xx/src/ssp_18xx_43xx.o
Chip_SSP_SetClockRate                             out/libs/lpc_chip_43xx/src/ssp_18xx_43xx.o
Chip_SSP_SetMaster                                out/libs/lpc_chip_43xx/src/ssp_18xx_43xx.o
Chip_SSP_WriteFrames_Blocking                     out/libs/lpc_chip_43xx/src/ssp_18xx_43xx.o
Chip_SetupCoreClock                               out/libs/lpc_chip_43xx/src/sysinit_18xx_43xx.o
                                                  out/libs/lpc_board_ciaa_edu_4337/src/board_sysinit.o
Chip_SetupIrcClocking                             out/libs/lpc_chip_43xx/src/sysinit_18xx_43xx.o
Chip_SetupXtalClocking                            out/libs/lpc_chip_43xx/src/sysinit_18xx_43xx.o
Chip_SystemInit                                   out/libs/lpc_chip_43xx/src/sysinit_18xx_43xx.o